[INFO] Scanning for projects...
[INFO] 
[INFO] -------------------------< com.samaksh:farms >--------------------------
[INFO] Building  0.0.1-SNAPSHOT
[INFO]   from pom.xml
[INFO] --------------------------------[ jar ]---------------------------------
[INFO] 
[INFO] >>> spring-boot:4.0.6:run (default-cli) > test-compile @ farms >>>
[INFO] 
[INFO] --- resources:3.3.1:resources (default-resources) @ farms ---
[INFO] Copying 3 resources from src\main\resources to target\classes
[INFO] Copying 0 resource from src\main\resources to target\classes
[INFO] 
[INFO] --- compiler:3.14.1:compile (default-compile) @ farms ---
[INFO] Nothing to compile - all classes are up to date.
[INFO] 
[INFO] --- resources:3.3.1:testResources (default-testResources) @ farms ---
[INFO] skip non existing resourceDirectory C:\San Docs\workspace\samkash-farm-api\src\test\resources
[INFO] 
[INFO] --- compiler:3.14.1:testCompile (default-testCompile) @ farms ---
[INFO] Nothing to compile - all classes are up to date.
[INFO] 
[INFO] <<< spring-boot:4.0.6:run (default-cli) < test-compile @ farms <<<
[INFO] 
[INFO] 
[INFO] --- spring-boot:4.0.6:run (default-cli) @ farms ---
[INFO] Attaching agents: []
Picked up JAVA_TOOL_OPTIONS: -Duser.timezone=Asia/Kolkata

  .   ____          _            __ _ _
 /\\ / ___'_ __ _ _(_)_ __  __ _ \ \ \ \
( ( )\___ | '_ | '_| | '_ \/ _` | \ \ \ \
 \\/  ___)| |_)| | | | | || (_| |  ) ) ) )
  '  |____| .__|_| |_|_| |_\__, | / / / /
 =========|_|==============|___/=/_/_/_/

 :: Spring Boot ::                (v4.0.6)

2026-08-11T00:33:47.049+05:30  INFO 26832 --- [samkash-farm-api] [           main] c.s.farms.SamkashFarmApiApplication      : Starting SamkashFarmApiApplication using Java 21.0.10 with PID 26832 (C:\San Docs\workspace\samkash-farm-api\target\classes started by santh in C:\San Docs\workspace\samkash-farm-api)
2026-08-11T00:33:47.053+05:30  INFO 26832 --- [samkash-farm-api] [           main] c.s.farms.SamkashFarmApiApplication      : No active profile set, falling back to 1 default profile: "default"
2026-08-11T00:33:48.022+05:30  INFO 26832 --- [samkash-farm-api] [           main] .s.d.r.c.RepositoryConfigurationDelegate : Bootstrapping Spring Data JPA repositories in DEFAULT mode.
2026-08-11T00:33:48.203+05:30  INFO 26832 --- [samkash-farm-api] [           main] .s.d.r.c.RepositoryConfigurationDelegate : Finished Spring Data repository scanning in 169 ms. Found 13 JPA repository interfaces.
2026-08-11T00:33:48.809+05:30  INFO 26832 --- [samkash-farm-api] [           main] o.s.boot.tomcat.TomcatWebServer          : Tomcat initialized with port 8080 (http)
2026-08-11T00:33:48.821+05:30  INFO 26832 --- [samkash-farm-api] [           main] o.apache.catalina.core.StandardService   : Starting service [Tomcat]
2026-08-11T00:33:48.821+05:30  INFO 26832 --- [samkash-farm-api] [           main] o.apache.catalina.core.StandardEngine    : Starting Servlet engine: [Apache Tomcat/11.0.21]
2026-08-11T00:33:48.887+05:30  INFO 26832 --- [samkash-farm-api] [           main] b.w.c.s.WebApplicationContextInitializer : Root WebApplicationContext: initialization completed in 1776 ms
2026-08-11T00:33:49.084+05:30  INFO 26832 --- [samkash-farm-api] [           main] org.hibernate.orm.jpa                    : HHH008540: Processing PersistenceUnitInfo [name: default]
2026-08-11T00:33:49.162+05:30  INFO 26832 --- [samkash-farm-api] [           main] org.hibernate.orm.core                   : HHH000001: Hibernate ORM core version 7.2.12.Final
2026-08-11T00:33:49.686+05:30  INFO 26832 --- [samkash-farm-api] [           main] o.s.o.j.p.SpringPersistenceUnitInfo      : No LoadTimeWeaver setup: ignoring JPA class transformer
2026-08-11T00:33:49.725+05:30  INFO 26832 --- [samkash-farm-api] [           main] com.zaxxer.hikari.HikariDataSource       : HikariPool-1 - Starting...
2026-08-11T00:33:52.785+05:30  INFO 26832 --- [samkash-farm-api] [           main] com.zaxxer.hikari.pool.HikariPool        : HikariPool-1 - Added connection org.postgresql.jdbc.PgConnection@c6bf8d9
2026-08-11T00:33:52.787+05:30  INFO 26832 --- [samkash-farm-api] [           main] com.zaxxer.hikari.HikariDataSource       : HikariPool-1 - Start completed.
2026-08-11T00:33:52.928+05:30  WARN 26832 --- [samkash-farm-api] [           main] org.hibernate.orm.deprecation            : HHH90000025: PostgreSQLDialect does not need to be specified explicitly using 'hibernate.dialect' (remove the property setting and it will be selected by default)
2026-08-11T00:33:53.285+05:30  INFO 26832 --- [samkash-farm-api] [           main] org.hibernate.orm.connections.pooling    : HHH10001005: Database info:
	Database JDBC URL [jdbc:postgresql://ep-sweet-tooth-aoobmjvm-pooler.c-2.ap-southeast-1.aws.neon.tech/neondb?sslmode=require&channel_binding=require]
	Database driver: PostgreSQL JDBC Driver
	Database dialect: PostgreSQLDialect
	Database version: 18.4
	Default catalog/schema: neondb/public
	Autocommit mode: undefined/unknown
	Isolation level: READ_COMMITTED [default READ_COMMITTED]
	JDBC fetch size: none
	Pool: DataSourceConnectionProvider
	Minimum pool size: undefined/unknown
	Maximum pool size: undefined/unknown
2026-08-11T00:33:54.492+05:30  INFO 26832 --- [samkash-farm-api] [           main] org.hibernate.orm.core                   : HHH000489: No JTA platform available (set 'hibernate.transaction.jta.platform' to enable JTA platform integration)
2026-08-11T00:33:57.987+05:30  WARN 26832 --- [samkash-farm-api] [           main] org.hibernate.orm.jdbc.warn              : HHH000247: ErrorCode: 0, SQLState: 00000
2026-08-11T00:33:57.988+05:30  WARN 26832 --- [samkash-farm-api] [           main] org.hibernate.orm.jdbc.warn              : constraint "ukjucpef1r7y2yfhx5gocsy2o7f" of relation "entitlements" does not exist, skipping
2026-08-11T00:33:58.511+05:30  WARN 26832 --- [samkash-farm-api] [           main] org.hibernate.orm.jdbc.warn              : HHH000247: ErrorCode: 0, SQLState: 00000
2026-08-11T00:33:58.514+05:30  WARN 26832 --- [samkash-farm-api] [           main] org.hibernate.orm.jdbc.warn              : constraint "uk9q63snka3mdh91as4io72espi" of relation "users" does not exist, skipping
2026-08-11T00:33:59.033+05:30  INFO 26832 --- [samkash-farm-api] [           main] j.LocalContainerEntityManagerFactoryBean : Initialized JPA EntityManagerFactory for persistence unit 'default'
2026-08-11T00:33:59.103+05:30  INFO 26832 --- [samkash-farm-api] [           main] o.s.d.j.r.query.QueryEnhancerFactories   : Hibernate is in classpath; If applicable, HQL parser will be used.
2026-08-11T00:34:00.776+05:30  WARN 26832 --- [samkash-farm-api] [           main] JpaBaseConfiguration$JpaWebConfiguration : spring.jpa.open-in-view is enabled by default. Therefore, database queries may be performed during view rendering. Explicitly configure spring.jpa.open-in-view to disable this warning
2026-08-11T00:34:00.883+05:30  WARN 26832 --- [samkash-farm-api] [           main] .s.a.UserDetailsServiceAutoConfiguration : 

Using generated security password: fa515e9a-9e88-4138-a1a2-bd4d9e111fce

This generated password is for development use only. Your security configuration must be updated before running your application in production.

2026-08-11T00:34:00.893+05:30  INFO 26832 --- [samkash-farm-api] [           main] r$InitializeUserDetailsManagerConfigurer : Global AuthenticationManager configured with UserDetailsService bean with name inMemoryUserDetailsManager
2026-08-11T00:34:01.496+05:30  INFO 26832 --- [samkash-farm-api] [           main] o.s.boot.tomcat.TomcatWebServer          : Tomcat started on port 8080 (http) with context path '/'
2026-08-11T00:34:01.513+05:30  INFO 26832 --- [samkash-farm-api] [           main] c.s.farms.SamkashFarmApiApplication      : Started SamkashFarmApiApplication in 14.91 seconds (process running for 15.359)
2026-08-11T00:34:03.867+05:30  INFO 26832 --- [samkash-farm-api] [           main] c.s.f.config.DatabaseConstraintRepair    : Verified users_role_check constraint
2026-08-11T00:34:04.034+05:30  INFO 26832 --- [samkash-farm-api] [           main] c.s.f.config.DatabaseConstraintRepair    : Verified users_approval_status_check constraint
2026-08-11T00:34:36.848+05:30  INFO 26832 --- [samkash-farm-api] [nio-8080-exec-3] o.a.c.c.C.[Tomcat].[localhost].[/]       : Initializing Spring DispatcherServlet 'dispatcherServlet'
2026-08-11T00:34:36.848+05:30  INFO 26832 --- [samkash-farm-api] [nio-8080-exec-3] o.s.web.servlet.DispatcherServlet        : Initializing Servlet 'dispatcherServlet'
2026-08-11T00:34:36.850+05:30  INFO 26832 --- [samkash-farm-api] [nio-8080-exec-3] o.s.web.servlet.DispatcherServlet        : Completed initialization in 1 ms
[INFO] ------------------------------------------------------------------------
[INFO] BUILD FAILURE
[INFO] ------------------------------------------------------------------------
[INFO] Total time:  05:32 min
[INFO] Finished at: 2026-08-11T00:39:15+05:30
[INFO] ------------------------------------------------------------------------
[ERROR] Failed to execute goal org.springframework.boot:spring-boot-maven-plugin:4.0.6:run (default-cli) on project farms: Process terminated with exit code: -1 -> [Help 1]
[ERROR] 
[ERROR] To see the full stack trace of the errors, re-run Maven with the -e switch.
[ERROR] Re-run Maven using the -X switch to enable full debug logging.
[ERROR] 
[ERROR] For more information about the errors and possible solutions, please read the following articles:
[ERROR] [Help 1] http://cwiki.apache.org/confluence/display/MAVEN/MojoExecutionException
