#
# There is insufficient memory for the Java Runtime Environment to continue.
# Native memory allocation (malloc) failed to allocate 1046896 bytes for Chunk::new
# Possible reasons:
#   The system is out of physical RAM or swap space
#   The process is running with CompressedOops enabled, and the Java Heap may be blocking the growth of the native heap
# Possible solutions:
#   Reduce memory load on the system
#   Increase physical memory or swap space
#   Check if swap backing store is full
#   Decrease Java heap size (-Xmx/-Xms)
#   Decrease number of Java threads
#   Decrease Java thread stack sizes (-Xss)
#   Set larger code cache with -XX:ReservedCodeCacheSize=
#   JVM is running with Unscaled Compressed Oops mode in which the Java heap is
#     placed in the first 4GB address space. The Java Heap base address is the
#     maximum limit for the native heap growth. Please use -XX:HeapBaseMinAddress
#     to set the Java Heap base and to place the Java Heap above 4GB virtual address.
# This output file may be truncated or incomplete.
#
#  Out of Memory Error (./open/src/hotspot/share/memory/arena.cpp:197), pid=33072, tid=6808
#
# JRE version: Java(TM) SE Runtime Environment 18.9 (11.0.16+11) (build 11.0.16+11-LTS-199)
# Java VM: Java HotSpot(TM) 64-Bit Server VM 18.9 (11.0.16+11-LTS-199, mixed mode, tiered, compressed oops, g1 gc, windows-amd64)
# No core dump will be written. Minidumps are not enabled by default on client versions of Windows
#

---------------  S U M M A R Y ------------

Command Line: --add-opens=java.base/java.lang=ALL-UNNAMED --add-opens=java.base/java.lang.invoke=ALL-UNNAMED --add-opens=java.base/java.util=ALL-UNNAMED --add-opens=java.prefs/java.util.prefs=ALL-UNNAMED --add-exports=jdk.compiler/com.sun.tools.javac.api=ALL-UNNAMED --add-exports=jdk.compiler/com.sun.tools.javac.util=ALL-UNNAMED --add-opens=java.base/java.util=ALL-UNNAMED --add-opens=java.prefs/java.util.prefs=ALL-UNNAMED --add-opens=java.base/java.nio.charset=ALL-UNNAMED --add-opens=java.base/java.net=ALL-UNNAMED --add-opens=java.base/java.util.concurrent.atomic=ALL-UNNAMED --add-opens=java.xml/javax.xml.namespace=ALL-UNNAMED -Xmx1536m -Dfile.encoding=UTF-8 -Duser.country=US -Duser.language=en -Duser.variant -javaagent:C:\Users\santh\.gradle\wrapper\dists\gradle-8.14.3-all\10utluxaxniiv4wxiphsi49nj\gradle-8.14.3\lib\agents\gradle-instrumentation-agent-8.14.3.jar org.gradle.launcher.daemon.bootstrap.GradleDaemon 8.14.3

Host: AMD Ryzen 7 5800H with Radeon Graphics         , 16 cores, 13G,  Windows 11 , 64 bit Build 26100 (10.0.26100.8737)
Time: Tue Aug 11 01:54:31 2026 India Standard Time elapsed time: 8241.718092 seconds (0d 2h 17m 21s)

---------------  T H R E A D  ---------------

Current thread (0x000001b159974000):  JavaThread "C2 CompilerThread0" daemon [_thread_in_native, id=6808, stack(0x0000005ed3000000,0x0000005ed3100000)]


Current CompileTask:
C2:8241718 12629       4       org.gradle.internal.serialize.DefaultSerializerRegistry$TaggedTypeSerializer::write (37 bytes)

Stack: [0x0000005ed3000000,0x0000005ed3100000]
Native frames: (J=compiled Java code, j=interpreted, Vv=VM code, C=native code)
V  [jvm.dll+0x62a3ea]
V  [jvm.dll+0x76418f]
V  [jvm.dll+0x765839]
V  [jvm.dll+0x765ec3]
V  [jvm.dll+0x23da98]
V  [jvm.dll+0xb2a1c]
V  [jvm.dll+0xb2fdc]
V  [jvm.dll+0x341442]
V  [jvm.dll+0x30ec83]
V  [jvm.dll+0x30dfca]
V  [jvm.dll+0x1f84a5]
V  [jvm.dll+0x1f768d]
V  [jvm.dll+0x177c81]
V  [jvm.dll+0x207006]
V  [jvm.dll+0x20519b]
V  [jvm.dll+0x729fa0]
V  [jvm.dll+0x722b74]
V  [jvm.dll+0x629286]
C  [ucrtbase.dll+0x2cd30]
C  [KERNEL32.DLL+0x2e957]
C  [ntdll.dll+0xaad6c]


---------------  P R O C E S S  ---------------

Threads class SMR info:
_java_thread_list=0x000001b15e614680, length=42, elements={
0x000001b13b8ce000, 0x000001b1598e9800, 0x000001b15990c800, 0x000001b15996c800,
0x000001b15996d800, 0x000001b15996e800, 0x000001b159974000, 0x000001b159975000,
0x000001b159976000, 0x000001b1590a2800, 0x000001b15bceb800, 0x000001b15aea3000,
0x000001b15bced800, 0x000001b15c16d000, 0x000001b15c16d800, 0x000001b15c16e800,
0x000001b15c172000, 0x000001b15fa60000, 0x000001b15fa62800, 0x000001b15fa63800,
0x000001b15fa61000, 0x000001b15fa66000, 0x000001b15fa66800, 0x000001b15fa64000,
0x000001b15fa6a000, 0x000001b15fa68000, 0x000001b15fa67800, 0x000001b15fa6b800,
0x000001b15fa6a800, 0x000001b15fa6e000, 0x000001b15fa6c800, 0x000001b15fa6f000,
0x000001b15fa6d000, 0x000001b15f9a8000, 0x000001b15f9a8800, 0x000001b15f9a9800,
0x000001b15f9a7000, 0x000001b15f9ac800, 0x000001b15f9ab000, 0x000001b15f9aa800,
0x000001b15f9ae800, 0x000001b15f9af000
}

Java Threads: ( => current thread )
  0x000001b13b8ce000 JavaThread "main" [_thread_blocked, id=3792, stack(0x0000005ed2400000,0x0000005ed2500000)]
  0x000001b1598e9800 JavaThread "Reference Handler" daemon [_thread_blocked, id=11444, stack(0x0000005ed2b00000,0x0000005ed2c00000)]
  0x000001b15990c800 JavaThread "Finalizer" daemon [_thread_blocked, id=7252, stack(0x0000005ed2c00000,0x0000005ed2d00000)]
  0x000001b15996c800 JavaThread "Signal Dispatcher" daemon [_thread_blocked, id=20524, stack(0x0000005ed2d00000,0x0000005ed2e00000)]
  0x000001b15996d800 JavaThread "Attach Listener" daemon [_thread_blocked, id=16400, stack(0x0000005ed2e00000,0x0000005ed2f00000)]
  0x000001b15996e800 JavaThread "Service Thread" daemon [_thread_blocked, id=2040, stack(0x0000005ed2f00000,0x0000005ed3000000)]
=>0x000001b159974000 JavaThread "C2 CompilerThread0" daemon [_thread_in_native, id=6808, stack(0x0000005ed3000000,0x0000005ed3100000)]
  0x000001b159975000 JavaThread "C1 CompilerThread0" daemon [_thread_blocked, id=3740, stack(0x0000005ed3100000,0x0000005ed3200000)]
  0x000001b159976000 JavaThread "Sweeper thread" daemon [_thread_blocked, id=30152, stack(0x0000005ed3200000,0x0000005ed3300000)]
  0x000001b1590a2800 JavaThread "Common-Cleaner" daemon [_thread_blocked, id=37244, stack(0x0000005ed3300000,0x0000005ed3400000)]
  0x000001b15bceb800 JavaThread "Daemon health stats" [_thread_blocked, id=7240, stack(0x0000005ed3d00000,0x0000005ed3e00000)]
  0x000001b15aea3000 JavaThread "Incoming local TCP Connector on port 53169" [_thread_in_native, id=19612, stack(0x0000005ed3c00000,0x0000005ed3d00000)]
  0x000001b15bced800 JavaThread "Daemon periodic checks" [_thread_blocked, id=29116, stack(0x0000005ed3e00000,0x0000005ed3f00000)]
  0x000001b15c16d000 JavaThread "Cache worker for journal cache (C:\Users\santh\.gradle\caches\journal-1)" [_thread_blocked, id=15996, stack(0x0000005ed5000000,0x0000005ed5100000)]
  0x000001b15c16d800 JavaThread "File lock request listener" [_thread_in_native, id=26452, stack(0x0000005ed5100000,0x0000005ed5200000)]
  0x000001b15c16e800 JavaThread "Cache worker for file hash cache (C:\Users\santh\.gradle\caches\8.14.3\fileHashes)" [_thread_blocked, id=31528, stack(0x0000005ed5200000,0x0000005ed5300000)]
  0x000001b15c172000 JavaThread "File watcher server" daemon [_thread_in_native, id=32380, stack(0x0000005ed5800000,0x0000005ed5900000)]
  0x000001b15fa60000 JavaThread "File watcher consumer" daemon [_thread_blocked, id=12880, stack(0x0000005ed5900000,0x0000005ed5a00000)]
  0x000001b15fa62800 JavaThread "jar transforms" [_thread_blocked, id=34904, stack(0x0000005ed5a00000,0x0000005ed5b00000)]
  0x000001b15fa63800 JavaThread "jar transforms Thread 2" [_thread_blocked, id=25976, stack(0x0000005ed5b00000,0x0000005ed5c00000)]
  0x000001b15fa61000 JavaThread "jar transforms Thread 3" [_thread_blocked, id=9296, stack(0x0000005ed5c00000,0x0000005ed5d00000)]
  0x000001b15fa66000 JavaThread "jar transforms Thread 4" [_thread_blocked, id=21956, stack(0x0000005ed5300000,0x0000005ed5400000)]
  0x000001b15fa66800 JavaThread "jar transforms Thread 5" [_thread_blocked, id=34460, stack(0x0000005ed5d00000,0x0000005ed5e00000)]
  0x000001b15fa64000 JavaThread "Cache worker for file content cache (C:\Users\santh\.gradle\caches\8.14.3\fileContent)" [_thread_blocked, id=11512, stack(0x0000005ed5f00000,0x0000005ed6000000)]
  0x000001b15fa6a000 JavaThread "jar transforms Thread 6" [_thread_blocked, id=33432, stack(0x0000005ed6000000,0x0000005ed6100000)]
  0x000001b15fa68000 JavaThread "jar transforms Thread 7" [_thread_blocked, id=28108, stack(0x0000005ed6100000,0x0000005ed6200000)]
  0x000001b15fa67800 JavaThread "jar transforms Thread 8" [_thread_blocked, id=10996, stack(0x0000005ed6200000,0x0000005ed6300000)]
  0x000001b15fa6b800 JavaThread "jar transforms Thread 9" [_thread_blocked, id=7360, stack(0x0000005ed6300000,0x0000005ed6400000)]
  0x000001b15fa6a800 JavaThread "jar transforms Thread 10" [_thread_blocked, id=24904, stack(0x0000005ed6400000,0x0000005ed6500000)]
  0x000001b15fa6e000 JavaThread "jar transforms Thread 11" [_thread_blocked, id=18748, stack(0x0000005ed6500000,0x0000005ed6600000)]
  0x000001b15fa6c800 JavaThread "jar transforms Thread 12" [_thread_blocked, id=21080, stack(0x0000005ed6600000,0x0000005ed6700000)]
  0x000001b15fa6f000 JavaThread "jar transforms Thread 13" [_thread_blocked, id=7728, stack(0x0000005ed6700000,0x0000005ed6800000)]
  0x000001b15fa6d000 JavaThread "jar transforms Thread 14" [_thread_blocked, id=28772, stack(0x0000005ed6800000,0x0000005ed6900000)]
  0x000001b15f9a8000 JavaThread "jar transforms Thread 15" [_thread_blocked, id=16692, stack(0x0000005ed6900000,0x0000005ed6a00000)]
  0x000001b15f9a8800 JavaThread "jar transforms Thread 16" [_thread_blocked, id=3024, stack(0x0000005ed6a00000,0x0000005ed6b00000)]
  0x000001b15f9a9800 JavaThread "Daemon Thread 2" [_thread_blocked, id=6064, stack(0x0000005ed2100000,0x0000005ed2200000)]
  0x000001b15f9a7000 JavaThread "Handler for socket connection from /127.0.0.1:53169 to /127.0.0.1:58973" [_thread_in_native, id=31696, stack(0x0000005ed2200000,0x0000005ed2300000)]
  0x000001b15f9ac800 JavaThread "Cancel handler" [_thread_blocked, id=22668, stack(0x0000005ed2300000,0x0000005ed2400000)]
  0x000001b15f9ab000 JavaThread "Daemon worker Thread 2" [_thread_in_vm, id=2440, stack(0x0000005ed3400000,0x0000005ed3500000)]
  0x000001b15f9aa800 JavaThread "Asynchronous log dispatcher for DefaultDaemonConnection: socket connection from /127.0.0.1:53169 to /127.0.0.1:58973" [_thread_blocked, id=34728, stack(0x0000005ed3500000,0x0000005ed3600000)]
  0x000001b15f9ae800 JavaThread "Stdin handler" [_thread_blocked, id=34724, stack(0x0000005ed3600000,0x0000005ed3700000)]
  0x000001b15f9af000 JavaThread "Daemon client event forwarder" [_thread_blocked, id=23704, stack(0x0000005ed3f00000,0x0000005ed4000000)]

Other Threads:
  0x000001b1598e7800 VMThread "VM Thread" [stack: 0x0000005ed2a00000,0x0000005ed2b00000] [id=29468]
  0x000001b159e0e800 WatcherThread [stack: 0x0000005ed3700000,0x0000005ed3800000] [id=4752]
  0x000001b13b8e4800 GCTaskThread "GC Thread#0" [stack: 0x0000005ed2500000,0x0000005ed2600000] [id=14928]
  0x000001b159f33000 GCTaskThread "GC Thread#1" [stack: 0x0000005ed3800000,0x0000005ed3900000] [id=456]
  0x000001b15a086000 GCTaskThread "GC Thread#2" [stack: 0x0000005ed3900000,0x0000005ed3a00000] [id=7976]
  0x000001b159f04000 GCTaskThread "GC Thread#3" [stack: 0x0000005ed3a00000,0x0000005ed3b00000] [id=33244]
  0x000001b15a3f8000 GCTaskThread "GC Thread#4" [stack: 0x0000005ed3b00000,0x0000005ed3c00000] [id=33464]
  0x000001b15aff2000 GCTaskThread "GC Thread#5" [stack: 0x0000005ed4600000,0x0000005ed4700000] [id=12572]
  0x000001b15c32f800 GCTaskThread "GC Thread#6" [stack: 0x0000005ed4700000,0x0000005ed4800000] [id=9176]
  0x000001b159c85800 GCTaskThread "GC Thread#7" [stack: 0x0000005ed4800000,0x0000005ed4900000] [id=8620]
  0x000001b15bba1000 GCTaskThread "GC Thread#8" [stack: 0x0000005ed4900000,0x0000005ed4a00000] [id=21740]
  0x000001b15c304000 GCTaskThread "GC Thread#9" [stack: 0x0000005ed4a00000,0x0000005ed4b00000] [id=25624]
  0x000001b159a57000 GCTaskThread "GC Thread#10" [stack: 0x0000005ed4b00000,0x0000005ed4c00000] [id=26412]
  0x000001b159a57800 GCTaskThread "GC Thread#11" [stack: 0x0000005ed4c00000,0x0000005ed4d00000] [id=25500]
  0x000001b15a3aa800 GCTaskThread "GC Thread#12" [stack: 0x0000005ed4d00000,0x0000005ed4e00000] [id=23420]
  0x000001b13b910800 ConcurrentGCThread "G1 Main Marker" [stack: 0x0000005ed2600000,0x0000005ed2700000] [id=20560]
  0x000001b13b917000 ConcurrentGCThread "G1 Conc#0" [stack: 0x0000005ed2700000,0x0000005ed2800000] [id=10716]
  0x000001b15bcc7800 ConcurrentGCThread "G1 Conc#1" [stack: 0x0000005ed4e00000,0x0000005ed4f00000] [id=28124]
  0x000001b159f81000 ConcurrentGCThread "G1 Conc#2" [stack: 0x0000005ed4f00000,0x0000005ed5000000] [id=8032]
  0x000001b13b90e800 ConcurrentGCThread "G1 Refine#0" [stack: 0x0000005ed2800000,0x0000005ed2900000] [id=29616]
  0x000001b15c713800 ConcurrentGCThread "G1 Refine#1" [stack: 0x0000005ed6d00000,0x0000005ed6e00000] [id=14880]
  0x000001b158f55800 ConcurrentGCThread "G1 Young RemSet Sampling" [stack: 0x0000005ed2900000,0x0000005ed2a00000] [id=16076]

Threads with active compile tasks:
C2 CompilerThread0  8241761 12629       4       org.gradle.internal.serialize.DefaultSerializerRegistry$TaggedTypeSerializer::write (37 bytes)

VM state:not at safepoint (normal execution)

VM Mutex/Monitor currently owned by a thread: None

Heap address: 0x00000000a0000000, size: 1536 MB, Compressed Oops mode: 32-bit
Narrow klass base: 0x0000000000000000, Narrow klass shift: 3
Compressed class space size: 1073741824 Address: 0x0000000100000000

Heap:
 garbage-first heap   total 227328K, used 185451K [0x00000000a0000000, 0x0000000100000000)
  region size 1024K, 106 young (108544K), 3 survivors (3072K)
 Metaspace       used 74149K, capacity 77648K, committed 77868K, reserved 1116160K
  class space    used 9489K, capacity 10774K, committed 10796K, reserved 1048576K
Heap Regions: E=young(eden), S=young(survivor), O=old, HS=humongous(starts), HC=humongous(continues), CS=collection set, F=free, A=archive, TAMS=top-at-mark-start (previous, next)
|   0|0x00000000a0000000, 0x00000000a0100000, 0x00000000a0100000|100%|HS|  |TAMS 0x00000000a0100000, 0x00000000a0000000| Complete 
|   1|0x00000000a0100000, 0x00000000a0200000, 0x00000000a0200000|100%|HC|  |TAMS 0x00000000a0200000, 0x00000000a0100000| Complete 
|   2|0x00000000a0200000, 0x00000000a0300000, 0x00000000a0300000|100%|HC|  |TAMS 0x00000000a0300000, 0x00000000a0200000| Complete 
|   3|0x00000000a0300000, 0x00000000a0400000, 0x00000000a0400000|100%|HS|  |TAMS 0x00000000a0400000, 0x00000000a0300000| Complete 
|   4|0x00000000a0400000, 0x00000000a0500000, 0x00000000a0500000|100%| O|  |TAMS 0x00000000a0500000, 0x00000000a0400000| Untracked 
|   5|0x00000000a0500000, 0x00000000a0600000, 0x00000000a0600000|100%| O|  |TAMS 0x00000000a0600000, 0x00000000a0500000| Untracked 
|   6|0x00000000a0600000, 0x00000000a0700000, 0x00000000a0700000|100%| O|  |TAMS 0x00000000a0700000, 0x00000000a0600000| Untracked 
|   7|0x00000000a0700000, 0x00000000a0800000, 0x00000000a0800000|100%| O|  |TAMS 0x00000000a0800000, 0x00000000a0700000| Untracked 
|   8|0x00000000a0800000, 0x00000000a0900000, 0x00000000a0900000|100%| O|  |TAMS 0x00000000a0900000, 0x00000000a0800000| Untracked 
|   9|0x00000000a0900000, 0x00000000a0a00000, 0x00000000a0a00000|100%| O|  |TAMS 0x00000000a0a00000, 0x00000000a0900000| Untracked 
|  10|0x00000000a0a00000, 0x00000000a0b00000, 0x00000000a0b00000|100%| O|  |TAMS 0x00000000a0b00000, 0x00000000a0a00000| Untracked 
|  11|0x00000000a0b00000, 0x00000000a0c00000, 0x00000000a0c00000|100%| O|  |TAMS 0x00000000a0c00000, 0x00000000a0b00000| Untracked 
|  12|0x00000000a0c00000, 0x00000000a0d00000, 0x00000000a0d00000|100%| O|  |TAMS 0x00000000a0d00000, 0x00000000a0c00000| Untracked 
|  13|0x00000000a0d00000, 0x00000000a0e00000, 0x00000000a0e00000|100%| O|  |TAMS 0x00000000a0e00000, 0x00000000a0d00000| Untracked 
|  14|0x00000000a0e00000, 0x00000000a0f00000, 0x00000000a0f00000|100%| O|  |TAMS 0x00000000a0f00000, 0x00000000a0e00000| Untracked 
|  15|0x00000000a0f00000, 0x00000000a1000000, 0x00000000a1000000|100%| O|  |TAMS 0x00000000a1000000, 0x00000000a0f00000| Untracked 
|  16|0x00000000a1000000, 0x00000000a1100000, 0x00000000a1100000|100%| O|  |TAMS 0x00000000a1100000, 0x00000000a1000000| Untracked 
|  17|0x00000000a1100000, 0x00000000a1200000, 0x00000000a1200000|100%| O|  |TAMS 0x00000000a1200000, 0x00000000a1100000| Untracked 
|  18|0x00000000a1200000, 0x00000000a1300000, 0x00000000a1300000|100%| O|  |TAMS 0x00000000a1300000, 0x00000000a1200000| Untracked 
|  19|0x00000000a1300000, 0x00000000a1400000, 0x00000000a1400000|100%| O|  |TAMS 0x00000000a1400000, 0x00000000a1300000| Untracked 
|  20|0x00000000a1400000, 0x00000000a1500000, 0x00000000a1500000|100%| O|  |TAMS 0x00000000a1500000, 0x00000000a1400000| Untracked 
|  21|0x00000000a1500000, 0x00000000a1600000, 0x00000000a1600000|100%| O|  |TAMS 0x00000000a1600000, 0x00000000a1500000| Untracked 
|  22|0x00000000a1600000, 0x00000000a1700000, 0x00000000a1700000|100%| O|  |TAMS 0x00000000a1700000, 0x00000000a1600000| Untracked 
|  23|0x00000000a1700000, 0x00000000a1800000, 0x00000000a1800000|100%| O|  |TAMS 0x00000000a1800000, 0x00000000a1700000| Untracked 
|  24|0x00000000a1800000, 0x00000000a1900000, 0x00000000a1900000|100%| O|  |TAMS 0x00000000a1900000, 0x00000000a1800000| Untracked 
|  25|0x00000000a1900000, 0x00000000a1a00000, 0x00000000a1a00000|100%| O|  |TAMS 0x00000000a1a00000, 0x00000000a1900000| Untracked 
|  26|0x00000000a1a00000, 0x00000000a1b00000, 0x00000000a1b00000|100%| O|  |TAMS 0x00000000a1b00000, 0x00000000a1a00000| Untracked 
|  27|0x00000000a1b00000, 0x00000000a1c00000, 0x00000000a1c00000|100%| O|  |TAMS 0x00000000a1c00000, 0x00000000a1b00000| Untracked 
|  28|0x00000000a1c00000, 0x00000000a1d00000, 0x00000000a1d00000|100%| O|  |TAMS 0x00000000a1d00000, 0x00000000a1c00000| Untracked 
|  29|0x00000000a1d00000, 0x00000000a1e00000, 0x00000000a1e00000|100%| O|  |TAMS 0x00000000a1e00000, 0x00000000a1d00000| Untracked 
|  30|0x00000000a1e00000, 0x00000000a1f00000, 0x00000000a1f00000|100%|HS|  |TAMS 0x00000000a1f00000, 0x00000000a1e00000| Complete 
|  31|0x00000000a1f00000, 0x00000000a2000000, 0x00000000a2000000|100%| O|  |TAMS 0x00000000a2000000, 0x00000000a1f00000| Untracked 
|  32|0x00000000a2000000, 0x00000000a2100000, 0x00000000a2100000|100%| O|  |TAMS 0x00000000a2100000, 0x00000000a2000000| Untracked 
|  33|0x00000000a2100000, 0x00000000a2200000, 0x00000000a2200000|100%| O|  |TAMS 0x00000000a2200000, 0x00000000a2100000| Untracked 
|  34|0x00000000a2200000, 0x00000000a2300000, 0x00000000a2300000|100%| O|  |TAMS 0x00000000a2300000, 0x00000000a2200000| Untracked 
|  35|0x00000000a2300000, 0x00000000a2400000, 0x00000000a2400000|100%| O|  |TAMS 0x00000000a2400000, 0x00000000a2300000| Untracked 
|  36|0x00000000a2400000, 0x00000000a2500000, 0x00000000a2500000|100%| O|  |TAMS 0x00000000a2500000, 0x00000000a2400000| Untracked 
|  37|0x00000000a2500000, 0x00000000a2600000, 0x00000000a2600000|100%| O|  |TAMS 0x00000000a2600000, 0x00000000a2500000| Untracked 
|  38|0x00000000a2600000, 0x00000000a2700000, 0x00000000a2700000|100%| O|  |TAMS 0x00000000a2700000, 0x00000000a2600000| Untracked 
|  39|0x00000000a2700000, 0x00000000a2800000, 0x00000000a2800000|100%| O|  |TAMS 0x00000000a2800000, 0x00000000a2700000| Untracked 
|  40|0x00000000a2800000, 0x00000000a2900000, 0x00000000a2900000|100%| O|  |TAMS 0x00000000a2900000, 0x00000000a2800000| Untracked 
|  41|0x00000000a2900000, 0x00000000a2a00000, 0x00000000a2a00000|100%| O|  |TAMS 0x00000000a2a00000, 0x00000000a2900000| Untracked 
|  42|0x00000000a2a00000, 0x00000000a2b00000, 0x00000000a2b00000|100%| O|  |TAMS 0x00000000a2b00000, 0x00000000a2a00000| Untracked 
|  43|0x00000000a2b00000, 0x00000000a2c00000, 0x00000000a2c00000|100%|HS|  |TAMS 0x00000000a2b00000, 0x00000000a2b00000| Complete 
|  44|0x00000000a2c00000, 0x00000000a2d00000, 0x00000000a2d00000|100%|HS|  |TAMS 0x00000000a2c00000, 0x00000000a2c00000| Complete 
|  45|0x00000000a2d00000, 0x00000000a2e00000, 0x00000000a2e00000|100%| O|  |TAMS 0x00000000a2d00000, 0x00000000a2d00000| Untracked 
|  46|0x00000000a2e00000, 0x00000000a2f00000, 0x00000000a2f00000|100%| O|  |TAMS 0x00000000a2e00000, 0x00000000a2e00000| Untracked 
|  47|0x00000000a2f00000, 0x00000000a3000000, 0x00000000a3000000|100%| O|  |TAMS 0x00000000a2f00000, 0x00000000a2f00000| Untracked 
|  48|0x00000000a3000000, 0x00000000a3100000, 0x00000000a3100000|100%| O|  |TAMS 0x00000000a3000000, 0x00000000a3000000| Untracked 
|  49|0x00000000a3100000, 0x00000000a3200000, 0x00000000a3200000|100%| O|  |TAMS 0x00000000a3100000, 0x00000000a3100000| Untracked 
|  50|0x00000000a3200000, 0x00000000a3300000, 0x00000000a3300000|100%| O|  |TAMS 0x00000000a3200000, 0x00000000a3200000| Untracked 
|  51|0x00000000a3300000, 0x00000000a3400000, 0x00000000a3400000|100%|HS|  |TAMS 0x00000000a3300000, 0x00000000a3300000| Complete 
|  52|0x00000000a3400000, 0x00000000a3500000, 0x00000000a3500000|100%|HS|  |TAMS 0x00000000a3400000, 0x00000000a3400000| Complete 
|  53|0x00000000a3500000, 0x00000000a3600000, 0x00000000a3600000|100%| O|  |TAMS 0x00000000a3500000, 0x00000000a3500000| Untracked 
|  54|0x00000000a3600000, 0x00000000a3700000, 0x00000000a3700000|100%|HS|  |TAMS 0x00000000a3600000, 0x00000000a3600000| Complete 
|  55|0x00000000a3700000, 0x00000000a3800000, 0x00000000a3800000|100%|HS|  |TAMS 0x00000000a3700000, 0x00000000a3700000| Complete 
|  56|0x00000000a3800000, 0x00000000a3900000, 0x00000000a3900000|100%| O|  |TAMS 0x00000000a3800000, 0x00000000a3800000| Untracked 
|  57|0x00000000a3900000, 0x00000000a3a00000, 0x00000000a3a00000|100%| O|  |TAMS 0x00000000a3900000, 0x00000000a3900000| Untracked 
|  58|0x00000000a3a00000, 0x00000000a3b00000, 0x00000000a3b00000|100%| O|  |TAMS 0x00000000a3a00000, 0x00000000a3a00000| Untracked 
|  59|0x00000000a3b00000, 0x00000000a3c00000, 0x00000000a3c00000|100%| O|  |TAMS 0x00000000a3b00000, 0x00000000a3b00000| Untracked 
|  60|0x00000000a3c00000, 0x00000000a3d00000, 0x00000000a3d00000|100%| O|  |TAMS 0x00000000a3c00000, 0x00000000a3c00000| Untracked 
|  61|0x00000000a3d00000, 0x00000000a3e00000, 0x00000000a3e00000|100%| O|  |TAMS 0x00000000a3d00000, 0x00000000a3d00000| Untracked 
|  62|0x00000000a3e00000, 0x00000000a3f00000, 0x00000000a3f00000|100%| O|  |TAMS 0x00000000a3e00000, 0x00000000a3e00000| Untracked 
|  63|0x00000000a3f00000, 0x00000000a4000000, 0x00000000a4000000|100%| O|  |TAMS 0x00000000a3f00000, 0x00000000a3f00000| Untracked 
|  64|0x00000000a4000000, 0x00000000a4100000, 0x00000000a4100000|100%| O|  |TAMS 0x00000000a4000000, 0x00000000a4000000| Untracked 
|  65|0x00000000a4100000, 0x00000000a4200000, 0x00000000a4200000|100%| O|  |TAMS 0x00000000a4100000, 0x00000000a4100000| Untracked 
|  66|0x00000000a4200000, 0x00000000a4300000, 0x00000000a4300000|100%| O|  |TAMS 0x00000000a4200000, 0x00000000a4200000| Untracked 
|  67|0x00000000a4300000, 0x00000000a4400000, 0x00000000a4400000|100%| O|  |TAMS 0x00000000a4300000, 0x00000000a4300000| Untracked 
|  68|0x00000000a4400000, 0x00000000a4500000, 0x00000000a4500000|100%| O|  |TAMS 0x00000000a4400000, 0x00000000a4400000| Untracked 
|  69|0x00000000a4500000, 0x00000000a4600000, 0x00000000a4600000|100%| O|  |TAMS 0x00000000a4500000, 0x00000000a4500000| Untracked 
|  70|0x00000000a4600000, 0x00000000a4700000, 0x00000000a4700000|100%| O|  |TAMS 0x00000000a4600000, 0x00000000a4600000| Untracked 
|  71|0x00000000a4700000, 0x00000000a4800000, 0x00000000a4800000|100%| O|  |TAMS 0x00000000a4700000, 0x00000000a4700000| Untracked 
|  72|0x00000000a4800000, 0x00000000a4900000, 0x00000000a4900000|100%| O|  |TAMS 0x00000000a4800000, 0x00000000a4800000| Untracked 
|  73|0x00000000a4900000, 0x00000000a4a00000, 0x00000000a4a00000|100%| O|  |TAMS 0x00000000a4900000, 0x00000000a4900000| Untracked 
|  74|0x00000000a4a00000, 0x00000000a4a00000, 0x00000000a4b00000|  0%| F|  |TAMS 0x00000000a4a00000, 0x00000000a4a00000| Untracked 
|  75|0x00000000a4b00000, 0x00000000a4b00000, 0x00000000a4c00000|  0%| F|  |TAMS 0x00000000a4b00000, 0x00000000a4b00000| Untracked 
|  76|0x00000000a4c00000, 0x00000000a4c00000, 0x00000000a4d00000|  0%| F|  |TAMS 0x00000000a4c00000, 0x00000000a4c00000| Untracked 
|  77|0x00000000a4d00000, 0x00000000a4d00000, 0x00000000a4e00000|  0%| F|  |TAMS 0x00000000a4d00000, 0x00000000a4d00000| Untracked 
|  78|0x00000000a4e00000, 0x00000000a4f00000, 0x00000000a4f00000|100%| O|  |TAMS 0x00000000a4e00000, 0x00000000a4e00000| Untracked 
|  79|0x00000000a4f00000, 0x00000000a5000000, 0x00000000a5000000|100%| O|  |TAMS 0x00000000a4f00000, 0x00000000a4f00000| Untracked 
|  80|0x00000000a5000000, 0x00000000a5029000, 0x00000000a5100000| 16%| O|  |TAMS 0x00000000a5000000, 0x00000000a5000000| Untracked 
|  81|0x00000000a5100000, 0x00000000a5100000, 0x00000000a5200000|  0%| F|  |TAMS 0x00000000a5100000, 0x00000000a5100000| Untracked 
|  82|0x00000000a5200000, 0x00000000a5200000, 0x00000000a5300000|  0%| F|  |TAMS 0x00000000a5200000, 0x00000000a5200000| Untracked 
|  83|0x00000000a5300000, 0x00000000a5300000, 0x00000000a5400000|  0%| F|  |TAMS 0x00000000a5300000, 0x00000000a5300000| Untracked 
|  84|0x00000000a5400000, 0x00000000a5400000, 0x00000000a5500000|  0%| F|  |TAMS 0x00000000a5400000, 0x00000000a5400000| Untracked 
|  85|0x00000000a5500000, 0x00000000a5500000, 0x00000000a5600000|  0%| F|  |TAMS 0x00000000a5500000, 0x00000000a5500000| Untracked 
|  86|0x00000000a5600000, 0x00000000a5600000, 0x00000000a5700000|  0%| F|  |TAMS 0x00000000a5600000, 0x00000000a5600000| Untracked 
|  87|0x00000000a5700000, 0x00000000a5700000, 0x00000000a5800000|  0%| F|  |TAMS 0x00000000a5700000, 0x00000000a5700000| Untracked 
|  88|0x00000000a5800000, 0x00000000a5800000, 0x00000000a5900000|  0%| F|  |TAMS 0x00000000a5800000, 0x00000000a5800000| Untracked 
|  89|0x00000000a5900000, 0x00000000a5900000, 0x00000000a5a00000|  0%| F|  |TAMS 0x00000000a5900000, 0x00000000a5900000| Untracked 
|  90|0x00000000a5a00000, 0x00000000a5a00000, 0x00000000a5b00000|  0%| F|  |TAMS 0x00000000a5a00000, 0x00000000a5a00000| Untracked 
|  91|0x00000000a5b00000, 0x00000000a5b00000, 0x00000000a5c00000|  0%| F|  |TAMS 0x00000000a5b00000, 0x00000000a5b00000| Untracked 
|  92|0x00000000a5c00000, 0x00000000a5c00000, 0x00000000a5d00000|  0%| F|  |TAMS 0x00000000a5c00000, 0x00000000a5c00000| Untracked 
|  93|0x00000000a5d00000, 0x00000000a5d00000, 0x00000000a5e00000|  0%| F|  |TAMS 0x00000000a5d00000, 0x00000000a5d00000| Untracked 
|  94|0x00000000a5e00000, 0x00000000a5e00000, 0x00000000a5f00000|  0%| F|  |TAMS 0x00000000a5e00000, 0x00000000a5e00000| Untracked 
|  95|0x00000000a5f00000, 0x00000000a5f00000, 0x00000000a6000000|  0%| F|  |TAMS 0x00000000a5f00000, 0x00000000a5f00000| Untracked 
|  96|0x00000000a6000000, 0x00000000a6000000, 0x00000000a6100000|  0%| F|  |TAMS 0x00000000a6000000, 0x00000000a6000000| Untracked 
|  97|0x00000000a6100000, 0x00000000a6100000, 0x00000000a6200000|  0%| F|  |TAMS 0x00000000a6100000, 0x00000000a6100000| Untracked 
|  98|0x00000000a6200000, 0x00000000a6200000, 0x00000000a6300000|  0%| F|  |TAMS 0x00000000a6200000, 0x00000000a6200000| Untracked 
|  99|0x00000000a6300000, 0x00000000a6300000, 0x00000000a6400000|  0%| F|  |TAMS 0x00000000a6300000, 0x00000000a6300000| Untracked 
| 100|0x00000000a6400000, 0x00000000a6400000, 0x00000000a6500000|  0%| F|  |TAMS 0x00000000a6400000, 0x00000000a6400000| Untracked 
| 101|0x00000000a6500000, 0x00000000a6500000, 0x00000000a6600000|  0%| F|  |TAMS 0x00000000a6500000, 0x00000000a6500000| Untracked 
| 102|0x00000000a6600000, 0x00000000a6600000, 0x00000000a6700000|  0%| F|  |TAMS 0x00000000a6600000, 0x00000000a6600000| Untracked 
| 103|0x00000000a6700000, 0x00000000a6700000, 0x00000000a6800000|  0%| F|  |TAMS 0x00000000a6700000, 0x00000000a6700000| Untracked 
| 104|0x00000000a6800000, 0x00000000a6800000, 0x00000000a6900000|  0%| F|  |TAMS 0x00000000a6800000, 0x00000000a6800000| Untracked 
| 105|0x00000000a6900000, 0x00000000a6900000, 0x00000000a6a00000|  0%| F|  |TAMS 0x00000000a6900000, 0x00000000a6900000| Untracked 
| 106|0x00000000a6a00000, 0x00000000a6a00000, 0x00000000a6b00000|  0%| F|  |TAMS 0x00000000a6a00000, 0x00000000a6a00000| Untracked 
| 107|0x00000000a6b00000, 0x00000000a6b00000, 0x00000000a6c00000|  0%| F|  |TAMS 0x00000000a6b00000, 0x00000000a6b00000| Untracked 
| 108|0x00000000a6c00000, 0x00000000a6c00000, 0x00000000a6d00000|  0%| F|  |TAMS 0x00000000a6c00000, 0x00000000a6c00000| Untracked 
| 109|0x00000000a6d00000, 0x00000000a6d00000, 0x00000000a6e00000|  0%| F|  |TAMS 0x00000000a6d00000, 0x00000000a6d00000| Untracked 
| 110|0x00000000a6e00000, 0x00000000a6e00000, 0x00000000a6f00000|  0%| F|  |TAMS 0x00000000a6e00000, 0x00000000a6e00000| Untracked 
| 111|0x00000000a6f00000, 0x00000000a6f00000, 0x00000000a7000000|  0%| F|  |TAMS 0x00000000a6f00000, 0x00000000a6f00000| Untracked 
| 112|0x00000000a7000000, 0x00000000a7000000, 0x00000000a7100000|  0%| F|  |TAMS 0x00000000a7000000, 0x00000000a7000000| Untracked 
| 113|0x00000000a7100000, 0x00000000a7100000, 0x00000000a7200000|  0%| F|  |TAMS 0x00000000a7100000, 0x00000000a7100000| Untracked 
| 114|0x00000000a7200000, 0x00000000a7200000, 0x00000000a7300000|  0%| F|  |TAMS 0x00000000a7200000, 0x00000000a7200000| Untracked 
| 115|0x00000000a7300000, 0x00000000a7300000, 0x00000000a7400000|  0%| F|  |TAMS 0x00000000a7300000, 0x00000000a7300000| Untracked 
| 116|0x00000000a7400000, 0x00000000a742ceb0, 0x00000000a7500000| 17%| E|  |TAMS 0x00000000a7400000, 0x00000000a7400000| Complete 
| 117|0x00000000a7500000, 0x00000000a7600000, 0x00000000a7600000|100%| E|CS|TAMS 0x00000000a7500000, 0x00000000a7500000| Complete 
| 118|0x00000000a7600000, 0x00000000a7700000, 0x00000000a7700000|100%| E|CS|TAMS 0x00000000a7600000, 0x00000000a7600000| Complete 
| 119|0x00000000a7700000, 0x00000000a7800000, 0x00000000a7800000|100%| E|CS|TAMS 0x00000000a7700000, 0x00000000a7700000| Complete 
| 120|0x00000000a7800000, 0x00000000a7900000, 0x00000000a7900000|100%| E|CS|TAMS 0x00000000a7800000, 0x00000000a7800000| Complete 
| 121|0x00000000a7900000, 0x00000000a7a00000, 0x00000000a7a00000|100%| E|CS|TAMS 0x00000000a7900000, 0x00000000a7900000| Complete 
| 122|0x00000000a7a00000, 0x00000000a7af1fc8, 0x00000000a7b00000| 94%| S|CS|TAMS 0x00000000a7a00000, 0x00000000a7a00000| Complete 
| 123|0x00000000a7b00000, 0x00000000a7c00000, 0x00000000a7c00000|100%| S|CS|TAMS 0x00000000a7b00000, 0x00000000a7b00000| Complete 
| 124|0x00000000a7c00000, 0x00000000a7d00000, 0x00000000a7d00000|100%| S|CS|TAMS 0x00000000a7c00000, 0x00000000a7c00000| Complete 
| 125|0x00000000a7d00000, 0x00000000a7e00000, 0x00000000a7e00000|100%| E|CS|TAMS 0x00000000a7d00000, 0x00000000a7d00000| Complete 
| 126|0x00000000a7e00000, 0x00000000a7f00000, 0x00000000a7f00000|100%| E|CS|TAMS 0x00000000a7e00000, 0x00000000a7e00000| Complete 
| 127|0x00000000a7f00000, 0x00000000a8000000, 0x00000000a8000000|100%| E|CS|TAMS 0x00000000a7f00000, 0x00000000a7f00000| Complete 
| 128|0x00000000a8000000, 0x00000000a8100000, 0x00000000a8100000|100%| E|CS|TAMS 0x00000000a8000000, 0x00000000a8000000| Complete 
| 129|0x00000000a8100000, 0x00000000a8200000, 0x00000000a8200000|100%| E|CS|TAMS 0x00000000a8100000, 0x00000000a8100000| Complete 
| 130|0x00000000a8200000, 0x00000000a8300000, 0x00000000a8300000|100%| E|CS|TAMS 0x00000000a8200000, 0x00000000a8200000| Complete 
| 131|0x00000000a8300000, 0x00000000a8400000, 0x00000000a8400000|100%| E|CS|TAMS 0x00000000a8300000, 0x00000000a8300000| Complete 
| 132|0x00000000a8400000, 0x00000000a8500000, 0x00000000a8500000|100%| E|CS|TAMS 0x00000000a8400000, 0x00000000a8400000| Complete 
| 133|0x00000000a8500000, 0x00000000a8600000, 0x00000000a8600000|100%| E|CS|TAMS 0x00000000a8500000, 0x00000000a8500000| Complete 
| 134|0x00000000a8600000, 0x00000000a8700000, 0x00000000a8700000|100%| E|CS|TAMS 0x00000000a8600000, 0x00000000a8600000| Complete 
| 135|0x00000000a8700000, 0x00000000a8800000, 0x00000000a8800000|100%| E|CS|TAMS 0x00000000a8700000, 0x00000000a8700000| Complete 
| 136|0x00000000a8800000, 0x00000000a8900000, 0x00000000a8900000|100%| E|CS|TAMS 0x00000000a8800000, 0x00000000a8800000| Complete 
| 137|0x00000000a8900000, 0x00000000a8a00000, 0x00000000a8a00000|100%| E|CS|TAMS 0x00000000a8900000, 0x00000000a8900000| Complete 
| 138|0x00000000a8a00000, 0x00000000a8b00000, 0x00000000a8b00000|100%| E|CS|TAMS 0x00000000a8a00000, 0x00000000a8a00000| Complete 
| 139|0x00000000a8b00000, 0x00000000a8c00000, 0x00000000a8c00000|100%| E|CS|TAMS 0x00000000a8b00000, 0x00000000a8b00000| Complete 
| 140|0x00000000a8c00000, 0x00000000a8d00000, 0x00000000a8d00000|100%| E|CS|TAMS 0x00000000a8c00000, 0x00000000a8c00000| Complete 
| 141|0x00000000a8d00000, 0x00000000a8e00000, 0x00000000a8e00000|100%| E|CS|TAMS 0x00000000a8d00000, 0x00000000a8d00000| Complete 
| 142|0x00000000a8e00000, 0x00000000a8f00000, 0x00000000a8f00000|100%| E|CS|TAMS 0x00000000a8e00000, 0x00000000a8e00000| Complete 
| 143|0x00000000a8f00000, 0x00000000a9000000, 0x00000000a9000000|100%| E|CS|TAMS 0x00000000a8f00000, 0x00000000a8f00000| Complete 
| 144|0x00000000a9000000, 0x00000000a9100000, 0x00000000a9100000|100%| E|CS|TAMS 0x00000000a9000000, 0x00000000a9000000| Complete 
| 145|0x00000000a9100000, 0x00000000a9200000, 0x00000000a9200000|100%| E|CS|TAMS 0x00000000a9100000, 0x00000000a9100000| Complete 
| 146|0x00000000a9200000, 0x00000000a9300000, 0x00000000a9300000|100%| E|CS|TAMS 0x00000000a9200000, 0x00000000a9200000| Complete 
| 147|0x00000000a9300000, 0x00000000a9400000, 0x00000000a9400000|100%| E|CS|TAMS 0x00000000a9300000, 0x00000000a9300000| Complete 
| 148|0x00000000a9400000, 0x00000000a9500000, 0x00000000a9500000|100%| E|CS|TAMS 0x00000000a9400000, 0x00000000a9400000| Complete 
| 149|0x00000000a9500000, 0x00000000a9600000, 0x00000000a9600000|100%| E|CS|TAMS 0x00000000a9500000, 0x00000000a9500000| Complete 
| 150|0x00000000a9600000, 0x00000000a9700000, 0x00000000a9700000|100%| E|CS|TAMS 0x00000000a9600000, 0x00000000a9600000| Complete 
| 151|0x00000000a9700000, 0x00000000a9800000, 0x00000000a9800000|100%| E|CS|TAMS 0x00000000a9700000, 0x00000000a9700000| Complete 
| 152|0x00000000a9800000, 0x00000000a9900000, 0x00000000a9900000|100%| E|CS|TAMS 0x00000000a9800000, 0x00000000a9800000| Complete 
| 153|0x00000000a9900000, 0x00000000a9a00000, 0x00000000a9a00000|100%| E|CS|TAMS 0x00000000a9900000, 0x00000000a9900000| Complete 
| 154|0x00000000a9a00000, 0x00000000a9b00000, 0x00000000a9b00000|100%| E|CS|TAMS 0x00000000a9a00000, 0x00000000a9a00000| Complete 
| 155|0x00000000a9b00000, 0x00000000a9c00000, 0x00000000a9c00000|100%| E|CS|TAMS 0x00000000a9b00000, 0x00000000a9b00000| Complete 
| 156|0x00000000a9c00000, 0x00000000a9d00000, 0x00000000a9d00000|100%| E|CS|TAMS 0x00000000a9c00000, 0x00000000a9c00000| Complete 
| 157|0x00000000a9d00000, 0x00000000a9e00000, 0x00000000a9e00000|100%| E|CS|TAMS 0x00000000a9d00000, 0x00000000a9d00000| Complete 
| 158|0x00000000a9e00000, 0x00000000a9f00000, 0x00000000a9f00000|100%| E|CS|TAMS 0x00000000a9e00000, 0x00000000a9e00000| Complete 
| 159|0x00000000a9f00000, 0x00000000aa000000, 0x00000000aa000000|100%| E|CS|TAMS 0x00000000a9f00000, 0x00000000a9f00000| Complete 
| 160|0x00000000aa000000, 0x00000000aa100000, 0x00000000aa100000|100%| E|CS|TAMS 0x00000000aa000000, 0x00000000aa000000| Complete 
| 161|0x00000000aa100000, 0x00000000aa200000, 0x00000000aa200000|100%| E|CS|TAMS 0x00000000aa100000, 0x00000000aa100000| Complete 
| 162|0x00000000aa200000, 0x00000000aa300000, 0x00000000aa300000|100%| E|CS|TAMS 0x00000000aa200000, 0x00000000aa200000| Complete 
| 163|0x00000000aa300000, 0x00000000aa400000, 0x00000000aa400000|100%| E|CS|TAMS 0x00000000aa300000, 0x00000000aa300000| Complete 
| 164|0x00000000aa400000, 0x00000000aa500000, 0x00000000aa500000|100%| E|CS|TAMS 0x00000000aa400000, 0x00000000aa400000| Complete 
| 165|0x00000000aa500000, 0x00000000aa600000, 0x00000000aa600000|100%| E|CS|TAMS 0x00000000aa500000, 0x00000000aa500000| Complete 
| 166|0x00000000aa600000, 0x00000000aa700000, 0x00000000aa700000|100%| E|CS|TAMS 0x00000000aa600000, 0x00000000aa600000| Complete 
| 167|0x00000000aa700000, 0x00000000aa800000, 0x00000000aa800000|100%| E|CS|TAMS 0x00000000aa700000, 0x00000000aa700000| Complete 
| 168|0x00000000aa800000, 0x00000000aa900000, 0x00000000aa900000|100%| E|CS|TAMS 0x00000000aa800000, 0x00000000aa800000| Complete 
| 169|0x00000000aa900000, 0x00000000aaa00000, 0x00000000aaa00000|100%| E|CS|TAMS 0x00000000aa900000, 0x00000000aa900000| Complete 
| 170|0x00000000aaa00000, 0x00000000aab00000, 0x00000000aab00000|100%| E|CS|TAMS 0x00000000aaa00000, 0x00000000aaa00000| Complete 
| 171|0x00000000aab00000, 0x00000000aac00000, 0x00000000aac00000|100%| E|CS|TAMS 0x00000000aab00000, 0x00000000aab00000| Complete 
| 172|0x00000000aac00000, 0x00000000aad00000, 0x00000000aad00000|100%| E|CS|TAMS 0x00000000aac00000, 0x00000000aac00000| Complete 
| 173|0x00000000aad00000, 0x00000000aae00000, 0x00000000aae00000|100%| E|CS|TAMS 0x00000000aad00000, 0x00000000aad00000| Complete 
| 174|0x00000000aae00000, 0x00000000aaf00000, 0x00000000aaf00000|100%| E|CS|TAMS 0x00000000aae00000, 0x00000000aae00000| Complete 
| 175|0x00000000aaf00000, 0x00000000ab000000, 0x00000000ab000000|100%| E|CS|TAMS 0x00000000aaf00000, 0x00000000aaf00000| Complete 
| 176|0x00000000ab000000, 0x00000000ab100000, 0x00000000ab100000|100%| E|CS|TAMS 0x00000000ab000000, 0x00000000ab000000| Complete 
| 177|0x00000000ab100000, 0x00000000ab200000, 0x00000000ab200000|100%| E|CS|TAMS 0x00000000ab100000, 0x00000000ab100000| Complete 
| 178|0x00000000ab200000, 0x00000000ab300000, 0x00000000ab300000|100%| E|CS|TAMS 0x00000000ab200000, 0x00000000ab200000| Complete 
| 179|0x00000000ab300000, 0x00000000ab400000, 0x00000000ab400000|100%| E|CS|TAMS 0x00000000ab300000, 0x00000000ab300000| Complete 
| 180|0x00000000ab400000, 0x00000000ab500000, 0x00000000ab500000|100%| E|CS|TAMS 0x00000000ab400000, 0x00000000ab400000| Complete 
| 181|0x00000000ab500000, 0x00000000ab600000, 0x00000000ab600000|100%| E|CS|TAMS 0x00000000ab500000, 0x00000000ab500000| Complete 
| 182|0x00000000ab600000, 0x00000000ab700000, 0x00000000ab700000|100%| E|CS|TAMS 0x00000000ab600000, 0x00000000ab600000| Complete 
| 183|0x00000000ab700000, 0x00000000ab800000, 0x00000000ab800000|100%| E|CS|TAMS 0x00000000ab700000, 0x00000000ab700000| Complete 
| 184|0x00000000ab800000, 0x00000000ab900000, 0x00000000ab900000|100%| E|CS|TAMS 0x00000000ab800000, 0x00000000ab800000| Complete 
| 185|0x00000000ab900000, 0x00000000aba00000, 0x00000000aba00000|100%| E|CS|TAMS 0x00000000ab900000, 0x00000000ab900000| Complete 
| 186|0x00000000aba00000, 0x00000000abb00000, 0x00000000abb00000|100%| E|CS|TAMS 0x00000000aba00000, 0x00000000aba00000| Complete 
| 187|0x00000000abb00000, 0x00000000abc00000, 0x00000000abc00000|100%| E|CS|TAMS 0x00000000abb00000, 0x00000000abb00000| Complete 
| 188|0x00000000abc00000, 0x00000000abd00000, 0x00000000abd00000|100%| E|CS|TAMS 0x00000000abc00000, 0x00000000abc00000| Complete 
| 189|0x00000000abd00000, 0x00000000abe00000, 0x00000000abe00000|100%| E|CS|TAMS 0x00000000abd00000, 0x00000000abd00000| Complete 
| 190|0x00000000abe00000, 0x00000000abf00000, 0x00000000abf00000|100%| E|CS|TAMS 0x00000000abe00000, 0x00000000abe00000| Complete 
| 191|0x00000000abf00000, 0x00000000ac000000, 0x00000000ac000000|100%| E|CS|TAMS 0x00000000abf00000, 0x00000000abf00000| Complete 
| 192|0x00000000ac000000, 0x00000000ac100000, 0x00000000ac100000|100%| E|CS|TAMS 0x00000000ac000000, 0x00000000ac000000| Complete 
| 193|0x00000000ac100000, 0x00000000ac200000, 0x00000000ac200000|100%| E|CS|TAMS 0x00000000ac100000, 0x00000000ac100000| Complete 
| 194|0x00000000ac200000, 0x00000000ac300000, 0x00000000ac300000|100%| E|CS|TAMS 0x00000000ac200000, 0x00000000ac200000| Complete 
| 195|0x00000000ac300000, 0x00000000ac400000, 0x00000000ac400000|100%| E|CS|TAMS 0x00000000ac300000, 0x00000000ac300000| Complete 
| 196|0x00000000ac400000, 0x00000000ac500000, 0x00000000ac500000|100%| E|CS|TAMS 0x00000000ac400000, 0x00000000ac400000| Complete 
| 197|0x00000000ac500000, 0x00000000ac600000, 0x00000000ac600000|100%| E|CS|TAMS 0x00000000ac500000, 0x00000000ac500000| Complete 
| 198|0x00000000ac600000, 0x00000000ac700000, 0x00000000ac700000|100%| E|CS|TAMS 0x00000000ac600000, 0x00000000ac600000| Complete 
| 199|0x00000000ac700000, 0x00000000ac800000, 0x00000000ac800000|100%| E|CS|TAMS 0x00000000ac700000, 0x00000000ac700000| Complete 
| 200|0x00000000ac800000, 0x00000000ac900000, 0x00000000ac900000|100%| E|CS|TAMS 0x00000000ac800000, 0x00000000ac800000| Complete 
| 201|0x00000000ac900000, 0x00000000aca00000, 0x00000000aca00000|100%| E|CS|TAMS 0x00000000ac900000, 0x00000000ac900000| Complete 
| 202|0x00000000aca00000, 0x00000000acb00000, 0x00000000acb00000|100%| E|CS|TAMS 0x00000000aca00000, 0x00000000aca00000| Complete 
| 203|0x00000000acb00000, 0x00000000acc00000, 0x00000000acc00000|100%| E|CS|TAMS 0x00000000acb00000, 0x00000000acb00000| Complete 
| 204|0x00000000acc00000, 0x00000000acd00000, 0x00000000acd00000|100%| E|CS|TAMS 0x00000000acc00000, 0x00000000acc00000| Complete 
| 205|0x00000000acd00000, 0x00000000ace00000, 0x00000000ace00000|100%| E|CS|TAMS 0x00000000acd00000, 0x00000000acd00000| Complete 
| 206|0x00000000ace00000, 0x00000000acf00000, 0x00000000acf00000|100%| E|CS|TAMS 0x00000000ace00000, 0x00000000ace00000| Complete 
| 207|0x00000000acf00000, 0x00000000ad000000, 0x00000000ad000000|100%| E|CS|TAMS 0x00000000acf00000, 0x00000000acf00000| Complete 
| 208|0x00000000ad000000, 0x00000000ad100000, 0x00000000ad100000|100%| E|CS|TAMS 0x00000000ad000000, 0x00000000ad000000| Complete 
| 209|0x00000000ad100000, 0x00000000ad200000, 0x00000000ad200000|100%| E|CS|TAMS 0x00000000ad100000, 0x00000000ad100000| Complete 
| 210|0x00000000ad200000, 0x00000000ad300000, 0x00000000ad300000|100%| E|CS|TAMS 0x00000000ad200000, 0x00000000ad200000| Complete 
| 211|0x00000000ad300000, 0x00000000ad400000, 0x00000000ad400000|100%| E|CS|TAMS 0x00000000ad300000, 0x00000000ad300000| Complete 
| 212|0x00000000ad400000, 0x00000000ad500000, 0x00000000ad500000|100%| E|CS|TAMS 0x00000000ad400000, 0x00000000ad400000| Complete 
| 213|0x00000000ad500000, 0x00000000ad600000, 0x00000000ad600000|100%| E|CS|TAMS 0x00000000ad500000, 0x00000000ad500000| Complete 
| 214|0x00000000ad600000, 0x00000000ad700000, 0x00000000ad700000|100%| E|CS|TAMS 0x00000000ad600000, 0x00000000ad600000| Complete 
| 215|0x00000000ad700000, 0x00000000ad800000, 0x00000000ad800000|100%| E|CS|TAMS 0x00000000ad700000, 0x00000000ad700000| Complete 
| 216|0x00000000ad800000, 0x00000000ad900000, 0x00000000ad900000|100%| E|CS|TAMS 0x00000000ad800000, 0x00000000ad800000| Complete 
| 217|0x00000000ad900000, 0x00000000ada00000, 0x00000000ada00000|100%| E|CS|TAMS 0x00000000ad900000, 0x00000000ad900000| Complete 
| 218|0x00000000ada00000, 0x00000000adb00000, 0x00000000adb00000|100%| E|CS|TAMS 0x00000000ada00000, 0x00000000ada00000| Complete 
| 219|0x00000000adb00000, 0x00000000adc00000, 0x00000000adc00000|100%| E|CS|TAMS 0x00000000adb00000, 0x00000000adb00000| Complete 
| 220|0x00000000adc00000, 0x00000000add00000, 0x00000000add00000|100%| E|CS|TAMS 0x00000000adc00000, 0x00000000adc00000| Complete 
| 221|0x00000000add00000, 0x00000000ade00000, 0x00000000ade00000|100%| E|CS|TAMS 0x00000000add00000, 0x00000000add00000| Complete 

Card table byte_map: [0x000001b152af0000,0x000001b152df0000] _byte_map_base: 0x000001b1525f0000

Marking Bits (Prev, Next): (CMBitMap*) 0x000001b13b906f50, (CMBitMap*) 0x000001b13b906f18
 Prev Bits: [0x000001b1548f0000, 0x000001b1560f0000)
 Next Bits: [0x000001b1530f0000, 0x000001b1548f0000)

Polling page: 0x000001b139c40000

Metaspace:

Usage:
  Non-class:     65.31 MB capacity,    63.14 MB ( 97%) used,     1.86 MB (  3%) free+waste,   312.81 KB ( <1%) overhead. 
      Class:     10.52 MB capacity,     9.27 MB ( 88%) used,     1.11 MB ( 11%) free+waste,   151.19 KB (  1%) overhead. 
       Both:     75.83 MB capacity,    72.41 MB ( 95%) used,     2.96 MB (  4%) free+waste,   464.00 KB ( <1%) overhead. 

Virtual space:
  Non-class space:       66.00 MB reserved,      65.50 MB (>99%) committed 
      Class space:        1.00 GB reserved,      10.54 MB (  1%) committed 
             Both:        1.06 GB reserved,      76.04 MB (  7%) committed 

Chunk freelists:
   Non-Class:  768 bytes
       Class:  0 bytes
        Both:  768 bytes

CodeHeap 'non-profiled nmethods': size=119168Kb used=6189Kb max_used=6189Kb free=112978Kb
 bounds [0x000001b14ab10000, 0x000001b14b120000, 0x000001b151f70000]
CodeHeap 'profiled nmethods': size=119168Kb used=24477Kb max_used=24477Kb free=94690Kb
 bounds [0x000001b1436b0000, 0x000001b144ea0000, 0x000001b14ab10000]
CodeHeap 'non-nmethods': size=7424Kb used=2293Kb max_used=3994Kb free=5130Kb
 bounds [0x000001b142f70000, 0x000001b143360000, 0x000001b1436b0000]
 total_blobs=13041 nmethods=12146 adapters=803
 compilation: enabled
              stopped_count=0, restarted_count=0
 full_count=0

Compilation events (10 events):
Event: 8240.611 Thread 0x000001b159975000 12631       3       java.lang.ProcessEnvironment$CheckedEntry::getValue (5 bytes)
Event: 8240.612 Thread 0x000001b159975000 nmethod 12631 0x000001b144e93690 code [0x000001b144e93840, 0x000001b144e93b48]
Event: 8240.612 Thread 0x000001b159975000 12632       3       java.lang.ProcessEnvironment$CheckedEntry::getValue (13 bytes)
Event: 8240.612 Thread 0x000001b159975000 nmethod 12632 0x000001b144e93c90 code [0x000001b144e93e40, 0x000001b144e940e8]
Event: 8240.614 Thread 0x000001b159975000 12633       3       org.gradle.internal.SystemProperties::isStandardProperty (10 bytes)
Event: 8240.615 Thread 0x000001b159975000 nmethod 12633 0x000001b144e94210 code [0x000001b144e943c0, 0x000001b144e94668]
Event: 8240.744 Thread 0x000001b159975000 12637       3       org.gradle.internal.event.DefaultListenerManager$ListenerDetails::dispatch (9 bytes)
Event: 8240.745 Thread 0x000001b159975000 nmethod 12637 0x000001b144e94790 code [0x000001b144e94940, 0x000001b144e94b68]
Event: 8240.745 Thread 0x000001b159975000 12638   !   3       org.gradle.internal.event.DefaultListenerManager$ListenerDetails::dispatch (67 bytes)
Event: 8240.752 Thread 0x000001b159975000 nmethod 12638 0x000001b144e94c10 code [0x000001b144e94e80, 0x000001b144e95938]

GC Heap History (10 events):
Event: 22.730 GC heap before
{Heap before GC invocations=13 (full 0):
 garbage-first heap   total 227328K, used 180939K [0x00000000a0000000, 0x0000000100000000)
  region size 1024K, 133 young (136192K), 10 survivors (10240K)
 Metaspace       used 63957K, capacity 66401K, committed 66604K, reserved 1105920K
  class space    used 8282K, capacity 9161K, committed 9260K, reserved 1048576K
}
Event: 22.738 GC heap after
{Heap after GC invocations=14 (full 0):
 garbage-first heap   total 227328K, used 57588K [0x00000000a0000000, 0x0000000100000000)
  region size 1024K, 8 young (8192K), 8 survivors (8192K)
 Metaspace       used 63957K, capacity 66401K, committed 66604K, reserved 1105920K
  class space    used 8282K, capacity 9161K, committed 9260K, reserved 1048576K
}
Event: 24.477 GC heap before
{Heap before GC invocations=14 (full 0):
 garbage-first heap   total 227328K, used 182516K [0x00000000a0000000, 0x0000000100000000)
  region size 1024K, 131 young (134144K), 8 survivors (8192K)
 Metaspace       used 68276K, capacity 71063K, committed 71340K, reserved 1110016K
  class space    used 8794K, capacity 9804K, committed 9900K, reserved 1048576K
}
Event: 24.486 GC heap after
{Heap after GC invocations=15 (full 0):
 garbage-first heap   total 227328K, used 62838K [0x00000000a0000000, 0x0000000100000000)
  region size 1024K, 13 young (13312K), 13 survivors (13312K)
 Metaspace       used 68276K, capacity 71063K, committed 71340K, reserved 1110016K
  class space    used 8794K, capacity 9804K, committed 9900K, reserved 1048576K
}
Event: 26.521 GC heap before
{Heap before GC invocations=15 (full 0):
 garbage-first heap   total 227328K, used 190838K [0x00000000a0000000, 0x0000000100000000)
  region size 1024K, 132 young (135168K), 13 survivors (13312K)
 Metaspace       used 70974K, capacity 73960K, committed 74028K, reserved 1114112K
  class space    used 9131K, capacity 10243K, committed 10284K, reserved 1048576K
}
Event: 26.530 GC heap after
{Heap after GC invocations=16 (full 0):
 garbage-first heap   total 227328K, used 78703K [0x00000000a0000000, 0x0000000100000000)
  region size 1024K, 16 young (16384K), 16 survivors (16384K)
 Metaspace       used 70974K, capacity 73960K, committed 74028K, reserved 1114112K
  class space    used 9131K, capacity 10243K, committed 10284K, reserved 1048576K
}
Event: 30.596 GC heap before
{Heap before GC invocations=16 (full 0):
 garbage-first heap   total 227328K, used 182127K [0x00000000a0000000, 0x0000000100000000)
  region size 1024K, 118 young (120832K), 16 survivors (16384K)
 Metaspace       used 73505K, capacity 76995K, committed 77100K, reserved 1116160K
  class space    used 9481K, capacity 10762K, committed 10796K, reserved 1048576K
}
Event: 30.608 GC heap after
{Heap after GC invocations=17 (full 0):
 garbage-first heap   total 227328K, used 84826K [0x00000000a0000000, 0x0000000100000000)
  region size 1024K, 7 young (7168K), 7 survivors (7168K)
 Metaspace       used 73505K, capacity 76995K, committed 77100K, reserved 1116160K
  class space    used 9481K, capacity 10762K, committed 10796K, reserved 1048576K
}
Event: 2848.691 GC heap before
{Heap before GC invocations=17 (full 0):
 garbage-first heap   total 227328K, used 184154K [0x00000000a0000000, 0x0000000100000000)
  region size 1024K, 104 young (106496K), 7 survivors (7168K)
 Metaspace       used 74133K, capacity 77648K, committed 77868K, reserved 1116160K
  class space    used 9489K, capacity 10774K, committed 10796K, reserved 1048576K
}
Event: 2848.785 GC heap after
{Heap after GC invocations=18 (full 0):
 garbage-first heap   total 227328K, used 81003K [0x00000000a0000000, 0x0000000100000000)
  region size 1024K, 3 young (3072K), 3 survivors (3072K)
 Metaspace       used 74133K, capacity 77648K, committed 77868K, reserved 1116160K
  class space    used 9489K, capacity 10774K, committed 10796K, reserved 1048576K
}

Deoptimization events (10 events):
Event: 8240.647 Thread 0x000001b15f9ab000 Uncommon trap: reason=unstable_if action=reinterpret pc=0x000001b14b0d18ac method=java.util.Formatter$Conversion.isText(C)Z @ 1 c2
Event: 8240.648 Thread 0x000001b15f9ab000 Uncommon trap: reason=unstable_if action=reinterpret pc=0x000001b14b0e1208 method=java.util.Formatter.parse(Ljava/lang/String;)Ljava/util/List; @ 29 c2
Event: 8240.648 Thread 0x000001b15f9ab000 Uncommon trap: reason=unstable_if action=reinterpret pc=0x000001b14b0cab20 method=java.util.Formatter$FormatSpecifier.print(Ljava/lang/Object;Ljava/util/Locale;)V @ 18 c2
Event: 8240.661 Thread 0x000001b15f9ab000 Uncommon trap: reason=unstable_if action=reinterpret pc=0x000001b14b0c7e58 method=java.util.Formatter$Conversion.isText(C)Z @ 1 c2
Event: 8240.662 Thread 0x000001b15f9ab000 Uncommon trap: reason=bimorphic_or_optimized_type_check action=maybe_recompile pc=0x000001b14b0bde34 method=jdk.internal.reflect.GeneratedMethodAccessor1.invoke(Ljava/lang/Object;[Ljava/lang/Object;)Ljava/lang/Object; @ 40 c2
Event: 8240.664 Thread 0x000001b15f9ab000 Uncommon trap: reason=bimorphic_or_optimized_type_check action=maybe_recompile pc=0x000001b14b0bde34 method=jdk.internal.reflect.GeneratedMethodAccessor1.invoke(Ljava/lang/Object;[Ljava/lang/Object;)Ljava/lang/Object; @ 40 c2
Event: 8240.665 Thread 0x000001b15f9ab000 Uncommon trap: reason=bimorphic_or_optimized_type_check action=maybe_recompile pc=0x000001b14b0bde34 method=jdk.internal.reflect.GeneratedMethodAccessor1.invoke(Ljava/lang/Object;[Ljava/lang/Object;)Ljava/lang/Object; @ 40 c2
Event: 8240.667 Thread 0x000001b15f9ab000 Uncommon trap: reason=class_check action=maybe_recompile pc=0x000001b14b11a4cc method=org.gradle.internal.logging.sink.OutputEventTransformer.onOutput(Lorg/gradle/internal/logging/events/OutputEvent;)V @ 308 c2
Event: 8240.737 Thread 0x000001b15f9ab000 Uncommon trap: reason=unstable_if action=reinterpret pc=0x000001b14b117160 method=org.gradle.internal.dispatch.MethodInvocation.<init>(Ljava/lang/reflect/Method;[Ljava/lang/Object;)V @ 11 c2
Event: 8240.802 Thread 0x000001b15f9ab000 Uncommon trap: reason=unstable_if action=reinterpret pc=0x000001b14b11a2d4 method=org.gradle.internal.logging.sink.OutputEventTransformer.onOutput(Lorg/gradle/internal/logging/events/OutputEvent;)V @ 4 c2

Classes redefined (0 events):
No events

Internal exceptions (10 events):
Event: 29.996 Thread 0x000001b15c079000 Implicit null exception at 0x000001b14af19114 to 0x000001b14af19830
Event: 30.732 Thread 0x000001b15c079000 Exception <a 'java/lang/ClassNotFoundException'{0x00000000ad04b548}: GradleAnnotationProcessorPatchPluginBeanInfo> (0x00000000ad04b548) thrown at [./open/src/hotspot/share/classfile/systemDictionary.cpp, line 226]
Event: 30.733 Thread 0x000001b15c079000 Exception <a 'java/lang/ClassNotFoundException'{0x00000000ad056c88}: GradleAnnotationProcessorPatchPluginCustomizer> (0x00000000ad056c88) thrown at [./open/src/hotspot/share/classfile/systemDictionary.cpp, line 226]
Event: 30.738 Thread 0x000001b15c079000 Exception <a 'java/lang/ClassNotFoundException'{0x00000000ad093aa0}: GradleAnnotationProcessorPatchPlugin$AnnotationProcessorModelBuilderBeanInfo> (0x00000000ad093aa0) thrown at [./open/src/hotspot/share/classfile/systemDictionary.cpp, line 226]
Event: 30.742 Thread 0x000001b15c079000 Exception <a 'java/lang/ClassNotFoundException'{0x00000000ad09f6c8}: GradleAnnotationProcessorPatchPlugin$AnnotationProcessorModelBuilderCustomizer> (0x00000000ad09f6c8) thrown at [./open/src/hotspot/share/classfile/systemDictionary.cpp, line 226]
Event: 30.754 Thread 0x000001b15c079000 Exception <a 'java/lang/ClassNotFoundException'{0x00000000ace45868}: org/gradle/tooling/provider/model/internal/DefaultToolingModelBuilderRegistryBeanInfo> (0x00000000ace45868) thrown at [./open/src/hotspot/share/classfile/systemDictionary.cpp, line 226]
Event: 30.756 Thread 0x000001b15c079000 Exception <a 'java/lang/ClassNotFoundException'{0x00000000ace88928}: org/gradle/tooling/provider/model/internal/DefaultToolingModelBuilderRegistryCustomizer> (0x00000000ace88928) thrown at [./open/src/hotspot/share/classfile/systemDictionary.cpp, line 226
Event: 30.847 Thread 0x000001b15c079000 Exception <a 'sun/nio/fs/WindowsException'{0x00000000ac33c5c0}> (0x00000000ac33c5c0) thrown at [./open/src/hotspot/share/prims/jni.cpp, line 611]
Event: 30.847 Thread 0x000001b15c079000 Exception <a 'sun/nio/fs/WindowsException'{0x00000000ac33c920}> (0x00000000ac33c920) thrown at [./open/src/hotspot/share/prims/jni.cpp, line 611]
Event: 465.023 Thread 0x000001b15bced800 Implicit null exception at 0x000001b14ab5e5f4 to 0x000001b14ab5ead0

Events (10 events):
Event: 8240.745 Executing VM operation: RevokeBias done
Event: 8240.745 Executing VM operation: RevokeBias
Event: 8240.746 Executing VM operation: RevokeBias done
Event: 8240.801 Thread 0x000001b15f9ab000 Uncommon trap: trap_request=0xffffff4d fr.pc=0x000001b14b11a2d4 relative=0x00000000000001f4
Event: 8240.802 Thread 0x000001b15f9ab000 DEOPT PACKING pc=0x000001b14b11a2d4 sp=0x0000005ed34fcf10
Event: 8240.802 Thread 0x000001b15f9ab000 DEOPT UNPACKING pc=0x000001b142f9662f sp=0x0000005ed34fcec8 mode 2
Event: 8240.804 Executing VM operation: RevokeBias
Event: 8240.804 Executing VM operation: RevokeBias done
Event: 8240.804 Executing VM operation: RevokeBias
Event: 8240.804 Executing VM operation: RevokeBias done


Dynamic libraries:
0x00007ff67f5e0000 - 0x00007ff67f5ef000 	C:\Program Files\Java\jdk-11.0.16\bin\java.exe
0x00007ffe53a40000 - 0x00007ffe53ca6000 	C:\WINDOWS\SYSTEM32\ntdll.dll
0x00007ffe52a60000 - 0x00007ffe52b29000 	C:\WINDOWS\System32\KERNEL32.DLL
0x00007ffe51170000 - 0x00007ffe51570000 	C:\WINDOWS\System32\KERNELBASE.dll
0x00007ffe51580000 - 0x00007ffe516cc000 	C:\WINDOWS\System32\ucrtbase.dll
0x00007ffe30d40000 - 0x00007ffe30d58000 	C:\Program Files\Java\jdk-11.0.16\bin\jli.dll
0x00007ffe53600000 - 0x00007ffe536b7000 	C:\WINDOWS\System32\ADVAPI32.dll
0x00007ffe52bd0000 - 0x00007ffe52c79000 	C:\WINDOWS\System32\msvcrt.dll
0x00007ffe29dc0000 - 0x00007ffe29dd5000 	C:\Program Files\Java\jdk-11.0.16\bin\VCRUNTIME140.dll
0x00007ffe53950000 - 0x00007ffe539fa000 	C:\WINDOWS\System32\sechost.dll
0x00007ffe52710000 - 0x00007ffe52828000 	C:\WINDOWS\System32\RPCRT4.dll
0x00007ffe536c0000 - 0x00007ffe53887000 	C:\WINDOWS\System32\USER32.dll
0x00007ffe51140000 - 0x00007ffe51167000 	C:\WINDOWS\System32\win32u.dll
0x00007ffe52c80000 - 0x00007ffe52cab000 	C:\WINDOWS\System32\GDI32.dll
0x00007ffe50c60000 - 0x00007ffe50d89000 	C:\WINDOWS\System32\gdi32full.dll
0x00007ffe37aa0000 - 0x00007ffe37d32000 	C:\WINDOWS\WinSxS\amd64_microsoft.windows.common-controls_6595b64144ccf1df_6.0.26100.8737_none_3e092eaee333b772\COMCTL32.dll
0x00007ffe50f10000 - 0x00007ffe50fb3000 	C:\WINDOWS\System32\msvcp_win.dll
0x00007ffe47f50000 - 0x00007ffe47f5b000 	C:\WINDOWS\SYSTEM32\VERSION.dll
0x00007ffe52060000 - 0x00007ffe52092000 	C:\WINDOWS\System32\IMM32.DLL
0x00007ffdf3fb0000 - 0x00007ffdf404b000 	C:\Program Files\Java\jdk-11.0.16\bin\msvcp140.dll
0x00007ffd92f00000 - 0x00007ffd93a18000 	C:\Program Files\Java\jdk-11.0.16\bin\server\jvm.dll
0x00007ffe51ff0000 - 0x00007ffe51ff8000 	C:\WINDOWS\System32\PSAPI.DLL
0x00007ffe47ed0000 - 0x00007ffe47f06000 	C:\WINDOWS\SYSTEM32\WINMM.dll
0x00007ffe30670000 - 0x00007ffe3067a000 	C:\WINDOWS\SYSTEM32\WSOCK32.dll
0x00007ffe52b30000 - 0x00007ffe52bb0000 	C:\WINDOWS\System32\WS2_32.dll
0x00007ffe4f910000 - 0x00007ffe4f92b000 	C:\WINDOWS\SYSTEM32\kernel.appcore.dll
0x00007ffe29db0000 - 0x00007ffe29dc0000 	C:\Program Files\Java\jdk-11.0.16\bin\verify.dll
0x00007ffe4e2a0000 - 0x00007ffe4e4e2000 	C:\WINDOWS\SYSTEM32\DBGHELP.DLL
0x00007ffe53140000 - 0x00007ffe534c3000 	C:\WINDOWS\System32\combase.dll
0x00007ffe51f10000 - 0x00007ffe51fe9000 	C:\WINDOWS\System32\OLEAUT32.dll
0x00007ffe37750000 - 0x00007ffe3778b000 	C:\WINDOWS\SYSTEM32\dbgcore.DLL
0x00007ffe50fc0000 - 0x00007ffe5106c000 	C:\WINDOWS\System32\bcryptPrimitives.dll
0x00007ffdf4450000 - 0x00007ffdf4478000 	C:\Program Files\Java\jdk-11.0.16\bin\java.dll
0x00007ffe29da0000 - 0x00007ffe29daa000 	C:\Program Files\Java\jdk-11.0.16\bin\jimage.dll
0x00007ffdf4440000 - 0x00007ffdf444e000 	C:\Program Files\Java\jdk-11.0.16\bin\instrument.dll
0x00007ffdf4420000 - 0x00007ffdf4436000 	C:\Program Files\Java\jdk-11.0.16\bin\zip.dll
0x00007ffe51770000 - 0x00007ffe51f02000 	C:\WINDOWS\System32\SHELL32.dll
0x00007ffe4e6c0000 - 0x00007ffe4ef52000 	C:\WINDOWS\SYSTEM32\windows.storage.dll
0x00007ffe534d0000 - 0x00007ffe535c7000 	C:\WINDOWS\System32\SHCORE.dll
0x00007ffe52210000 - 0x00007ffe52277000 	C:\WINDOWS\System32\shlwapi.dll
0x00007ffe50b80000 - 0x00007ffe50ba9000 	C:\WINDOWS\SYSTEM32\profapi.dll
0x00007ffe3d0c0000 - 0x00007ffe3d0d9000 	C:\Program Files\Java\jdk-11.0.16\bin\net.dll
0x00007ffe49fa0000 - 0x00007ffe4a0c9000 	C:\WINDOWS\SYSTEM32\WINHTTP.dll
0x00007ffe4fed0000 - 0x00007ffe4ff3c000 	C:\WINDOWS\system32\mswsock.dll
0x00007ffe3d0a0000 - 0x00007ffe3d0b2000 	C:\Program Files\Java\jdk-11.0.16\bin\nio.dll
0x00007ffda6cf0000 - 0x00007ffda6d17000 	C:\Users\santh\.gradle\native\1def1411415f61bf3af743bc5b6707747c0891f09f0c88961ee8f79bc544acac\windows-amd64\native-platform.dll
0x00007ffdf4050000 - 0x00007ffdf40c8000 	C:\Users\santh\.gradle\native\0.2.7\x86_64-windows-gnu\gradle-fileevents.dll
0x00007ffdf29c0000 - 0x00007ffdf29c9000 	C:\Program Files\Java\jdk-11.0.16\bin\management.dll
0x00007ffdf29b0000 - 0x00007ffdf29bb000 	C:\Program Files\Java\jdk-11.0.16\bin\management_ext.dll
0x00007ffe4f2b0000 - 0x00007ffe4f2e3000 	C:\WINDOWS\SYSTEM32\IPHLPAPI.DLL
0x00007ffe52bc0000 - 0x00007ffe52bca000 	C:\WINDOWS\System32\NSI.dll
0x00007ffe4aac0000 - 0x00007ffe4aadd000 	C:\WINDOWS\SYSTEM32\dhcpcsvc6.DLL
0x00007ffe4aa90000 - 0x00007ffe4aab5000 	C:\WINDOWS\SYSTEM32\dhcpcsvc.DLL
0x00007ffe4f340000 - 0x00007ffe4f495000 	C:\WINDOWS\SYSTEM32\DNSAPI.dll
0x00007ffe4fcd0000 - 0x00007ffe4fcdd000 	C:\WINDOWS\SYSTEM32\DSPARSE.dll
0x00007ffe50210000 - 0x00007ffe5022b000 	C:\WINDOWS\SYSTEM32\CRYPTSP.dll
0x00007ffe4f870000 - 0x00007ffe4f8a9000 	C:\WINDOWS\system32\rsaenh.dll
0x00007ffe4ffb0000 - 0x00007ffe4ffe2000 	C:\WINDOWS\SYSTEM32\USERENV.dll
0x00007ffe50b50000 - 0x00007ffe50b7a000 	C:\WINDOWS\SYSTEM32\bcrypt.dll
0x00007ffe501f0000 - 0x00007ffe501fc000 	C:\WINDOWS\SYSTEM32\CRYPTBASE.dll
0x00007ffe4fa50000 - 0x00007ffe4fa86000 	C:\WINDOWS\SYSTEM32\ntmarta.dll

dbghelp: loaded successfully - version: 4.0.5 - missing functions: none
symbol engine: initialized successfully - sym options: 0x614 - pdb path: .;C:\Program Files\Java\jdk-11.0.16\bin;C:\WINDOWS\SYSTEM32;C:\WINDOWS\WinSxS\amd64_microsoft.windows.common-controls_6595b64144ccf1df_6.0.26100.8737_none_3e092eaee333b772;C:\Program Files\Java\jdk-11.0.16\bin\server;C:\Users\santh\.gradle\native\1def1411415f61bf3af743bc5b6707747c0891f09f0c88961ee8f79bc544acac\windows-amd64;C:\Users\santh\.gradle\native\0.2.7\x86_64-windows-gnu

VM Arguments:
jvm_args: --add-opens=java.base/java.lang=ALL-UNNAMED --add-opens=java.base/java.lang.invoke=ALL-UNNAMED --add-opens=java.base/java.util=ALL-UNNAMED --add-opens=java.prefs/java.util.prefs=ALL-UNNAMED --add-exports=jdk.compiler/com.sun.tools.javac.api=ALL-UNNAMED --add-exports=jdk.compiler/com.sun.tools.javac.util=ALL-UNNAMED --add-opens=java.base/java.util=ALL-UNNAMED --add-opens=java.prefs/java.util.prefs=ALL-UNNAMED --add-opens=java.base/java.nio.charset=ALL-UNNAMED --add-opens=java.base/java.net=ALL-UNNAMED --add-opens=java.base/java.util.concurrent.atomic=ALL-UNNAMED --add-opens=java.xml/javax.xml.namespace=ALL-UNNAMED -Xmx1536m -Dfile.encoding=UTF-8 -Duser.country=US -Duser.language=en -Duser.variant -javaagent:C:\Users\santh\.gradle\wrapper\dists\gradle-8.14.3-all\10utluxaxniiv4wxiphsi49nj\gradle-8.14.3\lib\agents\gradle-instrumentation-agent-8.14.3.jar 
java_command: org.gradle.launcher.daemon.bootstrap.GradleDaemon 8.14.3
java_class_path (initial): C:\Users\santh\.gradle\wrapper\dists\gradle-8.14.3-all\10utluxaxniiv4wxiphsi49nj\gradle-8.14.3\lib\gradle-daemon-main-8.14.3.jar
Launcher Type: SUN_STANDARD

[Global flags]
     intx CICompilerCount                          = 12                                        {product} {ergonomic}
     uint ConcGCThreads                            = 3                                         {product} {ergonomic}
     uint G1ConcRefinementThreads                  = 13                                        {product} {ergonomic}
   size_t G1HeapRegionSize                         = 1048576                                   {product} {ergonomic}
    uintx GCDrainStackTargetSize                   = 64                                        {product} {ergonomic}
   size_t InitialHeapSize                          = 232783872                                 {product} {ergonomic}
   size_t MarkStackSize                            = 4194304                                   {product} {ergonomic}
   size_t MaxHeapSize                              = 1610612736                                {product} {command line}
   size_t MaxNewSize                               = 965738496                                 {product} {ergonomic}
   size_t MinHeapDeltaBytes                        = 1048576                                   {product} {ergonomic}
    uintx NonNMethodCodeHeapSize                   = 7594288                                {pd product} {ergonomic}
    uintx NonProfiledCodeHeapSize                  = 122031976                              {pd product} {ergonomic}
    uintx ProfiledCodeHeapSize                     = 122031976                              {pd product} {ergonomic}
    uintx ReservedCodeCacheSize                    = 251658240                              {pd product} {ergonomic}
     bool SegmentedCodeCache                       = true                                      {product} {ergonomic}
     bool UseCompressedClassPointers               = true                                 {lp64_product} {ergonomic}
     bool UseCompressedOops                        = true                                 {lp64_product} {ergonomic}
     bool UseG1GC                                  = true                                      {product} {ergonomic}
     bool UseLargePagesIndividualAllocation        = false                                  {pd product} {ergonomic}

Logging:
Log output configuration:
 #0: stdout all=warning uptime,level,tags
 #1: stderr all=off uptime,level,tags

Environment Variables:
JAVA_HOME=C:\Program Files\Java
PATH=C:\app\santh\product\21c\dbhomeXE\bin;C:\Program Files\Common Files\Oracle\Java\javapath;C:\Windows\system32;C:\Windows;C:\Windows\System32\Wbem;C:\Windows\System32\WindowsPowerShell\v1.0\;C:\Windows\System32\OpenSSH\;C:\Program Files (x86)\NVIDIA Corporation\PhysX\Common;C:\Program Files\NVIDIA Corporation\NVIDIA NvDLISR;C:\WINDOWS\system32;C:\WINDOWS;C:\WINDOWS\System32\Wbem;C:\WINDOWS\System32\WindowsPowerShell\v1.0\;C:\WINDOWS\System32\OpenSSH\;C:\Program Files\Amazon\AWSCLIV2\;C:\Program Files\PuTTY\;C:\Program Files\nodejs\;C:\Program Files\Git\cmd;C:\Program Files\Java\jdk-21_windows-x64_bin\jdk-21.0.10\bin;;C:\Program Files\Docker\Docker\resources\bin;C:\Users\santh\AppData\Local\Microsoft\WindowsApps;C:\Program Files\Java\jdk-11.0.16\bin;C:\Users\santh\AppData\Roaming\npm;C:\Users\santh\AppData\Local\Programs\Microsoft VS Code\bin;C:\Users\santh\AppData\Local\GitHubDesktop\bin
USERNAME=santh
OS=Windows_NT
PROCESSOR_IDENTIFIER=AMD64 Family 25 Model 80 Stepping 0, AuthenticAMD



---------------  S Y S T E M  ---------------

OS: Windows 11 , 64 bit Build 26100 (10.0.26100.8737)
Hyper-V role detected

CPU:total 16 (initial active 16) (16 cores per cpu, 2 threads per core) family 25 model 80 stepping 0 microcode 0xa50000c, cmov, cx8, fxsr, mmx, sse, sse2, sse3, ssse3, sse4.1, sse4.2, popcnt, avx, avx2, aes, clmul, erms, mmxext, 3dnowpref, lzcnt, sse4a, ht, tsc, tscinvbit, tscinv, bmi1,

Memory: 4k page, system-wide physical 14188M (317M free)
TotalPageFile size 57196M (AvailPageFile size 4M)
current process WorkingSet (physical memory assigned to process): 78M, peak: 452M
current process commit charge ("private bytes"): 491M, peak: 509M

vm_info: Java HotSpot(TM) 64-Bit Server VM (11.0.16+11-LTS-199) for windows-amd64 JRE (11.0.16+11-LTS-199), built on Jun 28 2022 08:23:17 by "mach5one" with MS VC++ 15.9 (VS2017)

END.
