#
# There is insufficient memory for the Java Runtime Environment to continue.
# Native memory allocation (malloc) failed to allocate 1034368 bytes. Error detail: Chunk::new
# Possible reasons:
#   The system is out of physical RAM or swap space
#   This process is running with CompressedOops enabled, and the Java Heap may be blocking the growth of the native heap
# Possible solutions:
#   Reduce memory load on the system
#   Increase physical memory or swap space
#   Check if swap backing store is full
#   Decrease Java heap size (-Xmx/-Xms)
#   Decrease number of Java threads
#   Decrease Java thread stack sizes (-Xss)
#   Set larger code cache with -XX:ReservedCodeCacheSize=
#   JVM is running with Unscaled Compressed Oops mode in which the Java heap is
#     placed in the first 4GB address space. The Java Heap base address is the
#     maximum limit for the native heap growth. Please use -XX:HeapBaseMinAddress
#     to set the Java Heap base and to place the Java Heap above 4GB virtual address.
# This output file may be truncated or incomplete.
#
#  Out of Memory Error (arena.cpp:168), pid=8576, tid=15964
#
# JRE version: OpenJDK Runtime Environment Temurin-21.0.11+10 (21.0.11+10) (build 21.0.11+10-LTS)
# Java VM: OpenJDK 64-Bit Server VM Temurin-21.0.11+10 (21.0.11+10-LTS, mixed mode, sharing, tiered, compressed oops, compressed class ptrs, parallel gc, windows-amd64)
# No core dump will be written. Minidumps are not enabled by default on client versions of Windows
#

---------------  S U M M A R Y ------------

Command Line: --add-modules=ALL-SYSTEM --add-opens=java.base/java.util=ALL-UNNAMED --add-opens=java.base/java.lang=ALL-UNNAMED --add-opens=java.base/sun.nio.fs=ALL-UNNAMED -Declipse.application=org.eclipse.jdt.ls.core.id1 -Dosgi.bundles.defaultStartLevel=4 -Declipse.product=org.eclipse.jdt.ls.core.product -Djava.import.generatesMetadataFilesAtProjectRoot=false -DDetectVMInstallationsJob.disabled=true -Dfile.encoding=utf8 -XX:+UseParallelGC -XX:GCTimeRatio=4 -XX:AdaptiveSizePolicyWeight=90 -Dsun.zip.disableMemoryMapping=true -Xmx2G -Xms100m -Xlog:disable -javaagent:c:\Users\santh\.vscode\extensions\redhat.java-1.55.0-win32-x64\lombok\lombok-1.18.39-4050.jar -XX:+HeapDumpOnOutOfMemoryError -XX:HeapDumpPath=c:\Users\santh\AppData\Roaming\Code\User\workspaceStorage\3b4c82f2017b046094d4374927bbe9a6\redhat.java -Daether.dependencyCollector.impl=bf c:\Users\santh\.vscode\extensions\redhat.java-1.55.0-win32-x64\server\plugins\org.eclipse.equinox.launcher_1.7.200.v20260619-2039.jar -configuration c:\Users\santh\AppData\Roaming\Code\User\globalStorage\redhat.java\1.55.0\config_win -data c:\Users\santh\AppData\Roaming\Code\User\workspaceStorage\3b4c82f2017b046094d4374927bbe9a6\redhat.java\jdt_ws --pipe=\\.\pipe\lsp-601b5a02438c7dca497b370be348d007-sock

Host: AMD Ryzen 7 5800H with Radeon Graphics         , 16 cores, 13G,  Windows 11 , 64 bit Build 26100 (10.0.26100.8737)
Time: Tue Aug 11 01:54:44 2026 India Standard Time elapsed time: 62.928862 seconds (0d 0h 1m 2s)

---------------  T H R E A D  ---------------

Current thread (0x00000292f1fbce10):  JavaThread "C2 CompilerThread0" daemon [_thread_in_native, id=15964, stack(0x0000009b3b100000,0x0000009b3b200000) (1024K)]


Current CompileTask:
C2:62929 10385       4       java.io.ObjectInputStream::readClassDesc (121 bytes)

Stack: [0x0000009b3b100000,0x0000009b3b200000]
Native frames: (J=compiled Java code, j=interpreted, Vv=VM code, C=native code)
V  [jvm.dll+0x6d7e19]
V  [jvm.dll+0x8b5096]
V  [jvm.dll+0x8b764e]
V  [jvm.dll+0x8b7d33]
V  [jvm.dll+0x284596]
V  [jvm.dll+0xc685d]
V  [jvm.dll+0xc6da1]
V  [jvm.dll+0x3bed6b]
V  [jvm.dll+0x38b2b2]
V  [jvm.dll+0x38a6fa]
V  [jvm.dll+0x24c700]
V  [jvm.dll+0x24bce0]
V  [jvm.dll+0x1cb4ae]
V  [jvm.dll+0x25baad]
V  [jvm.dll+0x25a03a]
V  [jvm.dll+0x3f868e]
V  [jvm.dll+0x85fb0d]
V  [jvm.dll+0x6d664d]
C  [ucrtbase.dll+0x2cd30]
C  [KERNEL32.DLL+0x2e957]
C  [ntdll.dll+0xaad6c]


---------------  P R O C E S S  ---------------

Threads class SMR info:
_java_thread_list=0x00000292dd4e5300, length=77, elements={
0x00000292f1f022e0, 0x00000292f1fa5400, 0x00000292f99adc90, 0x00000292f1fa7bb0,
0x00000292f1fa8bc0, 0x00000292f1faccc0, 0x00000292f1fb0c90, 0x00000292f1fbce10,
0x00000292fad7dfd0, 0x00000292faf5d7a0, 0x00000292fc639480, 0x00000292fcb36d80,
0x00000292fc9c9960, 0x00000292faf12900, 0x00000292faf16fa0, 0x00000292fd2130b0,
0x00000292fcda53c0, 0x00000292fadf0230, 0x00000292fd4beae0, 0x00000292fd4bca10,
0x00000292fd4bc380, 0x00000292fd4bddc0, 0x00000292fd4bd730, 0x00000292fd4be450,
0x00000292fd4bf800, 0x00000292fe79e350, 0x00000292fe7a0420, 0x00000292fe7a0ab0,
0x00000292fe7a1140, 0x00000292fe79e9e0, 0x00000292fe79fd90, 0x00000292fe7a17d0,
0x00000292fe7a1e60, 0x00000292fe79f700, 0x00000292fe7a24f0, 0x00000292fe79f070,
0x00000292fe7a3f30, 0x00000292fe7a5970, 0x00000292fe7a38a0, 0x00000292fe7a2b80,
0x00000292fe7a3210, 0x00000292fe7a45c0, 0x00000292fe7a4c50, 0x00000292fe6271e0,
0x00000292fe6257a0, 0x00000292fe626b50, 0x00000292fe625110, 0x00000292fe6243f0,
0x00000292fe625e30, 0x00000292fe624a80, 0x00000292fe6264c0, 0x00000292fee420e0,
0x00000292fee43490, 0x00000292fee44840, 0x00000292fee441b0, 0x00000292fee44ed0,
0x00000292fee43b20, 0x00000292fee45560, 0x00000292fee45bf0, 0x00000292fee42770,
0x00000292fee46280, 0x00000292fee42e00, 0x00000292fee48350, 0x00000292fee47630,
0x00000292fee47cc0, 0x00000292fee49070, 0x00000292fee46910, 0x00000292fee49700,
0x00000292fee46fa0, 0x00000292fd4bf170, 0x00000292d46ea740, 0x00000292d46ecea0,
0x00000292d46ee250, 0x00000292d46eb460, 0x00000292d46eadd0, 0x00000292d46ed530,
0x00000292d46ec180
}

Java Threads: ( => current thread )
  0x00000292f1f022e0 JavaThread "main"                              [_thread_blocked, id=28952, stack(0x0000009b3a700000,0x0000009b3a800000) (1024K)]
  0x00000292f1fa5400 JavaThread "Reference Handler"          daemon [_thread_blocked, id=34872, stack(0x0000009b3ab00000,0x0000009b3ac00000) (1024K)]
  0x00000292f99adc90 JavaThread "Finalizer"                  daemon [_thread_blocked, id=20044, stack(0x0000009b3ac00000,0x0000009b3ad00000) (1024K)]
  0x00000292f1fa7bb0 JavaThread "Signal Dispatcher"          daemon [_thread_blocked, id=30812, stack(0x0000009b3ad00000,0x0000009b3ae00000) (1024K)]
  0x00000292f1fa8bc0 JavaThread "Attach Listener"            daemon [_thread_blocked, id=38484, stack(0x0000009b3ae00000,0x0000009b3af00000) (1024K)]
  0x00000292f1faccc0 JavaThread "Service Thread"             daemon [_thread_blocked, id=38352, stack(0x0000009b3af00000,0x0000009b3b000000) (1024K)]
  0x00000292f1fb0c90 JavaThread "Monitor Deflation Thread"   daemon [_thread_blocked, id=29436, stack(0x0000009b3b000000,0x0000009b3b100000) (1024K)]
=>0x00000292f1fbce10 JavaThread "C2 CompilerThread0"         daemon [_thread_in_native, id=15964, stack(0x0000009b3b100000,0x0000009b3b200000) (1024K)]
  0x00000292fad7dfd0 JavaThread "C1 CompilerThread0"         daemon [_thread_blocked, id=19816, stack(0x0000009b3b200000,0x0000009b3b300000) (1024K)]
  0x00000292faf5d7a0 JavaThread "Common-Cleaner"             daemon [_thread_blocked, id=17484, stack(0x0000009b3b300000,0x0000009b3b400000) (1024K)]
  0x00000292fc639480 JavaThread "Notification Thread"        daemon [_thread_blocked, id=35360, stack(0x0000009b3b400000,0x0000009b3b500000) (1024K)]
  0x00000292fcb36d80 JavaThread "Active Thread: Equinox Container: cc9b4889-200f-40fb-80ed-9098cd0dc692"        [_thread_blocked, id=21812, stack(0x0000009b3bc00000,0x0000009b3bd00000) (1024K)]
  0x00000292fc9c9960 JavaThread "Refresh Thread: Equinox Container: cc9b4889-200f-40fb-80ed-9098cd0dc692" daemon [_thread_blocked, id=10972, stack(0x0000009b3bd00000,0x0000009b3be00000) (1024K)]
  0x00000292faf12900 JavaThread "Framework Event Dispatcher: Equinox Container: cc9b4889-200f-40fb-80ed-9098cd0dc692" daemon [_thread_blocked, id=24700, stack(0x0000009b3be00000,0x0000009b3bf00000) (1024K)]
  0x00000292faf16fa0 JavaThread "Start Level: Equinox Container: cc9b4889-200f-40fb-80ed-9098cd0dc692" daemon [_thread_blocked, id=3228, stack(0x0000009b3bf00000,0x0000009b3c000000) (1024K)]
  0x00000292fd2130b0 JavaThread "Bundle File Closer"         daemon [_thread_blocked, id=3620, stack(0x0000009b3c300000,0x0000009b3c400000) (1024K)]
  0x00000292fcda53c0 JavaThread "SCR Component Actor"        daemon [_thread_blocked, id=2564, stack(0x0000009b3c400000,0x0000009b3c500000) (1024K)]
  0x00000292fadf0230 JavaThread "Worker-JM"                         [_thread_blocked, id=24520, stack(0x0000009b3c600000,0x0000009b3c700000) (1024K)]
  0x00000292fd4beae0 JavaThread "JNA Cleaner"                daemon [_thread_blocked, id=37592, stack(0x0000009b3c900000,0x0000009b3ca00000) (1024K)]
  0x00000292fd4bca10 JavaThread "Worker-0: Initialize Workspace"        [_thread_blocked, id=20652, stack(0x0000009b3ca00000,0x0000009b3cb00000) (1024K)]
  0x00000292fd4bc380 JavaThread "Worker-1"                          [_thread_blocked, id=23108, stack(0x0000009b3cb00000,0x0000009b3cc00000) (1024K)]
  0x00000292fd4bddc0 JavaThread "Worker-2"                          [_thread_blocked, id=24092, stack(0x0000009b3cc00000,0x0000009b3cd00000) (1024K)]
  0x00000292fd4bd730 JavaThread "Java indexing"              daemon [_thread_blocked, id=15592, stack(0x0000009b3cd00000,0x0000009b3ce00000) (1024K)]
  0x00000292fd4be450 JavaThread "Worker-3"                          [_thread_blocked, id=38420, stack(0x0000009b3d000000,0x0000009b3d100000) (1024K)]
  0x00000292fd4bf800 JavaThread "Worker-4: Synchronize Gradle projects with workspace"        [_thread_blocked, id=7332, stack(0x0000009b3d100000,0x0000009b3d200000) (1024K)]
  0x00000292fe79e350 JavaThread "Thread-1"                   daemon [_thread_in_native, id=1016, stack(0x0000009b3d200000,0x0000009b3d300000) (1024K)]
  0x00000292fe7a0420 JavaThread "Thread-2"                   daemon [_thread_in_native, id=35476, stack(0x0000009b3d300000,0x0000009b3d400000) (1024K)]
  0x00000292fe7a0ab0 JavaThread "Thread-3"                   daemon [_thread_in_native, id=35496, stack(0x0000009b3d400000,0x0000009b3d500000) (1024K)]
  0x00000292fe7a1140 JavaThread "Thread-4"                   daemon [_thread_in_native, id=12748, stack(0x0000009b3d500000,0x0000009b3d600000) (1024K)]
  0x00000292fe79e9e0 JavaThread "Thread-5"                   daemon [_thread_in_native, id=37100, stack(0x0000009b3d600000,0x0000009b3d700000) (1024K)]
  0x00000292fe79fd90 JavaThread "Thread-6"                   daemon [_thread_in_native, id=12140, stack(0x0000009b3d700000,0x0000009b3d800000) (1024K)]
  0x00000292fe7a17d0 JavaThread "Thread-7"                   daemon [_thread_in_native, id=25296, stack(0x0000009b3d800000,0x0000009b3d900000) (1024K)]
  0x00000292fe7a1e60 JavaThread "Thread-8"                   daemon [_thread_in_native, id=21148, stack(0x0000009b3d900000,0x0000009b3da00000) (1024K)]
  0x00000292fe79f700 JavaThread "Thread-9"                   daemon [_thread_in_native, id=37700, stack(0x0000009b3da00000,0x0000009b3db00000) (1024K)]
  0x00000292fe7a24f0 JavaThread "Thread-10"                  daemon [_thread_in_native, id=31572, stack(0x0000009b3db00000,0x0000009b3dc00000) (1024K)]
  0x00000292fe79f070 JavaThread "Thread-11"                  daemon [_thread_in_native, id=32492, stack(0x0000009b3dc00000,0x0000009b3dd00000) (1024K)]
  0x00000292fe7a3f30 JavaThread "Thread-12"                  daemon [_thread_in_native, id=8476, stack(0x0000009b3dd00000,0x0000009b3de00000) (1024K)]
  0x00000292fe7a5970 JavaThread "Thread-13"                  daemon [_thread_in_native, id=30652, stack(0x0000009b3de00000,0x0000009b3df00000) (1024K)]
  0x00000292fe7a38a0 JavaThread "Thread-14"                  daemon [_thread_in_native, id=37928, stack(0x0000009b3df00000,0x0000009b3e000000) (1024K)]
  0x00000292fe7a2b80 JavaThread "Thread-15"                  daemon [_thread_in_native, id=9416, stack(0x0000009b3e000000,0x0000009b3e100000) (1024K)]
  0x00000292fe7a3210 JavaThread "Thread-16"                  daemon [_thread_in_native, id=23652, stack(0x0000009b3e100000,0x0000009b3e200000) (1024K)]
  0x00000292fe7a45c0 JavaThread "Thread-17"                  daemon [_thread_in_native, id=37944, stack(0x0000009b3e200000,0x0000009b3e300000) (1024K)]
  0x00000292fe7a4c50 JavaThread "pool-2-thread-1"                   [_thread_blocked, id=38868, stack(0x0000009b3e300000,0x0000009b3e400000) (1024K)]
  0x00000292fe6271e0 JavaThread "Timer-0"                           [_thread_blocked, id=21832, stack(0x0000009b3e400000,0x0000009b3e500000) (1024K)]
  0x00000292fe6257a0 JavaThread "Worker-5"                          [_thread_blocked, id=13168, stack(0x0000009b3e500000,0x0000009b3e600000) (1024K)]
  0x00000292fe626b50 JavaThread "Timer-1"                           [_thread_blocked, id=5172, stack(0x0000009b3e600000,0x0000009b3e700000) (1024K)]
  0x00000292fe625110 JavaThread "WorkspaceEventsHandler"            [_thread_blocked, id=17396, stack(0x0000009b3e800000,0x0000009b3e900000) (1024K)]
  0x00000292fe6243f0 JavaThread "pool-1-thread-1"                   [_thread_blocked, id=9272, stack(0x0000009b3e900000,0x0000009b3ea00000) (1024K)]
  0x00000292fe625e30 JavaThread "PatternSearchJob-worker-1"  daemon [_thread_blocked, id=30928, stack(0x0000009b3eb00000,0x0000009b3ec00000) (1024K)]
  0x00000292fe624a80 JavaThread "PatternSearchJob-worker-2"  daemon [_thread_blocked, id=15220, stack(0x0000009b3ec00000,0x0000009b3ed00000) (1024K)]
  0x00000292fe6264c0 JavaThread "PatternSearchJob-worker-3"  daemon [_thread_blocked, id=31144, stack(0x0000009b3ed00000,0x0000009b3ee00000) (1024K)]
  0x00000292fee420e0 JavaThread "PatternSearchJob-worker-4"  daemon [_thread_blocked, id=20176, stack(0x0000009b3ee00000,0x0000009b3ef00000) (1024K)]
  0x00000292fee43490 JavaThread "PatternSearchJob-worker-5"  daemon [_thread_blocked, id=9204, stack(0x0000009b3ef00000,0x0000009b3f000000) (1024K)]
  0x00000292fee44840 JavaThread "PatternSearchJob-worker-6"  daemon [_thread_blocked, id=20416, stack(0x0000009b3f000000,0x0000009b3f100000) (1024K)]
  0x00000292fee441b0 JavaThread "PatternSearchJob-worker-7"  daemon [_thread_blocked, id=22068, stack(0x0000009b3f100000,0x0000009b3f200000) (1024K)]
  0x00000292fee44ed0 JavaThread "PatternSearchJob-worker-8"  daemon [_thread_blocked, id=36208, stack(0x0000009b3f200000,0x0000009b3f300000) (1024K)]
  0x00000292fee43b20 JavaThread "PatternSearchJob-worker-9"  daemon [_thread_blocked, id=7468, stack(0x0000009b3f300000,0x0000009b3f400000) (1024K)]
  0x00000292fee45560 JavaThread "PatternSearchJob-worker-10" daemon [_thread_blocked, id=13008, stack(0x0000009b3f400000,0x0000009b3f500000) (1024K)]
  0x00000292fee45bf0 JavaThread "PatternSearchJob-worker-11" daemon [_thread_blocked, id=36900, stack(0x0000009b3f500000,0x0000009b3f600000) (1024K)]
  0x00000292fee42770 JavaThread "PatternSearchJob-worker-12" daemon [_thread_blocked, id=32988, stack(0x0000009b3f600000,0x0000009b3f700000) (1024K)]
  0x00000292fee46280 JavaThread "PatternSearchJob-worker-13" daemon [_thread_blocked, id=38888, stack(0x0000009b3f700000,0x0000009b3f800000) (1024K)]
  0x00000292fee42e00 JavaThread "PatternSearchJob-worker-14" daemon [_thread_blocked, id=7372, stack(0x0000009b3f800000,0x0000009b3f900000) (1024K)]
  0x00000292fee48350 JavaThread "PatternSearchJob-worker-15" daemon [_thread_blocked, id=30740, stack(0x0000009b3f900000,0x0000009b3fa00000) (1024K)]
  0x00000292fee47630 JavaThread "ProjectImportProgressReporter" daemon [_thread_blocked, id=38572, stack(0x0000009b3fb00000,0x0000009b3fc00000) (1024K)]
  0x00000292fee47cc0 JavaThread "Timer-2"                           [_thread_blocked, id=12940, stack(0x0000009b3fc00000,0x0000009b3fd00000) (1024K)]
  0x00000292fee49070 JavaThread "Timer-3"                           [_thread_blocked, id=32052, stack(0x0000009b3c500000,0x0000009b3c600000) (1024K)]
  0x00000292fee46910 JavaThread "Timer-4"                           [_thread_blocked, id=38588, stack(0x0000009b3e700000,0x0000009b3e800000) (1024K)]
  0x00000292fee49700 JavaThread "Timer-5"                           [_thread_blocked, id=35792, stack(0x0000009b3fa00000,0x0000009b3fb00000) (1024K)]
  0x00000292fee46fa0 JavaThread "Timer-6"                           [_thread_blocked, id=26472, stack(0x0000009b3fd00000,0x0000009b3fe00000) (1024K)]
  0x00000292fd4bf170 JavaThread "Timer-7"                           [_thread_blocked, id=3208, stack(0x0000009b3fe00000,0x0000009b3ff00000) (1024K)]
  0x00000292d46ea740 JavaThread "Timer-8"                           [_thread_blocked, id=10444, stack(0x0000009b3ff00000,0x0000009b40000000) (1024K)]
  0x00000292d46ecea0 JavaThread "Timer-9"                           [_thread_blocked, id=14192, stack(0x0000009b40100000,0x0000009b40200000) (1024K)]
  0x00000292d46ee250 JavaThread "Connection worker"                 [_thread_in_vm, id=10252, stack(0x0000009b40200000,0x0000009b40300000) (1024K)]
  0x00000292d46eb460 JavaThread "pool-4-thread-1"                   [_thread_blocked, id=36044, stack(0x0000009b40300000,0x0000009b40400000) (1024K)]
  0x00000292d46eadd0 JavaThread "Exec process"                      [_thread_blocked, id=7816, stack(0x0000009b40400000,0x0000009b40500000) (1024K)]
  0x00000292d46ed530 JavaThread "Exec process Thread 2"             [_thread_blocked, id=33408, stack(0x0000009b40500000,0x0000009b40600000) (1024K)]
  0x00000292d46ec180 JavaThread "Exec process Thread 3"             [_thread_blocked, id=13672, stack(0x0000009b40600000,0x0000009b40700000) (1024K)]
Total: 77

Other Threads:
  0x00000292f99940d0 VMThread "VM Thread"                           [id=15976, stack(0x0000009b3aa00000,0x0000009b3ab00000) (1024K)]
  0x00000292f988ba00 WatcherThread "VM Periodic Task Thread"        [id=34012, stack(0x0000009b3a900000,0x0000009b3aa00000) (1024K)]
  0x00000292f1f20650 WorkerThread "GC Thread#0"                     [id=24104, stack(0x0000009b3a800000,0x0000009b3a900000) (1024K)]
  0x00000292fc732df0 WorkerThread "GC Thread#1"                     [id=33252, stack(0x0000009b3b600000,0x0000009b3b700000) (1024K)]
  0x00000292fc6b4c50 WorkerThread "GC Thread#2"                     [id=14268, stack(0x0000009b3b700000,0x0000009b3b800000) (1024K)]
  0x00000292fc6b5000 WorkerThread "GC Thread#3"                     [id=29660, stack(0x0000009b3b800000,0x0000009b3b900000) (1024K)]
  0x00000292fc957890 WorkerThread "GC Thread#4"                     [id=26404, stack(0x0000009b3b900000,0x0000009b3ba00000) (1024K)]
  0x00000292fc975f40 WorkerThread "GC Thread#5"                     [id=19952, stack(0x0000009b3ba00000,0x0000009b3bb00000) (1024K)]
  0x00000292fc9762f0 WorkerThread "GC Thread#6"                     [id=31380, stack(0x0000009b3bb00000,0x0000009b3bc00000) (1024K)]
  0x00000292fcc434e0 WorkerThread "GC Thread#7"                     [id=16144, stack(0x0000009b3b500000,0x0000009b3b600000) (1024K)]
  0x00000292faed31e0 WorkerThread "GC Thread#8"                     [id=14208, stack(0x0000009b3c000000,0x0000009b3c100000) (1024K)]
  0x00000292faed3590 WorkerThread "GC Thread#9"                     [id=31516, stack(0x0000009b3c100000,0x0000009b3c200000) (1024K)]
  0x00000292fd309620 WorkerThread "GC Thread#10"                    [id=36164, stack(0x0000009b3c200000,0x0000009b3c300000) (1024K)]
  0x00000292fd3789b0 WorkerThread "GC Thread#11"                    [id=31136, stack(0x0000009b3c700000,0x0000009b3c800000) (1024K)]
  0x00000292fd4b7f40 WorkerThread "GC Thread#12"                    [id=28428, stack(0x0000009b3c800000,0x0000009b3c900000) (1024K)]
Total: 15

Threads with active compile tasks:
C2 CompilerThread0  62969 10385       4       java.io.ObjectInputStream::readClassDesc (121 bytes)
Total: 1

VM state: not at safepoint (normal execution)

VM Mutex/Monitor currently owned by a thread: None

Heap address: 0x0000000080000000, size: 2048 MB, Compressed Oops mode: 32-bit

CDS archive(s) mapped at: [0x000002928f000000-0x000002928fba0000-0x000002928fba0000), size 12189696, SharedBaseAddress: 0x000002928f000000, ArchiveRelocationMode: 1.
Compressed class space mapped at: 0x0000029290000000-0x00000292d0000000, reserved size: 1073741824
Narrow klass base: 0x000002928f000000, Narrow klass shift: 0, Narrow klass range: 0x100000000

GC Precious Log:
 CardTable entry size: 512
 CPUs: 16 total, 16 available
 Memory: 14188M
 Large Page Support: Disabled
 NUMA Support: Disabled
 Compressed Oops: Enabled (32-bit)
 Alignments: Space 512K, Generation 512K, Heap 2M
 Heap Min Capacity: 100M
 Heap Initial Capacity: 100M
 Heap Max Capacity: 2G
 Pre-touch: Disabled
 Parallel Workers: 13

Heap:
 PSYoungGen      total 11776K, used 3863K [0x00000000d5580000, 0x00000000d6300000, 0x0000000100000000)
  eden space 11264K, 30% used [0x00000000d5580000,0x00000000d58d5ee8,0x00000000d6080000)
  from space 512K, 87% used [0x00000000d6280000,0x00000000d62f0000,0x00000000d6300000)
  to   space 1024K, 0% used [0x00000000d6100000,0x00000000d6100000,0x00000000d6200000)
 ParOldGen       total 73728K, used 73691K [0x0000000080000000, 0x0000000084800000, 0x00000000d5580000)
  object space 73728K, 99% used [0x0000000080000000,0x00000000847f6ee8,0x0000000084800000)
 Metaspace       used 72662K, committed 74304K, reserved 1114112K
  class space    used 9048K, committed 9792K, reserved 1048576K

Card table byte_map: [0x00000292f18a0000,0x00000292f1cb0000] _byte_map_base: 0x00000292f14a0000

Marking Bits: (ParMarkBitMap*) 0x00007ffd99374460
 Begin Bits: [0x00000292f53b0000, 0x00000292f73b0000)
 End Bits:   [0x00000292f73b0000, 0x00000292f93b0000)

Polling page: 0x00000292f00e0000

Metaspace:

Usage:
  Non-class:     62.12 MB used.
      Class:      8.84 MB used.
       Both:     70.96 MB used.

Virtual space:
  Non-class space:       64.00 MB reserved,      63.00 MB ( 98%) committed,  1 nodes.
      Class space:        1.00 GB reserved,       9.56 MB ( <1%) committed,  1 nodes.
             Both:        1.06 GB reserved,      72.56 MB (  7%) committed. 

Chunk freelists:
   Non-Class:  1006.00 KB
       Class:  6.43 MB
        Both:  7.42 MB

MaxMetaspaceSize: unlimited
CompressedClassSpaceSize: 1.00 GB
Initial GC threshold: 21.00 MB
Current GC threshold: 97.31 MB
CDS: on
 - commit_granule_bytes: 65536.
 - commit_granule_words: 8192.
 - virtual_space_node_default_size: 8388608.
 - enlarge_chunks_in_place: 1.
 - use_allocation_guard: 0.


Internal statistics:

num_allocs_failed_limit: 9.
num_arena_births: 1446.
num_arena_deaths: 14.
num_vsnodes_births: 2.
num_vsnodes_deaths: 0.
num_space_committed: 1161.
num_space_uncommitted: 0.
num_chunks_returned_to_freelist: 23.
num_chunks_taken_from_freelist: 4646.
num_chunk_merges: 15.
num_chunk_splits: 2898.
num_chunks_enlarged: 1646.
num_inconsistent_stats: 0.

CodeHeap 'non-profiled nmethods': size=119168Kb used=4893Kb max_used=4893Kb free=114274Kb
 bounds [0x0000029287ba0000, 0x0000029288070000, 0x000002928f000000]
CodeHeap 'profiled nmethods': size=119104Kb used=19492Kb max_used=19492Kb free=99612Kb
 bounds [0x0000029280000000, 0x0000029281310000, 0x0000029287450000]
CodeHeap 'non-nmethods': size=7488Kb used=1440Kb max_used=2039Kb free=6047Kb
 bounds [0x0000029287450000, 0x00000292876c0000, 0x0000029287ba0000]
CodeCache: size=245760Kb, used=25825Kb, max_used=26424Kb, free=219933Kb
 total_blobs=10346, nmethods=9599, adapters=653, full_count=0
Compilation: enabled, stopped_count=0, restarted_count=0

Compilation events (20 events):
Event: 58.864 Thread 0x00000292fad7dfd0 nmethod 10405 0x00000292812fe810 code [0x00000292812feaa0, 0x00000292812ff6c8]
Event: 58.864 Thread 0x00000292fad7dfd0 10408  s    3       org.gradle.tooling.internal.consumer.parameters.BuildProgressListenerAdapter::removeDescriptor (52 bytes)
Event: 58.864 Thread 0x00000292fad7d900 nmethod 10407 0x00000292812ffc10 code [0x00000292812ffe00, 0x0000029281300220]
Event: 58.864 Thread 0x00000292fad7d900 10409       3       org.gradle.tooling.internal.consumer.parameters.BuildProgressListenerAdapter::assertDescriptorType (53 bytes)
Event: 58.865 Thread 0x00000292fad7dfd0 nmethod 10408 0x0000029281300490 code [0x0000029281300740, 0x00000292813016a0]
Event: 58.865 Thread 0x00000292fad7dfd0 10410       3       org.gradle.internal.build.event.types.DefaultOperationFinishedProgressEvent::getDisplayName (39 bytes)
Event: 58.865 Thread 0x00000292fad7d900 nmethod 10409 0x0000029281301c10 code [0x0000029281301ee0, 0x0000029281302e88]
Event: 58.865 Thread 0x00000292fad7d900 10411       3       org.gradle.internal.build.event.types.DefaultOperationFinishedProgressEvent::getResult (5 bytes)
Event: 58.865 Thread 0x00000292fad7d900 nmethod 10411 0x0000029281303490 code [0x0000029281303620, 0x0000029281303758]
Event: 58.865 Thread 0x00000292fad7d900 10412       3       org.gradle.tooling.internal.consumer.parameters.BuildProgressListenerAdapter::toResult (65 bytes)
Event: 58.866 Thread 0x00000292fad7dfd0 nmethod 10410 0x0000029281303810 code [0x0000029281303a40, 0x0000029281304288]
Event: 58.866 Thread 0x00000292fad7d900 nmethod 10412 0x0000029281304590 code [0x00000292813047c0, 0x00000292813052a0]
Event: 58.881 Thread 0x00000292fad7dfd0 10416       1       org.gradle.internal.logging.events.CategorisedOutputEvent::getLogLevel (5 bytes)
Event: 58.882 Thread 0x00000292fad7dfd0 nmethod 10416 0x0000029288067210 code [0x00000292880673a0, 0x0000029288067468]
Event: 60.667 Thread 0x00000292fad7dfd0 10417       3       java.util.concurrent.locks.ReentrantLock$NonfairSync::tryAcquire (27 bytes)
Event: 60.668 Thread 0x00000292fad7dfd0 nmethod 10417 0x0000029281305590 code [0x0000029281305740, 0x0000029281305988]
Event: 60.668 Thread 0x00000292fad7dfd0 10418       3       java.util.concurrent.ScheduledThreadPoolExecutor$ScheduledFutureTask::getDelay (16 bytes)
Event: 60.668 Thread 0x00000292fad7dfd0 nmethod 10418 0x0000029281305a90 code [0x0000029281305c40, 0x0000029281305dd8]
Event: 60.870 Thread 0x00000292fad7dfd0 10419       3       org.gradle.internal.logging.sink.GroupingProgressLogEventGenerator$OperationState::maybeFlushOutput (1 bytes)
Event: 62.926 Thread 0x00000292fad7dfd0 nmethod 10419 0x0000029281305e90 code [0x0000029281306020, 0x0000029281306128]

GC Heap History (20 events):
Event: 48.194 GC heap before
{Heap before GC invocations=77 (full 3):
 PSYoungGen      total 12288K, used 11920K [0x00000000d5580000, 0x00000000d6380000, 0x0000000100000000)
  eden space 11264K, 100% used [0x00000000d5580000,0x00000000d6080000,0x00000000d6080000)
  from space 1024K, 64% used [0x00000000d6200000,0x00000000d62a4280,0x00000000d6300000)
  to   space 512K, 0% used [0x00000000d6300000,0x00000000d6300000,0x00000000d6380000)
 ParOldGen       total 71680K, used 70249K [0x0000000080000000, 0x0000000084600000, 0x00000000d5580000)
  object space 71680K, 98% used [0x0000000080000000,0x000000008449a618,0x0000000084600000)
 Metaspace       used 68711K, committed 70272K, reserved 1114112K
  class space    used 8507K, committed 9216K, reserved 1048576K
}
Event: 48.195 GC heap after
{Heap after GC invocations=77 (full 3):
 PSYoungGen      total 11776K, used 502K [0x00000000d5580000, 0x00000000d6380000, 0x0000000100000000)
  eden space 11264K, 0% used [0x00000000d5580000,0x00000000d5580000,0x00000000d6080000)
  from space 512K, 98% used [0x00000000d6300000,0x00000000d637d9e0,0x00000000d6380000)
  to   space 1536K, 0% used [0x00000000d6080000,0x00000000d6080000,0x00000000d6200000)
 ParOldGen       total 71680K, used 70731K [0x0000000080000000, 0x0000000084600000, 0x00000000d5580000)
  object space 71680K, 98% used [0x0000000080000000,0x0000000084512e18,0x0000000084600000)
 Metaspace       used 68711K, committed 70272K, reserved 1114112K
  class space    used 8507K, committed 9216K, reserved 1048576K
}
Event: 48.248 GC heap before
{Heap before GC invocations=78 (full 3):
 PSYoungGen      total 11776K, used 11766K [0x00000000d5580000, 0x00000000d6380000, 0x0000000100000000)
  eden space 11264K, 100% used [0x00000000d5580000,0x00000000d6080000,0x00000000d6080000)
  from space 512K, 98% used [0x00000000d6300000,0x00000000d637d9e0,0x00000000d6380000)
  to   space 1536K, 0% used [0x00000000d6080000,0x00000000d6080000,0x00000000d6200000)
 ParOldGen       total 71680K, used 70731K [0x0000000080000000, 0x0000000084600000, 0x00000000d5580000)
  object space 71680K, 98% used [0x0000000080000000,0x0000000084512e18,0x0000000084600000)
 Metaspace       used 68711K, committed 70272K, reserved 1114112K
  class space    used 8507K, committed 9216K, reserved 1048576K
}
Event: 48.249 GC heap after
{Heap after GC invocations=78 (full 3):
 PSYoungGen      total 12800K, used 556K [0x00000000d5580000, 0x00000000d6380000, 0x0000000100000000)
  eden space 11264K, 0% used [0x00000000d5580000,0x00000000d5580000,0x00000000d6080000)
  from space 1536K, 36% used [0x00000000d6080000,0x00000000d610b170,0x00000000d6200000)
  to   space 1024K, 0% used [0x00000000d6280000,0x00000000d6280000,0x00000000d6380000)
 ParOldGen       total 71680K, used 71142K [0x0000000080000000, 0x0000000084600000, 0x00000000d5580000)
  object space 71680K, 99% used [0x0000000080000000,0x0000000084579b18,0x0000000084600000)
 Metaspace       used 68711K, committed 70272K, reserved 1114112K
  class space    used 8507K, committed 9216K, reserved 1048576K
}
Event: 48.317 GC heap before
{Heap before GC invocations=79 (full 3):
 PSYoungGen      total 12800K, used 11820K [0x00000000d5580000, 0x00000000d6380000, 0x0000000100000000)
  eden space 11264K, 100% used [0x00000000d5580000,0x00000000d6080000,0x00000000d6080000)
  from space 1536K, 36% used [0x00000000d6080000,0x00000000d610b170,0x00000000d6200000)
  to   space 1024K, 0% used [0x00000000d6280000,0x00000000d6280000,0x00000000d6380000)
 ParOldGen       total 71680K, used 71142K [0x0000000080000000, 0x0000000084600000, 0x00000000d5580000)
  object space 71680K, 99% used [0x0000000080000000,0x0000000084579b18,0x0000000084600000)
 Metaspace       used 68711K, committed 70272K, reserved 1114112K
  class space    used 8507K, committed 9216K, reserved 1048576K
}
Event: 48.318 GC heap after
{Heap after GC invocations=79 (full 3):
 PSYoungGen      total 12288K, used 619K [0x00000000d5580000, 0x00000000d6380000, 0x0000000100000000)
  eden space 11264K, 0% used [0x00000000d5580000,0x00000000d5580000,0x00000000d6080000)
  from space 1024K, 60% used [0x00000000d6280000,0x00000000d631add8,0x00000000d6380000)
  to   space 1024K, 0% used [0x00000000d6180000,0x00000000d6180000,0x00000000d6280000)
 ParOldGen       total 71680K, used 71254K [0x0000000080000000, 0x0000000084600000, 0x00000000d5580000)
  object space 71680K, 99% used [0x0000000080000000,0x0000000084595b28,0x0000000084600000)
 Metaspace       used 68711K, committed 70272K, reserved 1114112K
  class space    used 8507K, committed 9216K, reserved 1048576K
}
Event: 48.378 GC heap before
{Heap before GC invocations=80 (full 3):
 PSYoungGen      total 12288K, used 11883K [0x00000000d5580000, 0x00000000d6380000, 0x0000000100000000)
  eden space 11264K, 100% used [0x00000000d5580000,0x00000000d6080000,0x00000000d6080000)
  from space 1024K, 60% used [0x00000000d6280000,0x00000000d631add8,0x00000000d6380000)
  to   space 1024K, 0% used [0x00000000d6180000,0x00000000d6180000,0x00000000d6280000)
 ParOldGen       total 71680K, used 71254K [0x0000000080000000, 0x0000000084600000, 0x00000000d5580000)
  object space 71680K, 99% used [0x0000000080000000,0x0000000084595b28,0x0000000084600000)
 Metaspace       used 68711K, committed 70272K, reserved 1114112K
  class space    used 8507K, committed 9216K, reserved 1048576K
}
Event: 48.378 GC heap after
{Heap after GC invocations=80 (full 3):
 PSYoungGen      total 12288K, used 914K [0x00000000d5580000, 0x00000000d6300000, 0x0000000100000000)
  eden space 11264K, 0% used [0x00000000d5580000,0x00000000d5580000,0x00000000d6080000)
  from space 1024K, 89% used [0x00000000d6180000,0x00000000d62649a0,0x00000000d6280000)
  to   space 512K, 0% used [0x00000000d6280000,0x00000000d6280000,0x00000000d6300000)
 ParOldGen       total 72192K, used 71722K [0x0000000080000000, 0x0000000084680000, 0x00000000d5580000)
  object space 72192K, 99% used [0x0000000080000000,0x000000008460ab30,0x0000000084680000)
 Metaspace       used 68711K, committed 70272K, reserved 1114112K
  class space    used 8507K, committed 9216K, reserved 1048576K
}
Event: 48.436 GC heap before
{Heap before GC invocations=81 (full 3):
 PSYoungGen      total 12288K, used 12178K [0x00000000d5580000, 0x00000000d6300000, 0x0000000100000000)
  eden space 11264K, 100% used [0x00000000d5580000,0x00000000d6080000,0x00000000d6080000)
  from space 1024K, 89% used [0x00000000d6180000,0x00000000d62649a0,0x00000000d6280000)
  to   space 512K, 0% used [0x00000000d6280000,0x00000000d6280000,0x00000000d6300000)
 ParOldGen       total 72192K, used 71722K [0x0000000080000000, 0x0000000084680000, 0x00000000d5580000)
  object space 72192K, 99% used [0x0000000080000000,0x000000008460ab30,0x0000000084680000)
 Metaspace       used 68711K, committed 70272K, reserved 1114112K
  class space    used 8507K, committed 9216K, reserved 1048576K
}
Event: 48.436 GC heap after
{Heap after GC invocations=81 (full 3):
 PSYoungGen      total 11776K, used 416K [0x00000000d5580000, 0x00000000d6300000, 0x0000000100000000)
  eden space 11264K, 0% used [0x00000000d5580000,0x00000000d5580000,0x00000000d6080000)
  from space 512K, 81% used [0x00000000d6280000,0x00000000d62e8000,0x00000000d6300000)
  to   space 1024K, 0% used [0x00000000d6100000,0x00000000d6100000,0x00000000d6200000)
 ParOldGen       total 72192K, used 71818K [0x0000000080000000, 0x0000000084680000, 0x00000000d5580000)
  object space 72192K, 99% used [0x0000000080000000,0x0000000084622b30,0x0000000084680000)
 Metaspace       used 68711K, committed 70272K, reserved 1114112K
  class space    used 8507K, committed 9216K, reserved 1048576K
}
Event: 48.486 GC heap before
{Heap before GC invocations=82 (full 3):
 PSYoungGen      total 11776K, used 11680K [0x00000000d5580000, 0x00000000d6300000, 0x0000000100000000)
  eden space 11264K, 100% used [0x00000000d5580000,0x00000000d6080000,0x00000000d6080000)
  from space 512K, 81% used [0x00000000d6280000,0x00000000d62e8000,0x00000000d6300000)
  to   space 1024K, 0% used [0x00000000d6100000,0x00000000d6100000,0x00000000d6200000)
 ParOldGen       total 72192K, used 71818K [0x0000000080000000, 0x0000000084680000, 0x00000000d5580000)
  object space 72192K, 99% used [0x0000000080000000,0x0000000084622b30,0x0000000084680000)
 Metaspace       used 68711K, committed 70272K, reserved 1114112K
  class space    used 8507K, committed 9216K, reserved 1048576K
}
Event: 48.487 GC heap after
{Heap after GC invocations=82 (full 3):
 PSYoungGen      total 12288K, used 1013K [0x00000000d5580000, 0x00000000d6380000, 0x0000000100000000)
  eden space 11264K, 0% used [0x00000000d5580000,0x00000000d5580000,0x00000000d6080000)
  from space 1024K, 99% used [0x00000000d6100000,0x00000000d61fd758,0x00000000d6200000)
  to   space 1536K, 0% used [0x00000000d6200000,0x00000000d6200000,0x00000000d6380000)
 ParOldGen       total 72192K, used 72084K [0x0000000080000000, 0x0000000084680000, 0x00000000d5580000)
  object space 72192K, 99% used [0x0000000080000000,0x0000000084665280,0x0000000084680000)
 Metaspace       used 68711K, committed 70272K, reserved 1114112K
  class space    used 8507K, committed 9216K, reserved 1048576K
}
Event: 48.593 GC heap before
{Heap before GC invocations=83 (full 3):
 PSYoungGen      total 12288K, used 12277K [0x00000000d5580000, 0x00000000d6380000, 0x0000000100000000)
  eden space 11264K, 100% used [0x00000000d5580000,0x00000000d6080000,0x00000000d6080000)
  from space 1024K, 99% used [0x00000000d6100000,0x00000000d61fd758,0x00000000d6200000)
  to   space 1536K, 0% used [0x00000000d6200000,0x00000000d6200000,0x00000000d6380000)
 ParOldGen       total 72192K, used 72084K [0x0000000080000000, 0x0000000084680000, 0x00000000d5580000)
  object space 72192K, 99% used [0x0000000080000000,0x0000000084665280,0x0000000084680000)
 Metaspace       used 69149K, committed 70592K, reserved 1114112K
  class space    used 8562K, committed 9216K, reserved 1048576K
}
Event: 48.594 GC heap after
{Heap after GC invocations=83 (full 3):
 PSYoungGen      total 11776K, used 416K [0x00000000d5580000, 0x00000000d6280000, 0x0000000100000000)
  eden space 11264K, 0% used [0x00000000d5580000,0x00000000d5580000,0x00000000d6080000)
  from space 512K, 81% used [0x00000000d6200000,0x00000000d6268000,0x00000000d6280000)
  to   space 1024K, 0% used [0x00000000d6080000,0x00000000d6080000,0x00000000d6180000)
 ParOldGen       total 72192K, used 72172K [0x0000000080000000, 0x0000000084680000, 0x00000000d5580000)
  object space 72192K, 99% used [0x0000000080000000,0x000000008467b280,0x0000000084680000)
 Metaspace       used 69149K, committed 70592K, reserved 1114112K
  class space    used 8562K, committed 9216K, reserved 1048576K
}
Event: 48.713 GC heap before
{Heap before GC invocations=84 (full 3):
 PSYoungGen      total 11776K, used 11680K [0x00000000d5580000, 0x00000000d6280000, 0x0000000100000000)
  eden space 11264K, 100% used [0x00000000d5580000,0x00000000d6080000,0x00000000d6080000)
  from space 512K, 81% used [0x00000000d6200000,0x00000000d6268000,0x00000000d6280000)
  to   space 1024K, 0% used [0x00000000d6080000,0x00000000d6080000,0x00000000d6180000)
 ParOldGen       total 72192K, used 72172K [0x0000000080000000, 0x0000000084680000, 0x00000000d5580000)
  object space 72192K, 99% used [0x0000000080000000,0x000000008467b280,0x0000000084680000)
 Metaspace       used 70360K, committed 71872K, reserved 1114112K
  class space    used 8758K, committed 9472K, reserved 1048576K
}
Event: 48.714 GC heap after
{Heap after GC invocations=84 (full 3):
 PSYoungGen      total 12288K, used 576K [0x00000000d5580000, 0x00000000d6280000, 0x0000000100000000)
  eden space 11264K, 0% used [0x00000000d5580000,0x00000000d5580000,0x00000000d6080000)
  from space 1024K, 56% used [0x00000000d6080000,0x00000000d6110010,0x00000000d6180000)
  to   space 1024K, 0% used [0x00000000d6180000,0x00000000d6180000,0x00000000d6280000)
 ParOldGen       total 72704K, used 72428K [0x0000000080000000, 0x0000000084700000, 0x00000000d5580000)
  object space 72704K, 99% used [0x0000000080000000,0x00000000846bb2b0,0x0000000084700000)
 Metaspace       used 70360K, committed 71872K, reserved 1114112K
  class space    used 8758K, committed 9472K, reserved 1048576K
}
Event: 50.510 GC heap before
{Heap before GC invocations=85 (full 3):
 PSYoungGen      total 12288K, used 11840K [0x00000000d5580000, 0x00000000d6280000, 0x0000000100000000)
  eden space 11264K, 100% used [0x00000000d5580000,0x00000000d6080000,0x00000000d6080000)
  from space 1024K, 56% used [0x00000000d6080000,0x00000000d6110010,0x00000000d6180000)
  to   space 1024K, 0% used [0x00000000d6180000,0x00000000d6180000,0x00000000d6280000)
 ParOldGen       total 72704K, used 72428K [0x0000000080000000, 0x0000000084700000, 0x00000000d5580000)
  object space 72704K, 99% used [0x0000000080000000,0x00000000846bb2b0,0x0000000084700000)
 Metaspace       used 71387K, committed 72960K, reserved 1114112K
  class space    used 8924K, committed 9664K, reserved 1048576K
}
Event: 50.511 GC heap after
{Heap after GC invocations=85 (full 3):
 PSYoungGen      total 12288K, used 496K [0x00000000d5580000, 0x00000000d6280000, 0x0000000100000000)
  eden space 11264K, 0% used [0x00000000d5580000,0x00000000d5580000,0x00000000d6080000)
  from space 1024K, 48% used [0x00000000d6180000,0x00000000d61fc010,0x00000000d6280000)
  to   space 1024K, 0% used [0x00000000d6080000,0x00000000d6080000,0x00000000d6180000)
 ParOldGen       total 73216K, used 72860K [0x0000000080000000, 0x0000000084780000, 0x00000000d5580000)
  object space 73216K, 99% used [0x0000000080000000,0x00000000847272c0,0x0000000084780000)
 Metaspace       used 71387K, committed 72960K, reserved 1114112K
  class space    used 8924K, committed 9664K, reserved 1048576K
}
Event: 50.936 GC heap before
{Heap before GC invocations=86 (full 3):
 PSYoungGen      total 12288K, used 11760K [0x00000000d5580000, 0x00000000d6280000, 0x0000000100000000)
  eden space 11264K, 100% used [0x00000000d5580000,0x00000000d6080000,0x00000000d6080000)
  from space 1024K, 48% used [0x00000000d6180000,0x00000000d61fc010,0x00000000d6280000)
  to   space 1024K, 0% used [0x00000000d6080000,0x00000000d6080000,0x00000000d6180000)
 ParOldGen       total 73216K, used 72860K [0x0000000080000000, 0x0000000084780000, 0x00000000d5580000)
  object space 73216K, 99% used [0x0000000080000000,0x00000000847272c0,0x0000000084780000)
 Metaspace       used 72229K, committed 73792K, reserved 1114112K
  class space    used 9020K, committed 9728K, reserved 1048576K
}
Event: 50.937 GC heap after
{Heap after GC invocations=86 (full 3):
 PSYoungGen      total 12288K, used 992K [0x00000000d5580000, 0x00000000d6480000, 0x0000000100000000)
  eden space 11264K, 0% used [0x00000000d5580000,0x00000000d5580000,0x00000000d6080000)
  from space 1024K, 96% used [0x00000000d6080000,0x00000000d6178180,0x00000000d6180000)
  to   space 2048K, 0% used [0x00000000d6280000,0x00000000d6280000,0x00000000d6480000)
 ParOldGen       total 73728K, used 73364K [0x0000000080000000, 0x0000000084800000, 0x00000000d5580000)
  object space 73728K, 99% used [0x0000000080000000,0x00000000847a5368,0x0000000084800000)
 Metaspace       used 72229K, committed 73792K, reserved 1114112K
  class space    used 9020K, committed 9728K, reserved 1048576K
}

Dll operation events (15 events):
Event: 0.072 Loaded shared library c:\Users\santh\.vscode\extensions\redhat.java-1.55.0-win32-x64\jre\21.0.11-win32-x86_64\bin\java.dll
Event: 0.120 Loaded shared library c:\Users\santh\.vscode\extensions\redhat.java-1.55.0-win32-x64\jre\21.0.11-win32-x86_64\bin\zip.dll
Event: 0.134 Loaded shared library C:\Users\santh\.vscode\extensions\redhat.java-1.55.0-win32-x64\jre\21.0.11-win32-x86_64\bin\instrument.dll
Event: 0.186 Loaded shared library C:\Users\santh\.vscode\extensions\redhat.java-1.55.0-win32-x64\jre\21.0.11-win32-x86_64\bin\net.dll
Event: 0.227 Loaded shared library C:\Users\santh\.vscode\extensions\redhat.java-1.55.0-win32-x64\jre\21.0.11-win32-x86_64\bin\nio.dll
Event: 0.229 Loaded shared library C:\Users\santh\.vscode\extensions\redhat.java-1.55.0-win32-x64\jre\21.0.11-win32-x86_64\bin\zip.dll
Event: 0.242 Loaded shared library C:\Users\santh\.vscode\extensions\redhat.java-1.55.0-win32-x64\jre\21.0.11-win32-x86_64\bin\jimage.dll
Event: 0.336 Loaded shared library c:\Users\santh\.vscode\extensions\redhat.java-1.55.0-win32-x64\jre\21.0.11-win32-x86_64\bin\verify.dll
Event: 8.712 Loaded shared library C:\Users\santh\AppData\Roaming\Code\User\globalStorage\redhat.java\1.55.0\config_win\org.eclipse.equinox.launcher\org.eclipse.equinox.launcher.win32.win32.x86_64_1.3.100.v20260613-0559\eclipse_11924.dll
Event: 19.234 Loaded shared library C:\Users\santh\AppData\Local\Temp\jna-109204052\jna4334331174125757966.dll
Event: 21.163 Loaded shared library C:\Users\santh\.vscode\extensions\redhat.java-1.55.0-win32-x64\jre\21.0.11-win32-x86_64\bin\sunmscapi.dll
Event: 21.288 Loaded shared library C:\Users\santh\.vscode\extensions\redhat.java-1.55.0-win32-x64\jre\21.0.11-win32-x86_64\bin\extnet.dll
Event: 35.027 Loaded shared library C:\Users\santh\.gradle\native\1def1411415f61bf3af743bc5b6707747c0891f09f0c88961ee8f79bc544acac\windows-amd64\native-platform.dll
Event: 46.460 Loaded shared library C:\Users\santh\.vscode\extensions\redhat.java-1.55.0-win32-x64\jre\21.0.11-win32-x86_64\bin\management.dll
Event: 46.494 Loaded shared library C:\Users\santh\.vscode\extensions\redhat.java-1.55.0-win32-x64\jre\21.0.11-win32-x86_64\bin\management_ext.dll

Deoptimization events (20 events):
Event: 57.369 Thread 0x00000292d46eb460 Uncommon trap: trap_request=0xffffffde fr.pc=0x00000292880271a8 relative=0x00000000000004c8
Event: 57.369 Thread 0x00000292d46eb460 Uncommon trap: reason=class_check action=maybe_recompile pc=0x00000292880271a8 method=java.util.HashMap.removeNode(ILjava/lang/Object;Ljava/lang/Object;ZZ)Ljava/util/HashMap$Node; @ 143 c2
Event: 57.369 Thread 0x00000292d46eb460 DEOPT PACKING pc=0x00000292880271a8 sp=0x0000009b403fef60
Event: 57.369 Thread 0x00000292d46eb460 DEOPT UNPACKING pc=0x00000292874a3aa2 sp=0x0000009b403fee68 mode 2
Event: 57.456 Thread 0x00000292d46ee250 Uncommon trap: trap_request=0xffffffde fr.pc=0x00000292880271a8 relative=0x00000000000004c8
Event: 57.456 Thread 0x00000292d46ee250 Uncommon trap: reason=class_check action=maybe_recompile pc=0x00000292880271a8 method=java.util.HashMap.removeNode(ILjava/lang/Object;Ljava/lang/Object;ZZ)Ljava/util/HashMap$Node; @ 143 c2
Event: 57.456 Thread 0x00000292d46ee250 DEOPT PACKING pc=0x00000292880271a8 sp=0x0000009b402fde20
Event: 57.456 Thread 0x00000292d46ee250 DEOPT UNPACKING pc=0x00000292874a3aa2 sp=0x0000009b402fdd28 mode 2
Event: 57.456 Thread 0x00000292d46ee250 Uncommon trap: trap_request=0xffffffde fr.pc=0x00000292880271a8 relative=0x00000000000004c8
Event: 57.456 Thread 0x00000292d46ee250 Uncommon trap: reason=class_check action=maybe_recompile pc=0x00000292880271a8 method=java.util.HashMap.removeNode(ILjava/lang/Object;Ljava/lang/Object;ZZ)Ljava/util/HashMap$Node; @ 143 c2
Event: 57.456 Thread 0x00000292d46ee250 DEOPT PACKING pc=0x00000292880271a8 sp=0x0000009b402fde20
Event: 57.456 Thread 0x00000292d46ee250 DEOPT UNPACKING pc=0x00000292874a3aa2 sp=0x0000009b402fdd28 mode 2
Event: 58.676 Thread 0x00000292d46ee250 Uncommon trap: trap_request=0xffffff45 fr.pc=0x000002928804ead4 relative=0x0000000000000134
Event: 58.676 Thread 0x00000292d46ee250 Uncommon trap: reason=unstable_if action=reinterpret pc=0x000002928804ead4 method=com.esotericsoftware.kryo.io.Input.read([BII)I @ 64 c2
Event: 58.676 Thread 0x00000292d46ee250 DEOPT PACKING pc=0x000002928804ead4 sp=0x0000009b402fd680
Event: 58.676 Thread 0x00000292d46ee250 DEOPT UNPACKING pc=0x00000292874a3aa2 sp=0x0000009b402fd5b8 mode 2
Event: 58.687 Thread 0x00000292d46ee250 Uncommon trap: trap_request=0xffffff45 fr.pc=0x000002928805d044 relative=0x0000000000000184
Event: 58.687 Thread 0x00000292d46ee250 Uncommon trap: reason=unstable_if action=reinterpret pc=0x000002928805d044 method=com.esotericsoftware.kryo.io.Input.read([BII)I @ 64 c2
Event: 58.687 Thread 0x00000292d46ee250 DEOPT PACKING pc=0x000002928805d044 sp=0x0000009b402fcfb0
Event: 58.687 Thread 0x00000292d46ee250 DEOPT UNPACKING pc=0x00000292874a3aa2 sp=0x0000009b402fce70 mode 2

Classes loaded (20 events):
Event: 50.862 Loading class java/util/EnumMap$EntrySet
Event: 50.862 Loading class java/util/EnumMap$EntrySet done
Event: 50.862 Loading class java/util/EnumMap$EntryIterator
Event: 50.862 Loading class java/util/EnumMap$EnumMapIterator
Event: 50.862 Loading class java/util/EnumMap$EnumMapIterator done
Event: 50.862 Loading class java/util/EnumMap$EntryIterator done
Event: 50.862 Loading class java/util/EnumMap$EntryIterator$Entry
Event: 50.863 Loading class java/util/EnumMap$EntryIterator$Entry done
Event: 51.017 Loading class java/lang/ProcessBuilder$NullInputStream
Event: 51.017 Loading class java/lang/ProcessBuilder$NullInputStream done
Event: 51.018 Loading class java/util/Scanner
Event: 51.019 Loading class java/util/Scanner done
Event: 51.020 Loading class java/util/Scanner$PatternLRUCache
Event: 51.020 Loading class java/util/Scanner$PatternLRUCache done
Event: 51.605 Loading class sun/net/www/http/ChunkedInputStream
Event: 51.606 Loading class sun/net/www/http/ChunkedInputStream done
Event: 52.420 Loading class java/security/DigestInputStream
Event: 52.421 Loading class java/security/DigestInputStream done
Event: 53.351 Loading class java/util/regex/Matcher$ImmutableMatchResult
Event: 53.351 Loading class java/util/regex/Matcher$ImmutableMatchResult done

Classes unloaded (7 events):
Event: 19.805 Thread 0x00000292f99940d0 Unloading class 0x00000292901a8c00 'java/lang/invoke/LambdaForm$MH+0x00000292901a8c00'
Event: 19.805 Thread 0x00000292f99940d0 Unloading class 0x00000292901a8800 'java/lang/invoke/LambdaForm$MH+0x00000292901a8800'
Event: 19.805 Thread 0x00000292f99940d0 Unloading class 0x00000292901a8400 'java/lang/invoke/LambdaForm$MH+0x00000292901a8400'
Event: 19.805 Thread 0x00000292f99940d0 Unloading class 0x00000292901a8000 'java/lang/invoke/LambdaForm$MH+0x00000292901a8000'
Event: 19.805 Thread 0x00000292f99940d0 Unloading class 0x00000292901a7c00 'java/lang/invoke/LambdaForm$BMH+0x00000292901a7c00'
Event: 19.805 Thread 0x00000292f99940d0 Unloading class 0x00000292901a7800 'java/lang/invoke/LambdaForm$DMH+0x00000292901a7800'
Event: 19.805 Thread 0x00000292f99940d0 Unloading class 0x00000292901a6400 'java/lang/invoke/LambdaForm$DMH+0x00000292901a6400'

Classes redefined (0 events):
No events

Internal exceptions (20 events):
Event: 49.193 Thread 0x00000292fe623d60 Exception <a 'java/lang/NoSuchMethodError'{0x00000000d5c186c8}: static Lorg/gradle/internal/build/event/types/AbstractProgressEvent;.<clinit>()V> (0x00000000d5c186c8) 
thrown [s\src\hotspot\share\prims\jni.cpp, line 1111]
Event: 49.194 Thread 0x00000292fe623d60 Exception <a 'java/lang/NoSuchMethodError'{0x00000000d5c26430}: static Lorg/gradle/internal/build/event/types/DefaultOperationStartedProgressEvent;.<clinit>()V> (0x00000000d5c26430) 
thrown [s\src\hotspot\share\prims\jni.cpp, line 1111]
Event: 49.195 Thread 0x00000292fe623d60 Exception <a 'java/lang/NoSuchMethodError'{0x00000000d5c3c520}: static Lorg/gradle/internal/build/event/types/DefaultOperationDescriptor;.<clinit>()V> (0x00000000d5c3c520) 
thrown [s\src\hotspot\share\prims\jni.cpp, line 1111]
Event: 49.195 Thread 0x00000292fe623d60 Exception <a 'java/lang/NoSuchMethodError'{0x00000000d5c4b078}: static Lorg/gradle/internal/operations/OperationIdentifier;.<clinit>()V> (0x00000000d5c4b078) 
thrown [s\src\hotspot\share\prims\jni.cpp, line 1111]
Event: 50.443 Thread 0x00000292fe623d60 Exception <a 'sun/net/ConnectionResetException'{0x00000000d5c72580}: Connection reset> (0x00000000d5c72580) 
thrown [s\src\hotspot\share\prims\jni.cpp, line 539]
Event: 50.467 Thread 0x00000292fe623d60 Exception <a 'java/io/IOException'{0x00000000d5e36c78}: Connection reset by peer> (0x00000000d5e36c78) 
thrown [s\src\hotspot\share\prims\jni.cpp, line 539]
Event: 50.480 Thread 0x00000292fd4bca10 Exception <a 'java/lang/ClassNotFoundException'{0x00000000d5eb7168}: sun/misc/SharedSecrets> (0x00000000d5eb7168) 
thrown [s\src\hotspot\share\classfile\systemDictionary.cpp, line 313]
Event: 50.481 Thread 0x00000292fd4bca10 Exception <a 'java/lang/NoSuchMethodError'{0x00000000d5ed3608}: 'void java.lang.invoke.DirectMethodHandle$Holder.invokeStatic(java.lang.Object, int, java.lang.Object)'> (0x00000000d5ed3608) 
thrown [s\src\hotspot\share\interpreter\linkResolver.cpp, line 773]
Event: 50.482 Thread 0x00000292fd4bca10 Exception <a 'java/lang/NoSuchMethodError'{0x00000000d5ee12b0}: 'void java.lang.invoke.DirectMethodHandle$Holder.invokeSpecialIFC(java.lang.Object, java.lang.Object, java.lang.Object, java.lang.Object)'> (0x00000000d5ee12b0) 
thrown [s\src\hotspot\share\interpreter\linkResolver.cpp, line 773]
Event: 50.507 Thread 0x00000292fd4bca10 Implicit null exception at 0x000002928801705e to 0x0000029288017450
Event: 50.696 Thread 0x00000292d46eadd0 Exception <a 'java/lang/NoSuchMethodError'{0x00000000d5c2e800}: 'void java.lang.invoke.DirectMethodHandle$Holder.invokeStatic(java.lang.Object, long)'> (0x00000000d5c2e800) 
thrown [s\src\hotspot\share\interpreter\linkResolver.cpp, line 773]
Event: 50.860 Thread 0x00000292d46eadd0 Exception <a 'java/lang/NoSuchMethodError'{0x00000000d5c52d20}: 'void java.lang.invoke.DirectMethodHandle$Holder.invokeSpecial(java.lang.Object, java.lang.Object, int)'> (0x00000000d5c52d20) 
thrown [s\src\hotspot\share\interpreter\linkResolver.cpp, line 773]
Event: 50.860 Thread 0x00000292d46eadd0 Exception <a 'java/lang/NoSuchMethodError'{0x00000000d5c58148}: 'java.lang.Object java.lang.invoke.DirectMethodHandle$Holder.newInvokeSpecial(java.lang.Object, java.lang.Object, int)'> (0x00000000d5c58148) 
thrown [s\src\hotspot\share\interpreter\linkResolver.cpp, line 773]
Event: 53.378 Thread 0x00000292d46ee250 Exception <a 'java/lang/NoSuchMethodError'{0x00000000d58c9a80}: 'void java.lang.invoke.DirectMethodHandle$Holder.invokeInterface(java.lang.Object, java.lang.Object, java.lang.Object, java.lang.Object)'> (0x00000000d58c9a80) 
thrown [s\src\hotspot\share\interpreter\linkResolver.cpp, line 773]
Event: 55.335 Thread 0x00000292d46ee250 Exception <a 'java/lang/NoSuchMethodError'{0x00000000d5930740}: static Lorg/gradle/internal/build/event/types/DefaultOperationFinishedProgressEvent;.<clinit>()V> (0x00000000d5930740) 
thrown [s\src\hotspot\share\prims\jni.cpp, line 1111]
Event: 55.336 Thread 0x00000292d46ee250 Exception <a 'java/lang/NoSuchMethodError'{0x00000000d59474c0}: static Lorg/gradle/internal/build/event/types/AbstractResult;.<clinit>()V> (0x00000000d59474c0) 
thrown [s\src\hotspot\share\prims\jni.cpp, line 1111]
Event: 55.336 Thread 0x00000292d46ee250 Exception <a 'java/lang/NoSuchMethodError'{0x00000000d5954fc8}: static Lorg/gradle/internal/build/event/types/AbstractOperationResult;.<clinit>()V> (0x00000000d5954fc8) 
thrown [s\src\hotspot\share\prims\jni.cpp, line 1111]
Event: 55.337 Thread 0x00000292d46ee250 Exception <a 'java/lang/NoSuchMethodError'{0x00000000d59632f0}: static Lorg/gradle/internal/build/event/types/DefaultSuccessResult;.<clinit>()V> (0x00000000d59632f0) 
thrown [s\src\hotspot\share\prims\jni.cpp, line 1111]
Event: 57.170 Thread 0x00000292d46ee250 Exception <a 'java/lang/NoSuchMethodError'{0x00000000d59d95c0}: static Lorg/gradle/internal/build/event/types/DefaultBuildPhaseDescriptor;.<clinit>()V> (0x00000000d59d95c0) 
thrown [s\src\hotspot\share\prims\jni.cpp, line 1111]
Event: 57.340 Thread 0x00000292d46ee250 Exception <a 'java/lang/NoSuchMethodError'{0x00000000d5a37240}: static Lorg/gradle/internal/build/event/types/DefaultProjectConfigurationDescriptor;.<clinit>()V> (0x00000000d5a37240) 
thrown [s\src\hotspot\share\prims\jni.cpp, line 1111]

ZGC Phase Switch (0 events):
No events

VM Operations (20 events):
Event: 52.948 Executing safepoint VM operation: Cleanup
Event: 52.948 Executing safepoint VM operation: Cleanup done
Event: 53.955 Executing safepoint VM operation: Cleanup
Event: 53.955 Executing safepoint VM operation: Cleanup done
Event: 54.961 Executing safepoint VM operation: Cleanup
Event: 54.961 Executing safepoint VM operation: Cleanup done
Event: 55.971 Executing safepoint VM operation: Cleanup
Event: 55.971 Executing safepoint VM operation: Cleanup done
Event: 56.981 Executing safepoint VM operation: Cleanup
Event: 56.981 Executing safepoint VM operation: Cleanup done
Event: 57.991 Executing safepoint VM operation: Cleanup
Event: 57.991 Executing safepoint VM operation: Cleanup done
Event: 59.005 Executing safepoint VM operation: Cleanup
Event: 59.005 Executing safepoint VM operation: Cleanup done
Event: 60.016 Executing safepoint VM operation: Cleanup
Event: 60.016 Executing safepoint VM operation: Cleanup done
Event: 60.093 Executing non-safepoint VM operation: HandshakeAllThreads (HandshakeForDeflation)
Event: 60.093 Executing non-safepoint VM operation: HandshakeAllThreads (HandshakeForDeflation) done
Event: 60.093 Executing non-safepoint VM operation: RendezvousGCThreads
Event: 60.093 Executing non-safepoint VM operation: RendezvousGCThreads done

Memory protections (0 events):
No events

Nmethod flushes (20 events):
Event: 35.235 Thread 0x00000292f99940d0 flushing  nmethod 0x00000292809b7f90
Event: 35.235 Thread 0x00000292f99940d0 flushing  nmethod 0x00000292809cdd90
Event: 35.235 Thread 0x00000292f99940d0 flushing  nmethod 0x00000292809df890
Event: 35.235 Thread 0x00000292f99940d0 flushing  nmethod 0x00000292809e7910
Event: 35.235 Thread 0x00000292f99940d0 flushing  nmethod 0x00000292809fa190
Event: 35.235 Thread 0x00000292f99940d0 flushing  nmethod 0x0000029280a42d90
Event: 35.235 Thread 0x00000292f99940d0 flushing  nmethod 0x0000029280a68b10
Event: 35.235 Thread 0x00000292f99940d0 flushing  nmethod 0x0000029280a82b90
Event: 35.235 Thread 0x00000292f99940d0 flushing  nmethod 0x0000029280a8c810
Event: 35.235 Thread 0x00000292f99940d0 flushing  nmethod 0x0000029280a9d290
Event: 35.235 Thread 0x00000292f99940d0 flushing  nmethod 0x0000029280abc910
Event: 35.235 Thread 0x00000292f99940d0 flushing  nmethod 0x0000029280abcf10
Event: 35.235 Thread 0x00000292f99940d0 flushing  nmethod 0x0000029280ad1f90
Event: 35.235 Thread 0x00000292f99940d0 flushing  nmethod 0x0000029280ad2910
Event: 35.235 Thread 0x00000292f99940d0 flushing  nmethod 0x0000029280ad8b90
Event: 35.235 Thread 0x00000292f99940d0 flushing  nmethod 0x0000029280afb290
Event: 35.235 Thread 0x00000292f99940d0 flushing  nmethod 0x0000029280afd510
Event: 35.235 Thread 0x00000292f99940d0 flushing  nmethod 0x0000029280b04190
Event: 35.235 Thread 0x00000292f99940d0 flushing  nmethod 0x0000029280b0b010
Event: 35.235 Thread 0x00000292f99940d0 flushing  nmethod 0x0000029280b54a10

Events (20 events):
Event: 50.751 Thread 0x00000292d46ee8e0 Thread exited: 0x00000292d46ee8e0
Event: 50.940 Thread 0x00000292fe6257a0 Thread added: 0x00000292d46ee8e0
Event: 50.940 Thread 0x00000292d46ee8e0 Thread exited: 0x00000292d46ee8e0
Event: 51.010 Thread 0x00000292d46ee250 Thread added: 0x00000292d46ebaf0
Event: 51.018 Thread 0x00000292d46ebaf0 Thread added: 0x00000292d46ec810
Event: 51.018 Thread 0x00000292d46ebaf0 Thread added: 0x00000292d46ef600
Event: 51.018 Thread 0x00000292d46ec810 Thread exited: 0x00000292d46ec810
Event: 51.670 Thread 0x00000292fe6257a0 Thread added: 0x00000292d46eef70
Event: 51.670 Thread 0x00000292d46eef70 Thread exited: 0x00000292d46eef70
Event: 51.760 Thread 0x00000292fe6257a0 Thread added: 0x00000292d46ee8e0
Event: 51.760 Thread 0x00000292d46ee8e0 Thread exited: 0x00000292d46ee8e0
Event: 52.302 Thread 0x00000292fad7d900 Thread exited: 0x00000292fad7d900
Event: 52.775 Thread 0x00000292fad7dfd0 Thread added: 0x00000292fad7d900
Event: 53.351 Thread 0x00000292fad7d900 Thread exited: 0x00000292fad7d900
Event: 53.352 Thread 0x00000292d46ebaf0 Thread exited: 0x00000292d46ebaf0
Event: 53.352 Thread 0x00000292d46ef600 Thread exited: 0x00000292d46ef600
Event: 57.325 Thread 0x00000292fad7dfd0 Thread added: 0x00000292fad7d900
Event: 58.554 Thread 0x00000292fad7d900 Thread exited: 0x00000292fad7d900
Event: 58.808 Thread 0x00000292fad7dfd0 Thread added: 0x00000292fad7d900
Event: 60.667 Thread 0x00000292fad7d900 Thread exited: 0x00000292fad7d900


Dynamic libraries:
0x00007ff77d7d0000 - 0x00007ff77d7de000 	c:\Users\santh\.vscode\extensions\redhat.java-1.55.0-win32-x64\jre\21.0.11-win32-x86_64\bin\java.exe
0x00007ffe53a40000 - 0x00007ffe53ca6000 	C:\WINDOWS\SYSTEM32\ntdll.dll
0x00007ffe52a60000 - 0x00007ffe52b29000 	C:\WINDOWS\System32\KERNEL32.DLL
0x00007ffe51170000 - 0x00007ffe51570000 	C:\WINDOWS\System32\KERNELBASE.dll
0x00007ffe51580000 - 0x00007ffe516cc000 	C:\WINDOWS\System32\ucrtbase.dll
0x00007ffd9b160000 - 0x00007ffd9b17e000 	c:\Users\santh\.vscode\extensions\redhat.java-1.55.0-win32-x64\jre\21.0.11-win32-x86_64\bin\VCRUNTIME140.dll
0x00007ffd9a930000 - 0x00007ffd9a948000 	c:\Users\santh\.vscode\extensions\redhat.java-1.55.0-win32-x64\jre\21.0.11-win32-x86_64\bin\jli.dll
0x00007ffe536c0000 - 0x00007ffe53887000 	C:\WINDOWS\System32\USER32.dll
0x00007ffe37aa0000 - 0x00007ffe37d32000 	C:\WINDOWS\WinSxS\amd64_microsoft.windows.common-controls_6595b64144ccf1df_6.0.26100.8737_none_3e092eaee333b772\COMCTL32.dll
0x00007ffe52bd0000 - 0x00007ffe52c79000 	C:\WINDOWS\System32\msvcrt.dll
0x00007ffe51140000 - 0x00007ffe51167000 	C:\WINDOWS\System32\win32u.dll
0x00007ffe52c80000 - 0x00007ffe52cab000 	C:\WINDOWS\System32\GDI32.dll
0x00007ffe50c60000 - 0x00007ffe50d89000 	C:\WINDOWS\System32\gdi32full.dll
0x00007ffe50f10000 - 0x00007ffe50fb3000 	C:\WINDOWS\System32\msvcp_win.dll
0x00007ffe52060000 - 0x00007ffe52092000 	C:\WINDOWS\System32\IMM32.DLL
0x00007ffdd8bf0000 - 0x00007ffdd8bfc000 	c:\Users\santh\.vscode\extensions\redhat.java-1.55.0-win32-x64\jre\21.0.11-win32-x86_64\bin\vcruntime140_1.dll
0x00007ffd9ac80000 - 0x00007ffd9ad0d000 	c:\Users\santh\.vscode\extensions\redhat.java-1.55.0-win32-x64\jre\21.0.11-win32-x86_64\bin\msvcp140.dll
0x00007ffd986b0000 - 0x00007ffd99452000 	c:\Users\santh\.vscode\extensions\redhat.java-1.55.0-win32-x64\jre\21.0.11-win32-x86_64\bin\server\jvm.dll
0x00007ffe53600000 - 0x00007ffe536b7000 	C:\WINDOWS\System32\ADVAPI32.dll
0x00007ffe53950000 - 0x00007ffe539fa000 	C:\WINDOWS\System32\sechost.dll
0x00007ffe52710000 - 0x00007ffe52828000 	C:\WINDOWS\System32\RPCRT4.dll
0x00007ffe52b30000 - 0x00007ffe52bb0000 	C:\WINDOWS\System32\WS2_32.dll
0x00007ffe50ac0000 - 0x00007ffe50b1e000 	C:\WINDOWS\SYSTEM32\POWRPROF.dll
0x00007ffe47ed0000 - 0x00007ffe47f06000 	C:\WINDOWS\SYSTEM32\WINMM.dll
0x00007ffe47f50000 - 0x00007ffe47f5b000 	C:\WINDOWS\SYSTEM32\VERSION.dll
0x00007ffe50aa0000 - 0x00007ffe50ab4000 	C:\WINDOWS\SYSTEM32\UMPDC.dll
0x00007ffe4f910000 - 0x00007ffe4f92b000 	C:\WINDOWS\SYSTEM32\kernel.appcore.dll
0x00007ffdd5db0000 - 0x00007ffdd5dba000 	c:\Users\santh\.vscode\extensions\redhat.java-1.55.0-win32-x64\jre\21.0.11-win32-x86_64\bin\jimage.dll
0x00007ffe4e2a0000 - 0x00007ffe4e4e2000 	C:\WINDOWS\SYSTEM32\DBGHELP.DLL
0x00007ffe53140000 - 0x00007ffe534c3000 	C:\WINDOWS\System32\combase.dll
0x00007ffe51f10000 - 0x00007ffe51fe9000 	C:\WINDOWS\System32\OLEAUT32.dll
0x00007ffe37750000 - 0x00007ffe3778b000 	C:\WINDOWS\SYSTEM32\dbgcore.DLL
0x00007ffe50fc0000 - 0x00007ffe5106c000 	C:\WINDOWS\System32\bcryptPrimitives.dll
0x00007ffe48390000 - 0x00007ffe4839f000 	c:\Users\santh\.vscode\extensions\redhat.java-1.55.0-win32-x64\jre\21.0.11-win32-x86_64\bin\instrument.dll
0x00007ffd9ab50000 - 0x00007ffd9ab70000 	c:\Users\santh\.vscode\extensions\redhat.java-1.55.0-win32-x64\jre\21.0.11-win32-x86_64\bin\java.dll
0x00007ffe51770000 - 0x00007ffe51f02000 	C:\WINDOWS\System32\SHELL32.dll
0x00007ffe4e6c0000 - 0x00007ffe4ef52000 	C:\WINDOWS\SYSTEM32\windows.storage.dll
0x00007ffe534d0000 - 0x00007ffe535c7000 	C:\WINDOWS\System32\SHCORE.dll
0x00007ffe52210000 - 0x00007ffe52277000 	C:\WINDOWS\System32\shlwapi.dll
0x00007ffe50b80000 - 0x00007ffe50ba9000 	C:\WINDOWS\SYSTEM32\profapi.dll
0x00007ffd9ac60000 - 0x00007ffd9ac78000 	c:\Users\santh\.vscode\extensions\redhat.java-1.55.0-win32-x64\jre\21.0.11-win32-x86_64\bin\zip.dll
0x00007ffdd0820000 - 0x00007ffdd0830000 	C:\Users\santh\.vscode\extensions\redhat.java-1.55.0-win32-x64\jre\21.0.11-win32-x86_64\bin\net.dll
0x00007ffe49fa0000 - 0x00007ffe4a0c9000 	C:\WINDOWS\SYSTEM32\WINHTTP.dll
0x00007ffe4fed0000 - 0x00007ffe4ff3c000 	C:\WINDOWS\system32\mswsock.dll
0x00007ffd9ac40000 - 0x00007ffd9ac56000 	C:\Users\santh\.vscode\extensions\redhat.java-1.55.0-win32-x64\jre\21.0.11-win32-x86_64\bin\nio.dll
0x00007ffe48380000 - 0x00007ffe48390000 	c:\Users\santh\.vscode\extensions\redhat.java-1.55.0-win32-x64\jre\21.0.11-win32-x86_64\bin\verify.dll
0x00007ffe29820000 - 0x00007ffe29865000 	C:\Users\santh\AppData\Roaming\Code\User\globalStorage\redhat.java\1.55.0\config_win\org.eclipse.equinox.launcher\org.eclipse.equinox.launcher.win32.win32.x86_64_1.3.100.v20260613-0559\eclipse_11924.dll
0x00007ffe528c0000 - 0x00007ffe52a59000 	C:\WINDOWS\System32\ole32.dll
0x00007ffe50210000 - 0x00007ffe5022b000 	C:\WINDOWS\SYSTEM32\CRYPTSP.dll
0x00007ffe4f870000 - 0x00007ffe4f8a9000 	C:\WINDOWS\system32\rsaenh.dll
0x00007ffe4ffb0000 - 0x00007ffe4ffe2000 	C:\WINDOWS\SYSTEM32\USERENV.dll
0x00007ffe50b50000 - 0x00007ffe50b7a000 	C:\WINDOWS\SYSTEM32\bcrypt.dll
0x00007ffe501f0000 - 0x00007ffe501fc000 	C:\WINDOWS\SYSTEM32\CRYPTBASE.dll
0x00007ffe4f2b0000 - 0x00007ffe4f2e3000 	C:\WINDOWS\SYSTEM32\IPHLPAPI.DLL
0x00007ffe52bc0000 - 0x00007ffe52bca000 	C:\WINDOWS\System32\NSI.dll
0x00007ffe0c5c0000 - 0x00007ffe0c609000 	C:\Users\santh\AppData\Local\Temp\jna-109204052\jna4334331174125757966.dll
0x00007ffe51ff0000 - 0x00007ffe51ff8000 	C:\WINDOWS\System32\PSAPI.DLL
0x00007ffe4aac0000 - 0x00007ffe4aadd000 	C:\WINDOWS\SYSTEM32\dhcpcsvc6.DLL
0x00007ffe4aa90000 - 0x00007ffe4aab5000 	C:\WINDOWS\SYSTEM32\dhcpcsvc.DLL
0x00007ffe3d030000 - 0x00007ffe3d03e000 	C:\Users\santh\.vscode\extensions\redhat.java-1.55.0-win32-x64\jre\21.0.11-win32-x86_64\bin\sunmscapi.dll
0x00007ffe50d90000 - 0x00007ffe50f08000 	C:\WINDOWS\System32\CRYPT32.dll
0x00007ffe50430000 - 0x00007ffe50460000 	C:\WINDOWS\SYSTEM32\ncrypt.dll
0x00007ffe503e0000 - 0x00007ffe5041f000 	C:\WINDOWS\SYSTEM32\NTASN1.dll
0x00007ffe4f340000 - 0x00007ffe4f495000 	C:\WINDOWS\SYSTEM32\DNSAPI.dll
0x00007ffe4fcd0000 - 0x00007ffe4fcdd000 	C:\WINDOWS\SYSTEM32\DSPARSE.dll
0x00007ffe49500000 - 0x00007ffe4950b000 	C:\Windows\System32\rasadhlp.dll
0x00007ffe4ad20000 - 0x00007ffe4ada6000 	C:\WINDOWS\System32\fwpuclnt.dll
0x00007ffe30d60000 - 0x00007ffe30d69000 	C:\Users\santh\.vscode\extensions\redhat.java-1.55.0-win32-x64\jre\21.0.11-win32-x86_64\bin\extnet.dll
0x00007ffda6cf0000 - 0x00007ffda6d17000 	C:\Users\santh\.gradle\native\1def1411415f61bf3af743bc5b6707747c0891f09f0c88961ee8f79bc544acac\windows-amd64\native-platform.dll
0x00007ffe3ab00000 - 0x00007ffe3ab0a000 	C:\Users\santh\.vscode\extensions\redhat.java-1.55.0-win32-x64\jre\21.0.11-win32-x86_64\bin\management.dll
0x00007ffe3aaf0000 - 0x00007ffe3aafc000 	C:\Users\santh\.vscode\extensions\redhat.java-1.55.0-win32-x64\jre\21.0.11-win32-x86_64\bin\management_ext.dll
0x00007ffe0a6e0000 - 0x00007ffe0a6e8000 	C:\WINDOWS\system32\wshunix.dll

JVMTI agents:
c:\Users\santh\.vscode\extensions\redhat.java-1.55.0-win32-x64\lombok\lombok-1.18.39-4050.jar path:c:\Users\santh\.vscode\extensions\redhat.java-1.55.0-win32-x64\jre\21.0.11-win32-x86_64\bin\instrument.dll, loaded, initialized, instrumentlib options:none

dbghelp: loaded successfully - version: 4.0.5 - missing functions: none
symbol engine: initialized successfully - sym options: 0x614 - pdb path: .;c:\Users\santh\.vscode\extensions\redhat.java-1.55.0-win32-x64\jre\21.0.11-win32-x86_64\bin;C:\WINDOWS\SYSTEM32;C:\WINDOWS\WinSxS\amd64_microsoft.windows.common-controls_6595b64144ccf1df_6.0.26100.8737_none_3e092eaee333b772;c:\Users\santh\.vscode\extensions\redhat.java-1.55.0-win32-x64\jre\21.0.11-win32-x86_64\bin\server;C:\Users\santh\AppData\Roaming\Code\User\globalStorage\redhat.java\1.55.0\config_win\org.eclipse.equinox.launcher\org.eclipse.equinox.launcher.win32.win32.x86_64_1.3.100.v20260613-0559;C:\Users\santh\AppData\Local\Temp\jna-109204052;C:\Users\santh\.gradle\native\1def1411415f61bf3af743bc5b6707747c0891f09f0c88961ee8f79bc544acac\windows-amd64

VM Arguments:
jvm_args: --add-modules=ALL-SYSTEM --add-opens=java.base/java.util=ALL-UNNAMED --add-opens=java.base/java.lang=ALL-UNNAMED --add-opens=java.base/sun.nio.fs=ALL-UNNAMED -Declipse.application=org.eclipse.jdt.ls.core.id1 -Dosgi.bundles.defaultStartLevel=4 -Declipse.product=org.eclipse.jdt.ls.core.product -Djava.import.generatesMetadataFilesAtProjectRoot=false -DDetectVMInstallationsJob.disabled=true -Dfile.encoding=utf8 -XX:+UseParallelGC -XX:GCTimeRatio=4 -XX:AdaptiveSizePolicyWeight=90 -Dsun.zip.disableMemoryMapping=true -Xmx2G -Xms100m -Xlog:disable -javaagent:c:\Users\santh\.vscode\extensions\redhat.java-1.55.0-win32-x64\lombok\lombok-1.18.39-4050.jar -XX:+HeapDumpOnOutOfMemoryError -XX:HeapDumpPath=c:\Users\santh\AppData\Roaming\Code\User\workspaceStorage\3b4c82f2017b046094d4374927bbe9a6\redhat.java -Daether.dependencyCollector.impl=bf 
java_command: c:\Users\santh\.vscode\extensions\redhat.java-1.55.0-win32-x64\server\plugins\org.eclipse.equinox.launcher_1.7.200.v20260619-2039.jar -configuration c:\Users\santh\AppData\Roaming\Code\User\globalStorage\redhat.java\1.55.0\config_win -data c:\Users\santh\AppData\Roaming\Code\User\workspaceStorage\3b4c82f2017b046094d4374927bbe9a6\redhat.java\jdt_ws --pipe=\\.\pipe\lsp-601b5a02438c7dca497b370be348d007-sock
java_class_path (initial): c:\Users\santh\.vscode\extensions\redhat.java-1.55.0-win32-x64\server\plugins\org.eclipse.equinox.launcher_1.7.200.v20260619-2039.jar
Launcher Type: SUN_STANDARD

[Global flags]
    uintx AdaptiveSizePolicyWeight                 = 90                                        {product} {command line}
     intx CICompilerCount                          = 12                                        {product} {ergonomic}
    uintx GCTimeRatio                              = 4                                         {product} {command line}
     bool HeapDumpOnOutOfMemoryError               = true                                   {manageable} {command line}
    ccstr HeapDumpPath                             = c:\Users\santh\AppData\Roaming\Code\User\workspaceStorage\3b4c82f2017b046094d4374927bbe9a6\redhat.java         {manageable} {command line}
   size_t InitialHeapSize                          = 104857600                                 {product} {command line}
   size_t MaxHeapSize                              = 2147483648                                {product} {command line}
   size_t MaxNewSize                               = 715653120                                 {product} {ergonomic}
   size_t MinHeapDeltaBytes                        = 524288                                    {product} {ergonomic}
   size_t MinHeapSize                              = 104857600                                 {product} {command line}
   size_t NewSize                                  = 34603008                                  {product} {ergonomic}
    uintx NonNMethodCodeHeapSize                   = 7602480                                {pd product} {ergonomic}
    uintx NonProfiledCodeHeapSize                  = 122027880                              {pd product} {ergonomic}
   size_t OldSize                                  = 70254592                                  {product} {ergonomic}
    uintx ProfiledCodeHeapSize                     = 122027880                              {pd product} {ergonomic}
    uintx ReservedCodeCacheSize                    = 251658240                              {pd product} {ergonomic}
     bool SegmentedCodeCache                       = true                                      {product} {ergonomic}
   size_t SoftMaxHeapSize                          = 2147483648                             {manageable} {ergonomic}
     bool UseCompressedOops                        = true                           {product lp64_product} {ergonomic}
     bool UseLargePagesIndividualAllocation        = false                                  {pd product} {ergonomic}
     bool UseParallelGC                            = true                                      {product} {command line}

Logging:
Log output configuration:
 #0: stdout all=off uptime,level,tags foldmultilines=false
 #1: stderr all=off uptime,level,tags foldmultilines=false

Release file:
JAVA_VERSION="21.0.11" 
MODULES="java.base java.compiler java.datatransfer java.xml java.prefs java.desktop java.instrument java.logging java.management java.security.sasl java.naming java.rmi java.management.rmi java.net.http java.scripting java.security.jgss java.transaction.xa java.sql java.sql.rowset java.xml.crypto java.se java.smartcardio jdk.accessibility jdk.internal.jvmstat jdk.attach jdk.charsets jdk.internal.opt jdk.zipfs jdk.compiler jdk.crypto.ec jdk.crypto.cryptoki jdk.crypto.mscapi jdk.dynalink jdk.internal.ed jdk.editpad jdk.hotspot.agent jdk.httpserver jdk.internal.le jdk.internal.vm.ci jdk.internal.vm.compiler jdk.internal.vm.compiler.management jdk.jartool jdk.javadoc jdk.jcmd jdk.management jdk.management.agent jdk.jconsole jdk.jdeps jdk.jdwp.agent jdk.jdi jdk.jfr jdk.jshell jdk.jsobject jdk.jstatd jdk.localedata jdk.management.jfr jdk.naming.dns jdk.naming.rmi jdk.net jdk.nio.mapmode jdk.random jdk.sctp jdk.security.auth jdk.security.jgss jdk.unsupported jdk.unsupported.desktop jdk.xml.dom" 

Environment Variables:
JAVA_HOME=C:\Program Files\Java
PATH=C:\app\santh\product\21c\dbhomeXE\bin;C:\Program Files\Common Files\Oracle\Java\javapath;C:\Windows\system32;C:\Windows;C:\Windows\System32\Wbem;C:\Windows\System32\WindowsPowerShell\v1.0\;C:\Windows\System32\OpenSSH\;C:\Program Files (x86)\NVIDIA Corporation\PhysX\Common;C:\Program Files\NVIDIA Corporation\NVIDIA NvDLISR;C:\WINDOWS\system32;C:\WINDOWS;C:\WINDOWS\System32\Wbem;C:\WINDOWS\System32\WindowsPowerShell\v1.0\;C:\WINDOWS\System32\OpenSSH\;C:\Program Files\Amazon\AWSCLIV2\;C:\Program Files\PuTTY\;C:\Program Files\nodejs\;C:\Program Files\Git\cmd;C:\Program Files\Java\jdk-21_windows-x64_bin\jdk-21.0.10\bin;;C:\Program Files\Docker\Docker\resources\bin;C:\Users\santh\AppData\Local\Microsoft\WindowsApps;C:\Program Files\Java\jdk-11.0.16\bin;C:\Users\santh\AppData\Roaming\npm;C:\Users\santh\AppData\Local\Programs\Microsoft VS Code\bin;C:\Users\santh\AppData\Local\GitHubDesktop\bin
USERNAME=santh
OS=Windows_NT
PROCESSOR_IDENTIFIER=AMD64 Family 25 Model 80 Stepping 0, AuthenticAMD
TMP=C:\Users\santh\AppData\Local\Temp
TEMP=C:\Users\santh\AppData\Local\Temp




Periodic native trim disabled

---------------  S Y S T E M  ---------------

OS:
 Windows 11 , 64 bit Build 26100 (10.0.26100.8737)
OS uptime: 24 days 13:51 hours
Hyper-V role detected

CPU: total 16 (initial active 16) (16 cores per cpu, 2 threads per core) family 25 model 80 stepping 0 microcode 0xa50000c, cx8, cmov, fxsr, ht, mmx, 3dnowpref, sse, sse2, sse3, ssse3, sse4a, sse4.1, sse4.2, popcnt, lzcnt, tsc, tscinvbit, avx, avx2, aes, erms, clmul, bmi1, bmi2, adx, sha, fma, vzeroupper, clflush, clflushopt, hv, rdtscp, rdpid, fsrm, f16c, cet_ss
Processor Information for the first 16 processors :
  Max Mhz: 3201, Current Mhz: 3201, Mhz Limit: 3201

Memory: 4k page, system-wide physical 14188M (268M free)
TotalPageFile size 57196M (AvailPageFile size 7M)
current process WorkingSet (physical memory assigned to process): 306M, peak: 312M
current process commit charge ("private bytes"): 393M, peak: 396M

vm_info: OpenJDK 64-Bit Server VM (21.0.11+10-LTS) for windows-amd64 JRE (21.0.11+10-LTS), built on 2026-04-21T00:00:00Z by "admin" with MS VC++ 17.12 (VS2022)

END.
