#
# There is insufficient memory for the Java Runtime Environment to continue.
# Native memory allocation (malloc) failed to allocate 1021456 bytes for Chunk::new
# Possible reasons:
#   The system is out of physical RAM or swap space
#   The process is running with CompressedOops enabled, and the Java Heap may be blocking the growth of the native heap
# Possible solutions:
#   Reduce memory load on the system
#   Increase physical memory or swap space
#   Check if swap backing store is full
#   Decrease Java heap size (-Xmx/-Xms)
#   Decrease number of Java threads
#   Decrease Java thread stack sizes (-Xss)
#   Set larger code cache with -XX:ReservedCodeCacheSize=
#   JVM is running with Unscaled Compressed Oops mode in which the Java heap is
#     placed in the first 4GB address space. The Java Heap base address is the
#     maximum limit for the native heap growth. Please use -XX:HeapBaseMinAddress
#     to set the Java Heap base and to place the Java Heap above 4GB virtual address.
# This output file may be truncated or incomplete.
#
#  Out of Memory Error (./open/src/hotspot/share/memory/arena.cpp:197), pid=35012, tid=2872
#
# JRE version: Java(TM) SE Runtime Environment 18.9 (11.0.16+11) (build 11.0.16+11-LTS-199)
# Java VM: Java HotSpot(TM) 64-Bit Server VM 18.9 (11.0.16+11-LTS-199, mixed mode, tiered, compressed oops, g1 gc, windows-amd64)
# No core dump will be written. Minidumps are not enabled by default on client versions of Windows
#

---------------  S U M M A R Y ------------

Command Line: --add-opens=java.base/java.lang=ALL-UNNAMED --add-opens=java.base/java.lang.invoke=ALL-UNNAMED --add-opens=java.base/java.util=ALL-UNNAMED --add-opens=java.prefs/java.util.prefs=ALL-UNNAMED --add-exports=jdk.compiler/com.sun.tools.javac.api=ALL-UNNAMED --add-exports=jdk.compiler/com.sun.tools.javac.util=ALL-UNNAMED --add-opens=java.base/java.util=ALL-UNNAMED --add-opens=java.prefs/java.util.prefs=ALL-UNNAMED --add-opens=java.base/java.nio.charset=ALL-UNNAMED --add-opens=java.base/java.net=ALL-UNNAMED --add-opens=java.base/java.util.concurrent.atomic=ALL-UNNAMED --add-opens=java.xml/javax.xml.namespace=ALL-UNNAMED -Xmx1536m -Dfile.encoding=UTF-8 -Duser.country=US -Duser.language=en -Duser.variant -javaagent:C:\Users\santh\.gradle\wrapper\dists\gradle-8.14.3-all\10utluxaxniiv4wxiphsi49nj\gradle-8.14.3\lib\agents\gradle-instrumentation-agent-8.14.3.jar org.gradle.launcher.daemon.bootstrap.GradleDaemon 8.14.3

Host: AMD Ryzen 7 5800H with Radeon Graphics         , 16 cores, 13G,  Windows 11 , 64 bit Build 26100 (10.0.26100.8737)
Time: Tue Aug 11 01:54:44 2026 India Standard Time elapsed time: 11.876603 seconds (0d 0h 0m 11s)

---------------  T H R E A D  ---------------

Current thread (0x0000020e487e2800):  JavaThread "C2 CompilerThread0" daemon [_thread_in_native, id=2872, stack(0x000000e5e6d00000,0x000000e5e6e00000)]


Current CompileTask:
C2:  11876 6064       4       java.lang.invoke.MethodType::makeImpl (108 bytes)

Stack: [0x000000e5e6d00000,0x000000e5e6e00000]
Native frames: (J=compiled Java code, j=interpreted, Vv=VM code, C=native code)
V  [jvm.dll+0x62a3ea]
V  [jvm.dll+0x76418f]
V  [jvm.dll+0x765839]
V  [jvm.dll+0x765ec3]
V  [jvm.dll+0x23da98]
V  [jvm.dll+0xb2a1c]
V  [jvm.dll+0xb2fdc]
V  [jvm.dll+0x341487]
V  [jvm.dll+0x18cc31]
V  [win32u.dll+0x1f85b2]
V  [jvm.dll+0x1f768d]
V  [jvm.dll+0x177c81]
V  [jvm.dll+0x207006]
V  [jvm.dll+0x20519b]
V  [jvm.dll+0x729fa0]
V  [jvm.dll+0x722b74]
V  [jvm.dll+0x629286]
C  [ucrtbase.dll+0x2cd30]
C  [KERNEL32.DLL+0x2e957]
C  [ntdll.dll+0xaad6c]


---------------  P R O C E S S  ---------------

Threads class SMR info:
_java_thread_list=0x0000020e4ec78e70, length=71, elements={
0x0000020e287bf000, 0x0000020e4877c000, 0x0000020e48788800, 0x0000020e487dc800,
0x0000020e487de800, 0x0000020e487df800, 0x0000020e487e2800, 0x0000020e487e4800,
0x0000020e487f3000, 0x0000020e48965000, 0x0000020e4896e000, 0x0000020e48972000,
0x0000020e49f92000, 0x0000020e4abeb800, 0x0000020e4a88f000, 0x0000020e4aeee800,
0x0000020e49c7b000, 0x0000020e4a88c000, 0x0000020e49b09000, 0x0000020e4aadb800,
0x0000020e4b04c000, 0x0000020e4b03f000, 0x0000020e4b03d000, 0x0000020e4b03e000,
0x0000020e4b03c800, 0x0000020e4b041000, 0x0000020e4b03f800, 0x0000020e4b042000,
0x0000020e4b040800, 0x0000020e4b043000, 0x0000020e4c5b2000, 0x0000020e4c5b3000,
0x0000020e4c5b1000, 0x0000020e4c5b4800, 0x0000020e4c5b7800, 0x0000020e4c5b5000,
0x0000020e4c5b8800, 0x0000020e4c5bb800, 0x0000020e4c5b9800, 0x0000020e4c5bc800,
0x0000020e4c5ba000, 0x0000020e4c5bb000, 0x0000020e4c5bf000, 0x0000020e4c5be000,
0x0000020e4ee9a800, 0x0000020e4ee99800, 0x0000020e4ee9c000, 0x0000020e4ee9b800,
0x0000020e4ee9d000, 0x0000020e4ee9e800, 0x0000020e4ee9e000, 0x0000020e4eea2000,
0x0000020e4ee9f800, 0x0000020e4eea2800, 0x0000020e4eea0000, 0x0000020e4eea3800,
0x0000020e4eea1000, 0x0000020e4eea4800, 0x0000020e4eea6000, 0x0000020e4eea5000,
0x0000020e4eea8800, 0x0000020e4eea7800, 0x0000020e4eea7000, 0x0000020e4ee46000,
0x0000020e4ee47000, 0x0000020e4ee45000, 0x0000020e4ee44800, 0x0000020e4ee4a000,
0x0000020e4ee48800, 0x0000020e4ee47800, 0x0000020e4ee4c000
}

Java Threads: ( => current thread )
  0x0000020e287bf000 JavaThread "main" [_thread_blocked, id=35640, stack(0x000000e5e6100000,0x000000e5e6200000)]
  0x0000020e4877c000 JavaThread "Reference Handler" daemon [_thread_blocked, id=36804, stack(0x000000e5e6800000,0x000000e5e6900000)]
  0x0000020e48788800 JavaThread "Finalizer" daemon [_thread_blocked, id=28924, stack(0x000000e5e6900000,0x000000e5e6a00000)]
  0x0000020e487dc800 JavaThread "Signal Dispatcher" daemon [_thread_blocked, id=33620, stack(0x000000e5e6a00000,0x000000e5e6b00000)]
  0x0000020e487de800 JavaThread "Attach Listener" daemon [_thread_blocked, id=31988, stack(0x000000e5e6b00000,0x000000e5e6c00000)]
  0x0000020e487df800 JavaThread "Service Thread" daemon [_thread_blocked, id=10656, stack(0x000000e5e6c00000,0x000000e5e6d00000)]
=>0x0000020e487e2800 JavaThread "C2 CompilerThread0" daemon [_thread_in_native, id=2872, stack(0x000000e5e6d00000,0x000000e5e6e00000)]
  0x0000020e487e4800 JavaThread "C1 CompilerThread0" daemon [_thread_blocked, id=19244, stack(0x000000e5e6e00000,0x000000e5e6f00000)]
  0x0000020e487f3000 JavaThread "Sweeper thread" daemon [_thread_blocked, id=6988, stack(0x000000e5e6f00000,0x000000e5e7000000)]
  0x0000020e48965000 JavaThread "Common-Cleaner" daemon [_thread_blocked, id=14612, stack(0x000000e5e7000000,0x000000e5e7100000)]
  0x0000020e4896e000 JavaThread "C1 CompilerThread1" daemon [_thread_blocked, id=34716, stack(0x000000e5e7100000,0x000000e5e7200000)]
  0x0000020e48972000 JavaThread "C1 CompilerThread2" daemon [_thread_in_vm, id=11144, stack(0x000000e5e7200000,0x000000e5e7300000)]
  0x0000020e49f92000 JavaThread "Daemon health stats" [_thread_blocked, id=34112, stack(0x000000e5e7800000,0x000000e5e7900000)]
  0x0000020e4abeb800 JavaThread "Incoming local TCP Connector on port 58980" [_thread_in_native, id=696, stack(0x000000e5e7900000,0x000000e5e7a00000)]
  0x0000020e4a88f000 JavaThread "Daemon periodic checks" [_thread_blocked, id=38068, stack(0x000000e5e7a00000,0x000000e5e7b00000)]
  0x0000020e4aeee800 JavaThread "Daemon" [_thread_blocked, id=31308, stack(0x000000e5e7b00000,0x000000e5e7c00000)]
  0x0000020e49c7b000 JavaThread "Handler for socket connection from /127.0.0.1:58980 to /127.0.0.1:58981" [_thread_in_native, id=23740, stack(0x000000e5e7c00000,0x000000e5e7d00000)]
  0x0000020e4a88c000 JavaThread "Cancel handler" [_thread_blocked, id=23008, stack(0x000000e5e7d00000,0x000000e5e7e00000)]
  0x0000020e49b09000 JavaThread "Daemon worker" [_thread_in_Java, id=7776, stack(0x000000e5e7e00000,0x000000e5e7f00000)]
  0x0000020e4aadb800 JavaThread "Asynchronous log dispatcher for DefaultDaemonConnection: socket connection from /127.0.0.1:58980 to /127.0.0.1:58981" [_thread_blocked, id=37468, stack(0x000000e5e7f00000,0x000000e5e8000000)]
  0x0000020e4b04c000 JavaThread "Stdin handler" [_thread_blocked, id=16108, stack(0x000000e5e8000000,0x000000e5e8100000)]
  0x0000020e4b03f000 JavaThread "Daemon client event forwarder" [_thread_blocked, id=34172, stack(0x000000e5e8100000,0x000000e5e8200000)]
  0x0000020e4b03d000 JavaThread "Cache worker for journal cache (C:\Users\santh\.gradle\caches\journal-1)" [_thread_blocked, id=29068, stack(0x000000e5e8c00000,0x000000e5e8d00000)]
  0x0000020e4b03e000 JavaThread "File lock request listener" [_thread_in_native, id=36652, stack(0x000000e5e8d00000,0x000000e5e8e00000)]
  0x0000020e4b03c800 JavaThread "Cache worker for file hash cache (C:\Users\santh\.gradle\caches\8.14.3\fileHashes)" [_thread_blocked, id=38644, stack(0x000000e5e8e00000,0x000000e5e8f00000)]
  0x0000020e4b041000 JavaThread "Problems report writer" [_thread_blocked, id=10340, stack(0x000000e5e8f00000,0x000000e5e9000000)]
  0x0000020e4b03f800 JavaThread "Cache worker for file hash cache (C:\San Docs\workspace\samaksh\samaksh-farms-app\android\.gradle\8.14.3\fileHashes)" [_thread_blocked, id=14448, stack(0x000000e5e9000000,0x000000e5e9100000)]
  0x0000020e4b042000 JavaThread "Cache worker for Build Output Cleanup Cache (C:\San Docs\workspace\samaksh\samaksh-farms-app\android\.gradle\buildOutputCleanup)" [_thread_blocked, id=22396, stack(0x000000e5e9100000,0x000000e5e9200000)]
  0x0000020e4b040800 JavaThread "File watcher server" daemon [_thread_in_native, id=33884, stack(0x000000e5e9200000,0x000000e5e9300000)]
  0x0000020e4b043000 JavaThread "File watcher consumer" daemon [_thread_blocked, id=34708, stack(0x000000e5e9300000,0x000000e5e9400000)]
  0x0000020e4c5b2000 JavaThread "jar transforms" [_thread_blocked, id=21896, stack(0x000000e5e9400000,0x000000e5e9500000)]
  0x0000020e4c5b3000 JavaThread "jar transforms Thread 2" [_thread_blocked, id=15408, stack(0x000000e5e9500000,0x000000e5e9600000)]
  0x0000020e4c5b1000 JavaThread "Cache worker for checksums cache (C:\San Docs\workspace\samaksh\samaksh-farms-app\android\.gradle\8.14.3\checksums)" [_thread_blocked, id=13472, stack(0x000000e5e9600000,0x000000e5e9700000)]
  0x0000020e4c5b4800 JavaThread "Cache worker for file content cache (C:\Users\santh\.gradle\caches\8.14.3\fileContent)" [_thread_blocked, id=30324, stack(0x000000e5e9700000,0x000000e5e9800000)]
  0x0000020e4c5b7800 JavaThread "jar transforms Thread 3" [_thread_blocked, id=27812, stack(0x000000e5e9800000,0x000000e5e9900000)]
  0x0000020e4c5b5000 JavaThread "jar transforms Thread 4" [_thread_blocked, id=24680, stack(0x000000e5e9900000,0x000000e5e9a00000)]
  0x0000020e4c5b8800 JavaThread "jar transforms Thread 5" [_thread_blocked, id=37556, stack(0x000000e5e9a00000,0x000000e5e9b00000)]
  0x0000020e4c5bb800 JavaThread "jar transforms Thread 6" [_thread_blocked, id=12276, stack(0x000000e5e9b00000,0x000000e5e9c00000)]
  0x0000020e4c5b9800 JavaThread "Cache worker for cache directory md-supplier (C:\Users\santh\.gradle\caches\8.14.3\md-supplier)" [_thread_blocked, id=10748, stack(0x000000e5e9c00000,0x000000e5e9d00000)]
  0x0000020e4c5bc800 JavaThread "Cache worker for cache directory md-rule (C:\Users\santh\.gradle\caches\8.14.3\md-rule)" [_thread_blocked, id=26920, stack(0x000000e5e9d00000,0x000000e5e9e00000)]
  0x0000020e4c5ba000 JavaThread "jar transforms Thread 7" [_thread_blocked, id=20448, stack(0x000000e5e9e00000,0x000000e5e9f00000)]
  0x0000020e4c5bb000 JavaThread "Unconstrained build operations" [_thread_blocked, id=19280, stack(0x000000e5e9f00000,0x000000e5ea000000)]
  0x0000020e4c5bf000 JavaThread "Unconstrained build operations Thread 2" [_thread_blocked, id=16180, stack(0x000000e5ea000000,0x000000e5ea100000)]
  0x0000020e4c5be000 JavaThread "Unconstrained build operations Thread 3" [_thread_blocked, id=20860, stack(0x000000e5ea100000,0x000000e5ea200000)]
  0x0000020e4ee9a800 JavaThread "Unconstrained build operations Thread 4" [_thread_blocked, id=38028, stack(0x000000e5ea200000,0x000000e5ea300000)]
  0x0000020e4ee99800 JavaThread "Unconstrained build operations Thread 5" [_thread_blocked, id=13428, stack(0x000000e5ea300000,0x000000e5ea400000)]
  0x0000020e4ee9c000 JavaThread "Unconstrained build operations Thread 6" [_thread_blocked, id=38532, stack(0x000000e5ea400000,0x000000e5ea500000)]
  0x0000020e4ee9b800 JavaThread "Unconstrained build operations Thread 7" [_thread_blocked, id=28220, stack(0x000000e5ea500000,0x000000e5ea600000)]
  0x0000020e4ee9d000 JavaThread "Unconstrained build operations Thread 8" [_thread_blocked, id=30416, stack(0x000000e5ea600000,0x000000e5ea700000)]
  0x0000020e4ee9e800 JavaThread "Unconstrained build operations Thread 9" [_thread_blocked, id=3900, stack(0x000000e5ea700000,0x000000e5ea800000)]
  0x0000020e4ee9e000 JavaThread "Unconstrained build operations Thread 10" [_thread_blocked, id=22804, stack(0x000000e5ea800000,0x000000e5ea900000)]
  0x0000020e4eea2000 JavaThread "Unconstrained build operations Thread 11" [_thread_blocked, id=17320, stack(0x000000e5ea900000,0x000000e5eaa00000)]
  0x0000020e4ee9f800 JavaThread "Unconstrained build operations Thread 12" [_thread_blocked, id=10836, stack(0x000000e5eaa00000,0x000000e5eab00000)]
  0x0000020e4eea2800 JavaThread "Unconstrained build operations Thread 13" [_thread_blocked, id=5416, stack(0x000000e5eab00000,0x000000e5eac00000)]
  0x0000020e4eea0000 JavaThread "Unconstrained build operations Thread 14" [_thread_blocked, id=38812, stack(0x000000e5eac00000,0x000000e5ead00000)]
  0x0000020e4eea3800 JavaThread "Unconstrained build operations Thread 15" [_thread_blocked, id=31168, stack(0x000000e5ead00000,0x000000e5eae00000)]
  0x0000020e4eea1000 JavaThread "Unconstrained build operations Thread 16" [_thread_blocked, id=25108, stack(0x000000e5eae00000,0x000000e5eaf00000)]
  0x0000020e4eea4800 JavaThread "Unconstrained build operations Thread 17" [_thread_in_native, id=15620, stack(0x000000e5eaf00000,0x000000e5eb000000)]
  0x0000020e4eea6000 JavaThread "Unconstrained build operations Thread 18" [_thread_blocked, id=4340, stack(0x000000e5eb000000,0x000000e5eb100000)]
  0x0000020e4eea5000 JavaThread "Unconstrained build operations Thread 19" [_thread_blocked, id=18476, stack(0x000000e5eb100000,0x000000e5eb200000)]
  0x0000020e4eea8800 JavaThread "Unconstrained build operations Thread 20" [_thread_blocked, id=2828, stack(0x000000e5eb200000,0x000000e5eb300000)]
  0x0000020e4eea7800 JavaThread "Unconstrained build operations Thread 21" [_thread_in_native, id=6216, stack(0x000000e5eb300000,0x000000e5eb400000)]
  0x0000020e4eea7000 JavaThread "Unconstrained build operations Thread 22" [_thread_blocked, id=29956, stack(0x000000e5eb400000,0x000000e5eb500000)]
  0x0000020e4ee46000 JavaThread "Unconstrained build operations Thread 23" [_thread_in_native, id=15960, stack(0x000000e5eb500000,0x000000e5eb600000)]
  0x0000020e4ee47000 JavaThread "Unconstrained build operations Thread 24" [_thread_blocked, id=20568, stack(0x000000e5eb600000,0x000000e5eb700000)]
  0x0000020e4ee45000 JavaThread "Unconstrained build operations Thread 25" [_thread_blocked, id=14360, stack(0x000000e5eb700000,0x000000e5eb800000)]
  0x0000020e4ee44800 JavaThread "Unconstrained build operations Thread 26" [_thread_blocked, id=20916, stack(0x000000e5eb800000,0x000000e5eb900000)]
  0x0000020e4ee4a000 JavaThread "Unconstrained build operations Thread 27" [_thread_blocked, id=32300, stack(0x000000e5eb900000,0x000000e5eba00000)]
  0x0000020e4ee48800 JavaThread "Unconstrained build operations Thread 28" [_thread_in_Java, id=37208, stack(0x000000e5eba00000,0x000000e5ebb00000)]
  0x0000020e4ee47800 JavaThread "Unconstrained build operations Thread 29" [_thread_blocked, id=28968, stack(0x000000e5ebb00000,0x000000e5ebc00000)]
  0x0000020e4ee4c000 JavaThread "Unconstrained build operations Thread 30" [_thread_blocked, id=29864, stack(0x000000e5ebc00000,0x000000e5ebd00000)]

Other Threads:
  0x0000020e48758800 VMThread "VM Thread" [stack: 0x000000e5e6700000,0x000000e5e6800000] [id=17080]
  0x0000020e48b20800 WatcherThread [stack: 0x000000e5e7300000,0x000000e5e7400000] [id=3872]
  0x0000020e287d5000 GCTaskThread "GC Thread#0" [stack: 0x000000e5e6200000,0x000000e5e6300000] [id=37464]
  0x0000020e48e5d000 GCTaskThread "GC Thread#1" [stack: 0x000000e5e7400000,0x000000e5e7500000] [id=25120]
  0x0000020e48e5f000 GCTaskThread "GC Thread#2" [stack: 0x000000e5e7500000,0x000000e5e7600000] [id=26160]
  0x0000020e48d74000 GCTaskThread "GC Thread#3" [stack: 0x000000e5e7600000,0x000000e5e7700000] [id=37264]
  0x0000020e48d74800 GCTaskThread "GC Thread#4" [stack: 0x000000e5e7700000,0x000000e5e7800000] [id=11472]
  0x0000020e4b07e000 GCTaskThread "GC Thread#5" [stack: 0x000000e5e8200000,0x000000e5e8300000] [id=23956]
  0x0000020e4b1d8800 GCTaskThread "GC Thread#6" [stack: 0x000000e5e8300000,0x000000e5e8400000] [id=29884]
  0x0000020e4b198000 GCTaskThread "GC Thread#7" [stack: 0x000000e5e8400000,0x000000e5e8500000] [id=27772]
  0x0000020e4b162000 GCTaskThread "GC Thread#8" [stack: 0x000000e5e8500000,0x000000e5e8600000] [id=32848]
  0x0000020e4b162800 GCTaskThread "GC Thread#9" [stack: 0x000000e5e8600000,0x000000e5e8700000] [id=9328]
  0x0000020e4b163800 GCTaskThread "GC Thread#10" [stack: 0x000000e5e8700000,0x000000e5e8800000] [id=13668]
  0x0000020e4b14e000 GCTaskThread "GC Thread#11" [stack: 0x000000e5e8800000,0x000000e5e8900000] [id=35736]
  0x0000020e4b2e2800 GCTaskThread "GC Thread#12" [stack: 0x000000e5e8900000,0x000000e5e8a00000] [id=34844]
  0x0000020e287ff800 ConcurrentGCThread "G1 Main Marker" [stack: 0x000000e5e6300000,0x000000e5e6400000] [id=31064]
  0x0000020e28801800 ConcurrentGCThread "G1 Conc#0" [stack: 0x000000e5e6400000,0x000000e5e6500000] [id=29920]
  0x0000020e4b307800 ConcurrentGCThread "G1 Conc#1" [stack: 0x000000e5e8a00000,0x000000e5e8b00000] [id=22084]
  0x0000020e4b2e9800 ConcurrentGCThread "G1 Conc#2" [stack: 0x000000e5e8b00000,0x000000e5e8c00000] [id=16536]
  0x0000020e28807800 ConcurrentGCThread "G1 Refine#0" [stack: 0x000000e5e6500000,0x000000e5e6600000] [id=8108]
  0x0000020e47dc3000 ConcurrentGCThread "G1 Young RemSet Sampling" [stack: 0x000000e5e6600000,0x000000e5e6700000] [id=10844]

Threads with active compile tasks:
C2 CompilerThread0    11917 6064       4       java.lang.invoke.MethodType::makeImpl (108 bytes)
C1 CompilerThread1    11917 6894       2       sun.security.provider.MD5::clone (32 bytes)
C1 CompilerThread2    11918 6895       2       org.gradle.internal.snapshot.SnapshotUtil$2::handleUnrelatedToAnyChild (5 bytes)

VM state:not at safepoint (normal execution)

VM Mutex/Monitor currently owned by a thread: None

Heap address: 0x00000000a0000000, size: 1536 MB, Compressed Oops mode: 32-bit
Narrow klass base: 0x0000000000000000, Narrow klass shift: 3
Compressed class space size: 1073741824 Address: 0x0000000100000000

Heap:
 garbage-first heap   total 227328K, used 155042K [0x00000000a0000000, 0x0000000100000000)
  region size 1024K, 130 young (133120K), 13 survivors (13312K)
 Metaspace       used 57761K, capacity 59711K, committed 59984K, reserved 1101824K
  class space    used 7529K, capacity 8284K, committed 8352K, reserved 1048576K
Heap Regions: E=young(eden), S=young(survivor), O=old, HS=humongous(starts), HC=humongous(continues), CS=collection set, F=free, A=archive, TAMS=top-at-mark-start (previous, next)
|   0|0x00000000a0000000, 0x00000000a0100000, 0x00000000a0100000|100%|HS|  |TAMS 0x00000000a0100000, 0x00000000a0000000| Complete 
|   1|0x00000000a0100000, 0x00000000a0200000, 0x00000000a0200000|100%|HC|  |TAMS 0x00000000a0200000, 0x00000000a0100000| Complete 
|   2|0x00000000a0200000, 0x00000000a0300000, 0x00000000a0300000|100%|HC|  |TAMS 0x00000000a0300000, 0x00000000a0200000| Complete 
|   3|0x00000000a0300000, 0x00000000a0400000, 0x00000000a0400000|100%|HS|  |TAMS 0x00000000a0400000, 0x00000000a0300000| Complete 
|   4|0x00000000a0400000, 0x00000000a0500000, 0x00000000a0500000|100%| O|  |TAMS 0x00000000a0500000, 0x00000000a0400000| Untracked 
|   5|0x00000000a0500000, 0x00000000a0600000, 0x00000000a0600000|100%| O|  |TAMS 0x00000000a0600000, 0x00000000a0500000| Untracked 
|   6|0x00000000a0600000, 0x00000000a0700000, 0x00000000a0700000|100%| O|  |TAMS 0x00000000a0700000, 0x00000000a0600000| Untracked 
|   7|0x00000000a0700000, 0x00000000a0800000, 0x00000000a0800000|100%| O|  |TAMS 0x00000000a0800000, 0x00000000a0700000| Untracked 
|   8|0x00000000a0800000, 0x00000000a0900000, 0x00000000a0900000|100%| O|  |TAMS 0x00000000a0900000, 0x00000000a0800000| Untracked 
|   9|0x00000000a0900000, 0x00000000a0a00000, 0x00000000a0a00000|100%| O|  |TAMS 0x00000000a0a00000, 0x00000000a0900000| Untracked 
|  10|0x00000000a0a00000, 0x00000000a0b00000, 0x00000000a0b00000|100%| O|  |TAMS 0x00000000a0b00000, 0x00000000a0a00000| Untracked 
|  11|0x00000000a0b00000, 0x00000000a0c00000, 0x00000000a0c00000|100%| O|  |TAMS 0x00000000a0c00000, 0x00000000a0b00000| Untracked 
|  12|0x00000000a0c00000, 0x00000000a0d00000, 0x00000000a0d00000|100%| O|  |TAMS 0x00000000a0d00000, 0x00000000a0c00000| Untracked 
|  13|0x00000000a0d00000, 0x00000000a0e00000, 0x00000000a0e00000|100%| O|  |TAMS 0x00000000a0e00000, 0x00000000a0d00000| Untracked 
|  14|0x00000000a0e00000, 0x00000000a0f00000, 0x00000000a0f00000|100%| O|  |TAMS 0x00000000a0f00000, 0x00000000a0e00000| Untracked 
|  15|0x00000000a0f00000, 0x00000000a1000000, 0x00000000a1000000|100%| O|  |TAMS 0x00000000a1000000, 0x00000000a0f00000| Untracked 
|  16|0x00000000a1000000, 0x00000000a1100000, 0x00000000a1100000|100%| O|  |TAMS 0x00000000a10fbc00, 0x00000000a1000000| Untracked 
|  17|0x00000000a1100000, 0x00000000a1100000, 0x00000000a1200000|  0%| F|  |TAMS 0x00000000a1100000, 0x00000000a1100000| Untracked 
|  18|0x00000000a1200000, 0x00000000a1200000, 0x00000000a1300000|  0%| F|  |TAMS 0x00000000a1200000, 0x00000000a1200000| Untracked 
|  19|0x00000000a1300000, 0x00000000a1400000, 0x00000000a1400000|100%| O|  |TAMS 0x00000000a1300000, 0x00000000a1300000| Untracked 
|  20|0x00000000a1400000, 0x00000000a1500000, 0x00000000a1500000|100%| O|  |TAMS 0x00000000a1400000, 0x00000000a1400000| Untracked 
|  21|0x00000000a1500000, 0x00000000a1600000, 0x00000000a1600000|100%| O|  |TAMS 0x00000000a1500000, 0x00000000a1500000| Untracked 
|  22|0x00000000a1600000, 0x00000000a1700000, 0x00000000a1700000|100%| O|  |TAMS 0x00000000a1600000, 0x00000000a1600000| Untracked 
|  23|0x00000000a1700000, 0x00000000a1800000, 0x00000000a1800000|100%| O|  |TAMS 0x00000000a1700000, 0x00000000a1700000| Untracked 
|  24|0x00000000a1800000, 0x00000000a1900000, 0x00000000a1900000|100%| O|  |TAMS 0x00000000a1800000, 0x00000000a1800000| Untracked 
|  25|0x00000000a1900000, 0x00000000a193c400, 0x00000000a1a00000| 23%| O|  |TAMS 0x00000000a1900000, 0x00000000a1900000| Untracked 
|  26|0x00000000a1a00000, 0x00000000a1a00000, 0x00000000a1b00000|  0%| F|  |TAMS 0x00000000a1a00000, 0x00000000a1a00000| Untracked 
|  27|0x00000000a1b00000, 0x00000000a1b00000, 0x00000000a1c00000|  0%| F|  |TAMS 0x00000000a1b00000, 0x00000000a1b00000| Untracked 
|  28|0x00000000a1c00000, 0x00000000a1c00000, 0x00000000a1d00000|  0%| F|  |TAMS 0x00000000a1c00000, 0x00000000a1c00000| Untracked 
|  29|0x00000000a1d00000, 0x00000000a1d00000, 0x00000000a1e00000|  0%| F|  |TAMS 0x00000000a1d00000, 0x00000000a1d00000| Untracked 
|  30|0x00000000a1e00000, 0x00000000a1e00000, 0x00000000a1f00000|  0%| F|  |TAMS 0x00000000a1e00000, 0x00000000a1e00000| Untracked 
|  31|0x00000000a1f00000, 0x00000000a1f00000, 0x00000000a2000000|  0%| F|  |TAMS 0x00000000a1f00000, 0x00000000a1f00000| Untracked 
|  32|0x00000000a2000000, 0x00000000a2000000, 0x00000000a2100000|  0%| F|  |TAMS 0x00000000a2000000, 0x00000000a2000000| Untracked 
|  33|0x00000000a2100000, 0x00000000a2100000, 0x00000000a2200000|  0%| F|  |TAMS 0x00000000a2100000, 0x00000000a2100000| Untracked 
|  34|0x00000000a2200000, 0x00000000a2200000, 0x00000000a2300000|  0%| F|  |TAMS 0x00000000a2200000, 0x00000000a2200000| Untracked 
|  35|0x00000000a2300000, 0x00000000a2300000, 0x00000000a2400000|  0%| F|  |TAMS 0x00000000a2300000, 0x00000000a2300000| Untracked 
|  36|0x00000000a2400000, 0x00000000a2400000, 0x00000000a2500000|  0%| F|  |TAMS 0x00000000a2400000, 0x00000000a2400000| Untracked 
|  37|0x00000000a2500000, 0x00000000a2500000, 0x00000000a2600000|  0%| F|  |TAMS 0x00000000a2500000, 0x00000000a2500000| Untracked 
|  38|0x00000000a2600000, 0x00000000a2600000, 0x00000000a2700000|  0%| F|  |TAMS 0x00000000a2600000, 0x00000000a2600000| Untracked 
|  39|0x00000000a2700000, 0x00000000a2700000, 0x00000000a2800000|  0%| F|  |TAMS 0x00000000a2700000, 0x00000000a2700000| Untracked 
|  40|0x00000000a2800000, 0x00000000a2800000, 0x00000000a2900000|  0%| F|  |TAMS 0x00000000a2800000, 0x00000000a2800000| Untracked 
|  41|0x00000000a2900000, 0x00000000a2900000, 0x00000000a2a00000|  0%| F|  |TAMS 0x00000000a2900000, 0x00000000a2900000| Untracked 
|  42|0x00000000a2a00000, 0x00000000a2a00000, 0x00000000a2b00000|  0%| F|  |TAMS 0x00000000a2a00000, 0x00000000a2a00000| Untracked 
|  43|0x00000000a2b00000, 0x00000000a2b00000, 0x00000000a2c00000|  0%| F|  |TAMS 0x00000000a2b00000, 0x00000000a2b00000| Untracked 
|  44|0x00000000a2c00000, 0x00000000a2c00000, 0x00000000a2d00000|  0%| F|  |TAMS 0x00000000a2c00000, 0x00000000a2c00000| Untracked 
|  45|0x00000000a2d00000, 0x00000000a2d00000, 0x00000000a2e00000|  0%| F|  |TAMS 0x00000000a2d00000, 0x00000000a2d00000| Untracked 
|  46|0x00000000a2e00000, 0x00000000a2e00000, 0x00000000a2f00000|  0%| F|  |TAMS 0x00000000a2e00000, 0x00000000a2e00000| Untracked 
|  47|0x00000000a2f00000, 0x00000000a2f00000, 0x00000000a3000000|  0%| F|  |TAMS 0x00000000a2f00000, 0x00000000a2f00000| Untracked 
|  48|0x00000000a3000000, 0x00000000a3000000, 0x00000000a3100000|  0%| F|  |TAMS 0x00000000a3000000, 0x00000000a3000000| Untracked 
|  49|0x00000000a3100000, 0x00000000a3100000, 0x00000000a3200000|  0%| F|  |TAMS 0x00000000a3100000, 0x00000000a3100000| Untracked 
|  50|0x00000000a3200000, 0x00000000a3200000, 0x00000000a3300000|  0%| F|  |TAMS 0x00000000a3200000, 0x00000000a3200000| Untracked 
|  51|0x00000000a3300000, 0x00000000a3300000, 0x00000000a3400000|  0%| F|  |TAMS 0x00000000a3300000, 0x00000000a3300000| Untracked 
|  52|0x00000000a3400000, 0x00000000a3400000, 0x00000000a3500000|  0%| F|  |TAMS 0x00000000a3400000, 0x00000000a3400000| Untracked 
|  53|0x00000000a3500000, 0x00000000a3500000, 0x00000000a3600000|  0%| F|  |TAMS 0x00000000a3500000, 0x00000000a3500000| Untracked 
|  54|0x00000000a3600000, 0x00000000a3600000, 0x00000000a3700000|  0%| F|  |TAMS 0x00000000a3600000, 0x00000000a3600000| Untracked 
|  55|0x00000000a3700000, 0x00000000a3700000, 0x00000000a3800000|  0%| F|  |TAMS 0x00000000a3700000, 0x00000000a3700000| Untracked 
|  56|0x00000000a3800000, 0x00000000a3800000, 0x00000000a3900000|  0%| F|  |TAMS 0x00000000a3800000, 0x00000000a3800000| Untracked 
|  57|0x00000000a3900000, 0x00000000a3900000, 0x00000000a3a00000|  0%| F|  |TAMS 0x00000000a3900000, 0x00000000a3900000| Untracked 
|  58|0x00000000a3a00000, 0x00000000a3a00000, 0x00000000a3b00000|  0%| F|  |TAMS 0x00000000a3a00000, 0x00000000a3a00000| Untracked 
|  59|0x00000000a3b00000, 0x00000000a3b00000, 0x00000000a3c00000|  0%| F|  |TAMS 0x00000000a3b00000, 0x00000000a3b00000| Untracked 
|  60|0x00000000a3c00000, 0x00000000a3c00000, 0x00000000a3d00000|  0%| F|  |TAMS 0x00000000a3c00000, 0x00000000a3c00000| Untracked 
|  61|0x00000000a3d00000, 0x00000000a3d00000, 0x00000000a3e00000|  0%| F|  |TAMS 0x00000000a3d00000, 0x00000000a3d00000| Untracked 
|  62|0x00000000a3e00000, 0x00000000a3e00000, 0x00000000a3f00000|  0%| F|  |TAMS 0x00000000a3e00000, 0x00000000a3e00000| Untracked 
|  63|0x00000000a3f00000, 0x00000000a3f00000, 0x00000000a4000000|  0%| F|  |TAMS 0x00000000a3f00000, 0x00000000a3f00000| Untracked 
|  64|0x00000000a4000000, 0x00000000a4000000, 0x00000000a4100000|  0%| F|  |TAMS 0x00000000a4000000, 0x00000000a4000000| Untracked 
|  65|0x00000000a4100000, 0x00000000a4100000, 0x00000000a4200000|  0%| F|  |TAMS 0x00000000a4100000, 0x00000000a4100000| Untracked 
|  66|0x00000000a4200000, 0x00000000a4200000, 0x00000000a4300000|  0%| F|  |TAMS 0x00000000a4200000, 0x00000000a4200000| Untracked 
|  67|0x00000000a4300000, 0x00000000a4300000, 0x00000000a4400000|  0%| F|  |TAMS 0x00000000a4300000, 0x00000000a4300000| Untracked 
|  68|0x00000000a4400000, 0x00000000a4400000, 0x00000000a4500000|  0%| F|  |TAMS 0x00000000a4400000, 0x00000000a4400000| Untracked 
|  69|0x00000000a4500000, 0x00000000a4500000, 0x00000000a4600000|  0%| F|  |TAMS 0x00000000a4500000, 0x00000000a4500000| Untracked 
|  70|0x00000000a4600000, 0x00000000a4600000, 0x00000000a4700000|  0%| F|  |TAMS 0x00000000a4600000, 0x00000000a4600000| Untracked 
|  71|0x00000000a4700000, 0x00000000a4700000, 0x00000000a4800000|  0%| F|  |TAMS 0x00000000a4700000, 0x00000000a4700000| Untracked 
|  72|0x00000000a4800000, 0x00000000a4800000, 0x00000000a4900000|  0%| F|  |TAMS 0x00000000a4800000, 0x00000000a4800000| Untracked 
|  73|0x00000000a4900000, 0x00000000a4900000, 0x00000000a4a00000|  0%| F|  |TAMS 0x00000000a4900000, 0x00000000a4900000| Untracked 
|  74|0x00000000a4a00000, 0x00000000a4a00000, 0x00000000a4b00000|  0%| F|  |TAMS 0x00000000a4a00000, 0x00000000a4a00000| Untracked 
|  75|0x00000000a4b00000, 0x00000000a4b00000, 0x00000000a4c00000|  0%| F|  |TAMS 0x00000000a4b00000, 0x00000000a4b00000| Untracked 
|  76|0x00000000a4c00000, 0x00000000a4c00000, 0x00000000a4d00000|  0%| F|  |TAMS 0x00000000a4c00000, 0x00000000a4c00000| Untracked 
|  77|0x00000000a4d00000, 0x00000000a4d00000, 0x00000000a4e00000|  0%| F|  |TAMS 0x00000000a4d00000, 0x00000000a4d00000| Untracked 
|  78|0x00000000a4e00000, 0x00000000a4e00000, 0x00000000a4f00000|  0%| F|  |TAMS 0x00000000a4e00000, 0x00000000a4e00000| Untracked 
|  79|0x00000000a4f00000, 0x00000000a4f00000, 0x00000000a5000000|  0%| F|  |TAMS 0x00000000a4f00000, 0x00000000a4f00000| Untracked 
|  80|0x00000000a5000000, 0x00000000a5000000, 0x00000000a5100000|  0%| F|  |TAMS 0x00000000a5000000, 0x00000000a5000000| Untracked 
|  81|0x00000000a5100000, 0x00000000a5100000, 0x00000000a5200000|  0%| F|  |TAMS 0x00000000a5100000, 0x00000000a5100000| Untracked 
|  82|0x00000000a5200000, 0x00000000a5200000, 0x00000000a5300000|  0%| F|  |TAMS 0x00000000a5200000, 0x00000000a5200000| Untracked 
|  83|0x00000000a5300000, 0x00000000a5300000, 0x00000000a5400000|  0%| F|  |TAMS 0x00000000a5300000, 0x00000000a5300000| Untracked 
|  84|0x00000000a5400000, 0x00000000a5400000, 0x00000000a5500000|  0%| F|  |TAMS 0x00000000a5400000, 0x00000000a5400000| Untracked 
|  85|0x00000000a5500000, 0x00000000a5500000, 0x00000000a5600000|  0%| F|  |TAMS 0x00000000a5500000, 0x00000000a5500000| Untracked 
|  86|0x00000000a5600000, 0x00000000a5600000, 0x00000000a5700000|  0%| F|  |TAMS 0x00000000a5600000, 0x00000000a5600000| Untracked 
|  87|0x00000000a5700000, 0x00000000a5700000, 0x00000000a5800000|  0%| F|  |TAMS 0x00000000a5700000, 0x00000000a5700000| Untracked 
|  88|0x00000000a5800000, 0x00000000a5800000, 0x00000000a5900000|  0%| F|  |TAMS 0x00000000a5800000, 0x00000000a5800000| Untracked 
|  89|0x00000000a5900000, 0x00000000a5900000, 0x00000000a5a00000|  0%| F|  |TAMS 0x00000000a5900000, 0x00000000a5900000| Untracked 
|  90|0x00000000a5a00000, 0x00000000a5a00000, 0x00000000a5b00000|  0%| F|  |TAMS 0x00000000a5a00000, 0x00000000a5a00000| Untracked 
|  91|0x00000000a5b00000, 0x00000000a5b2c5c0, 0x00000000a5c00000| 17%| S|CS|TAMS 0x00000000a5b00000, 0x00000000a5b00000| Complete 
|  92|0x00000000a5c00000, 0x00000000a5d00000, 0x00000000a5d00000|100%| S|CS|TAMS 0x00000000a5c00000, 0x00000000a5c00000| Complete 
|  93|0x00000000a5d00000, 0x00000000a5e00000, 0x00000000a5e00000|100%| S|CS|TAMS 0x00000000a5d00000, 0x00000000a5d00000| Complete 
|  94|0x00000000a5e00000, 0x00000000a5f00000, 0x00000000a5f00000|100%| S|CS|TAMS 0x00000000a5e00000, 0x00000000a5e00000| Complete 
|  95|0x00000000a5f00000, 0x00000000a6000000, 0x00000000a6000000|100%| S|CS|TAMS 0x00000000a5f00000, 0x00000000a5f00000| Complete 
|  96|0x00000000a6000000, 0x00000000a6100000, 0x00000000a6100000|100%| S|CS|TAMS 0x00000000a6000000, 0x00000000a6000000| Complete 
|  97|0x00000000a6100000, 0x00000000a6200000, 0x00000000a6200000|100%| S|CS|TAMS 0x00000000a6100000, 0x00000000a6100000| Complete 
|  98|0x00000000a6200000, 0x00000000a6300000, 0x00000000a6300000|100%| S|CS|TAMS 0x00000000a6200000, 0x00000000a6200000| Complete 
|  99|0x00000000a6300000, 0x00000000a6400000, 0x00000000a6400000|100%| S|CS|TAMS 0x00000000a6300000, 0x00000000a6300000| Complete 
| 100|0x00000000a6400000, 0x00000000a6500000, 0x00000000a6500000|100%| S|CS|TAMS 0x00000000a6400000, 0x00000000a6400000| Complete 
| 101|0x00000000a6500000, 0x00000000a6600000, 0x00000000a6600000|100%| S|CS|TAMS 0x00000000a6500000, 0x00000000a6500000| Complete 
| 102|0x00000000a6600000, 0x00000000a6700000, 0x00000000a6700000|100%| S|CS|TAMS 0x00000000a6600000, 0x00000000a6600000| Complete 
| 103|0x00000000a6700000, 0x00000000a6800000, 0x00000000a6800000|100%| S|CS|TAMS 0x00000000a6700000, 0x00000000a6700000| Complete 
| 104|0x00000000a6800000, 0x00000000a6896ed0, 0x00000000a6900000| 58%| E|  |TAMS 0x00000000a6800000, 0x00000000a6800000| Complete 
| 105|0x00000000a6900000, 0x00000000a6a00000, 0x00000000a6a00000|100%| E|CS|TAMS 0x00000000a6900000, 0x00000000a6900000| Complete 
| 106|0x00000000a6a00000, 0x00000000a6b00000, 0x00000000a6b00000|100%| E|CS|TAMS 0x00000000a6a00000, 0x00000000a6a00000| Complete 
| 107|0x00000000a6b00000, 0x00000000a6c00000, 0x00000000a6c00000|100%| E|CS|TAMS 0x00000000a6b00000, 0x00000000a6b00000| Complete 
| 108|0x00000000a6c00000, 0x00000000a6d00000, 0x00000000a6d00000|100%| E|CS|TAMS 0x00000000a6c00000, 0x00000000a6c00000| Complete 
| 109|0x00000000a6d00000, 0x00000000a6e00000, 0x00000000a6e00000|100%| E|CS|TAMS 0x00000000a6d00000, 0x00000000a6d00000| Complete 
| 110|0x00000000a6e00000, 0x00000000a6f00000, 0x00000000a6f00000|100%| E|CS|TAMS 0x00000000a6e00000, 0x00000000a6e00000| Complete 
| 111|0x00000000a6f00000, 0x00000000a7000000, 0x00000000a7000000|100%| E|CS|TAMS 0x00000000a6f00000, 0x00000000a6f00000| Complete 
| 112|0x00000000a7000000, 0x00000000a7100000, 0x00000000a7100000|100%| E|CS|TAMS 0x00000000a7000000, 0x00000000a7000000| Complete 
| 113|0x00000000a7100000, 0x00000000a7200000, 0x00000000a7200000|100%| E|CS|TAMS 0x00000000a7100000, 0x00000000a7100000| Complete 
| 114|0x00000000a7200000, 0x00000000a7300000, 0x00000000a7300000|100%| E|CS|TAMS 0x00000000a7200000, 0x00000000a7200000| Complete 
| 115|0x00000000a7300000, 0x00000000a7400000, 0x00000000a7400000|100%| E|CS|TAMS 0x00000000a7300000, 0x00000000a7300000| Complete 
| 116|0x00000000a7400000, 0x00000000a7500000, 0x00000000a7500000|100%| E|CS|TAMS 0x00000000a7400000, 0x00000000a7400000| Complete 
| 117|0x00000000a7500000, 0x00000000a7600000, 0x00000000a7600000|100%| E|CS|TAMS 0x00000000a7500000, 0x00000000a7500000| Complete 
| 118|0x00000000a7600000, 0x00000000a7700000, 0x00000000a7700000|100%| E|CS|TAMS 0x00000000a7600000, 0x00000000a7600000| Complete 
| 119|0x00000000a7700000, 0x00000000a7800000, 0x00000000a7800000|100%| E|CS|TAMS 0x00000000a7700000, 0x00000000a7700000| Complete 
| 120|0x00000000a7800000, 0x00000000a7900000, 0x00000000a7900000|100%| E|CS|TAMS 0x00000000a7800000, 0x00000000a7800000| Complete 
| 121|0x00000000a7900000, 0x00000000a7a00000, 0x00000000a7a00000|100%| E|CS|TAMS 0x00000000a7900000, 0x00000000a7900000| Complete 
| 122|0x00000000a7a00000, 0x00000000a7b00000, 0x00000000a7b00000|100%| E|CS|TAMS 0x00000000a7a00000, 0x00000000a7a00000| Complete 
| 123|0x00000000a7b00000, 0x00000000a7c00000, 0x00000000a7c00000|100%| E|CS|TAMS 0x00000000a7b00000, 0x00000000a7b00000| Complete 
| 124|0x00000000a7c00000, 0x00000000a7d00000, 0x00000000a7d00000|100%| E|CS|TAMS 0x00000000a7c00000, 0x00000000a7c00000| Complete 
| 125|0x00000000a7d00000, 0x00000000a7e00000, 0x00000000a7e00000|100%| E|CS|TAMS 0x00000000a7d00000, 0x00000000a7d00000| Complete 
| 126|0x00000000a7e00000, 0x00000000a7f00000, 0x00000000a7f00000|100%| E|CS|TAMS 0x00000000a7e00000, 0x00000000a7e00000| Complete 
| 127|0x00000000a7f00000, 0x00000000a8000000, 0x00000000a8000000|100%| E|CS|TAMS 0x00000000a7f00000, 0x00000000a7f00000| Complete 
| 128|0x00000000a8000000, 0x00000000a8100000, 0x00000000a8100000|100%| E|CS|TAMS 0x00000000a8000000, 0x00000000a8000000| Complete 
| 129|0x00000000a8100000, 0x00000000a8200000, 0x00000000a8200000|100%| E|CS|TAMS 0x00000000a8100000, 0x00000000a8100000| Complete 
| 130|0x00000000a8200000, 0x00000000a8300000, 0x00000000a8300000|100%| E|CS|TAMS 0x00000000a8200000, 0x00000000a8200000| Complete 
| 131|0x00000000a8300000, 0x00000000a8400000, 0x00000000a8400000|100%| E|CS|TAMS 0x00000000a8300000, 0x00000000a8300000| Complete 
| 132|0x00000000a8400000, 0x00000000a8500000, 0x00000000a8500000|100%| E|CS|TAMS 0x00000000a8400000, 0x00000000a8400000| Complete 
| 133|0x00000000a8500000, 0x00000000a8600000, 0x00000000a8600000|100%| E|CS|TAMS 0x00000000a8500000, 0x00000000a8500000| Complete 
| 134|0x00000000a8600000, 0x00000000a8700000, 0x00000000a8700000|100%| E|CS|TAMS 0x00000000a8600000, 0x00000000a8600000| Complete 
| 135|0x00000000a8700000, 0x00000000a8800000, 0x00000000a8800000|100%| E|CS|TAMS 0x00000000a8700000, 0x00000000a8700000| Complete 
| 136|0x00000000a8800000, 0x00000000a8900000, 0x00000000a8900000|100%| E|CS|TAMS 0x00000000a8800000, 0x00000000a8800000| Complete 
| 137|0x00000000a8900000, 0x00000000a8a00000, 0x00000000a8a00000|100%| E|CS|TAMS 0x00000000a8900000, 0x00000000a8900000| Complete 
| 138|0x00000000a8a00000, 0x00000000a8b00000, 0x00000000a8b00000|100%| E|CS|TAMS 0x00000000a8a00000, 0x00000000a8a00000| Complete 
| 139|0x00000000a8b00000, 0x00000000a8c00000, 0x00000000a8c00000|100%| E|CS|TAMS 0x00000000a8b00000, 0x00000000a8b00000| Complete 
| 140|0x00000000a8c00000, 0x00000000a8d00000, 0x00000000a8d00000|100%| E|CS|TAMS 0x00000000a8c00000, 0x00000000a8c00000| Complete 
| 141|0x00000000a8d00000, 0x00000000a8e00000, 0x00000000a8e00000|100%| E|CS|TAMS 0x00000000a8d00000, 0x00000000a8d00000| Complete 
| 142|0x00000000a8e00000, 0x00000000a8f00000, 0x00000000a8f00000|100%| E|CS|TAMS 0x00000000a8e00000, 0x00000000a8e00000| Complete 
| 143|0x00000000a8f00000, 0x00000000a9000000, 0x00000000a9000000|100%| E|CS|TAMS 0x00000000a8f00000, 0x00000000a8f00000| Complete 
| 144|0x00000000a9000000, 0x00000000a9100000, 0x00000000a9100000|100%| E|CS|TAMS 0x00000000a9000000, 0x00000000a9000000| Complete 
| 145|0x00000000a9100000, 0x00000000a9200000, 0x00000000a9200000|100%| E|CS|TAMS 0x00000000a9100000, 0x00000000a9100000| Complete 
| 146|0x00000000a9200000, 0x00000000a9300000, 0x00000000a9300000|100%| E|CS|TAMS 0x00000000a9200000, 0x00000000a9200000| Complete 
| 147|0x00000000a9300000, 0x00000000a9400000, 0x00000000a9400000|100%| E|CS|TAMS 0x00000000a9300000, 0x00000000a9300000| Complete 
| 148|0x00000000a9400000, 0x00000000a9500000, 0x00000000a9500000|100%| E|CS|TAMS 0x00000000a9400000, 0x00000000a9400000| Complete 
| 149|0x00000000a9500000, 0x00000000a9600000, 0x00000000a9600000|100%| E|CS|TAMS 0x00000000a9500000, 0x00000000a9500000| Complete 
| 150|0x00000000a9600000, 0x00000000a9700000, 0x00000000a9700000|100%| E|CS|TAMS 0x00000000a9600000, 0x00000000a9600000| Complete 
| 151|0x00000000a9700000, 0x00000000a9800000, 0x00000000a9800000|100%| E|CS|TAMS 0x00000000a9700000, 0x00000000a9700000| Complete 
| 152|0x00000000a9800000, 0x00000000a9900000, 0x00000000a9900000|100%| E|CS|TAMS 0x00000000a9800000, 0x00000000a9800000| Complete 
| 153|0x00000000a9900000, 0x00000000a9a00000, 0x00000000a9a00000|100%| E|CS|TAMS 0x00000000a9900000, 0x00000000a9900000| Complete 
| 154|0x00000000a9a00000, 0x00000000a9b00000, 0x00000000a9b00000|100%| E|CS|TAMS 0x00000000a9a00000, 0x00000000a9a00000| Complete 
| 155|0x00000000a9b00000, 0x00000000a9c00000, 0x00000000a9c00000|100%| E|CS|TAMS 0x00000000a9b00000, 0x00000000a9b00000| Complete 
| 156|0x00000000a9c00000, 0x00000000a9d00000, 0x00000000a9d00000|100%| E|CS|TAMS 0x00000000a9c00000, 0x00000000a9c00000| Complete 
| 157|0x00000000a9d00000, 0x00000000a9e00000, 0x00000000a9e00000|100%| E|CS|TAMS 0x00000000a9d00000, 0x00000000a9d00000| Complete 
| 158|0x00000000a9e00000, 0x00000000a9f00000, 0x00000000a9f00000|100%| E|CS|TAMS 0x00000000a9e00000, 0x00000000a9e00000| Complete 
| 159|0x00000000a9f00000, 0x00000000aa000000, 0x00000000aa000000|100%| E|CS|TAMS 0x00000000a9f00000, 0x00000000a9f00000| Complete 
| 160|0x00000000aa000000, 0x00000000aa100000, 0x00000000aa100000|100%| E|CS|TAMS 0x00000000aa000000, 0x00000000aa000000| Complete 
| 161|0x00000000aa100000, 0x00000000aa200000, 0x00000000aa200000|100%| E|CS|TAMS 0x00000000aa100000, 0x00000000aa100000| Complete 
| 162|0x00000000aa200000, 0x00000000aa300000, 0x00000000aa300000|100%| E|CS|TAMS 0x00000000aa200000, 0x00000000aa200000| Complete 
| 163|0x00000000aa300000, 0x00000000aa400000, 0x00000000aa400000|100%| E|CS|TAMS 0x00000000aa300000, 0x00000000aa300000| Complete 
| 164|0x00000000aa400000, 0x00000000aa500000, 0x00000000aa500000|100%| E|CS|TAMS 0x00000000aa400000, 0x00000000aa400000| Complete 
| 165|0x00000000aa500000, 0x00000000aa600000, 0x00000000aa600000|100%| E|CS|TAMS 0x00000000aa500000, 0x00000000aa500000| Complete 
| 166|0x00000000aa600000, 0x00000000aa700000, 0x00000000aa700000|100%| E|CS|TAMS 0x00000000aa600000, 0x00000000aa600000| Complete 
| 167|0x00000000aa700000, 0x00000000aa800000, 0x00000000aa800000|100%| E|CS|TAMS 0x00000000aa700000, 0x00000000aa700000| Complete 
| 168|0x00000000aa800000, 0x00000000aa900000, 0x00000000aa900000|100%| E|CS|TAMS 0x00000000aa800000, 0x00000000aa800000| Complete 
| 169|0x00000000aa900000, 0x00000000aaa00000, 0x00000000aaa00000|100%| E|CS|TAMS 0x00000000aa900000, 0x00000000aa900000| Complete 
| 170|0x00000000aaa00000, 0x00000000aab00000, 0x00000000aab00000|100%| E|CS|TAMS 0x00000000aaa00000, 0x00000000aaa00000| Complete 
| 171|0x00000000aab00000, 0x00000000aac00000, 0x00000000aac00000|100%| E|CS|TAMS 0x00000000aab00000, 0x00000000aab00000| Complete 
| 172|0x00000000aac00000, 0x00000000aad00000, 0x00000000aad00000|100%| E|CS|TAMS 0x00000000aac00000, 0x00000000aac00000| Complete 
| 173|0x00000000aad00000, 0x00000000aae00000, 0x00000000aae00000|100%| E|CS|TAMS 0x00000000aad00000, 0x00000000aad00000| Complete 
| 174|0x00000000aae00000, 0x00000000aaf00000, 0x00000000aaf00000|100%| E|CS|TAMS 0x00000000aae00000, 0x00000000aae00000| Complete 
| 175|0x00000000aaf00000, 0x00000000ab000000, 0x00000000ab000000|100%| E|CS|TAMS 0x00000000aaf00000, 0x00000000aaf00000| Complete 
| 176|0x00000000ab000000, 0x00000000ab100000, 0x00000000ab100000|100%| E|CS|TAMS 0x00000000ab000000, 0x00000000ab000000| Complete 
| 177|0x00000000ab100000, 0x00000000ab200000, 0x00000000ab200000|100%| E|CS|TAMS 0x00000000ab100000, 0x00000000ab100000| Complete 
| 178|0x00000000ab200000, 0x00000000ab300000, 0x00000000ab300000|100%| E|CS|TAMS 0x00000000ab200000, 0x00000000ab200000| Complete 
| 179|0x00000000ab300000, 0x00000000ab400000, 0x00000000ab400000|100%| E|CS|TAMS 0x00000000ab300000, 0x00000000ab300000| Complete 
| 180|0x00000000ab400000, 0x00000000ab500000, 0x00000000ab500000|100%| E|CS|TAMS 0x00000000ab400000, 0x00000000ab400000| Complete 
| 181|0x00000000ab500000, 0x00000000ab600000, 0x00000000ab600000|100%| E|CS|TAMS 0x00000000ab500000, 0x00000000ab500000| Complete 
| 182|0x00000000ab600000, 0x00000000ab700000, 0x00000000ab700000|100%| E|CS|TAMS 0x00000000ab600000, 0x00000000ab600000| Complete 
| 183|0x00000000ab700000, 0x00000000ab800000, 0x00000000ab800000|100%| E|CS|TAMS 0x00000000ab700000, 0x00000000ab700000| Complete 
| 184|0x00000000ab800000, 0x00000000ab900000, 0x00000000ab900000|100%| E|CS|TAMS 0x00000000ab800000, 0x00000000ab800000| Complete 
| 185|0x00000000ab900000, 0x00000000aba00000, 0x00000000aba00000|100%| E|CS|TAMS 0x00000000ab900000, 0x00000000ab900000| Complete 
| 186|0x00000000aba00000, 0x00000000abb00000, 0x00000000abb00000|100%| E|CS|TAMS 0x00000000aba00000, 0x00000000aba00000| Complete 
| 187|0x00000000abb00000, 0x00000000abc00000, 0x00000000abc00000|100%| E|CS|TAMS 0x00000000abb00000, 0x00000000abb00000| Complete 
| 188|0x00000000abc00000, 0x00000000abd00000, 0x00000000abd00000|100%| E|CS|TAMS 0x00000000abc00000, 0x00000000abc00000| Complete 
| 189|0x00000000abd00000, 0x00000000abe00000, 0x00000000abe00000|100%| E|CS|TAMS 0x00000000abd00000, 0x00000000abd00000| Complete 
| 190|0x00000000abe00000, 0x00000000abf00000, 0x00000000abf00000|100%| E|CS|TAMS 0x00000000abe00000, 0x00000000abe00000| Complete 
| 191|0x00000000abf00000, 0x00000000ac000000, 0x00000000ac000000|100%| E|CS|TAMS 0x00000000abf00000, 0x00000000abf00000| Complete 
| 192|0x00000000ac000000, 0x00000000ac100000, 0x00000000ac100000|100%| E|CS|TAMS 0x00000000ac000000, 0x00000000ac000000| Complete 
| 193|0x00000000ac100000, 0x00000000ac200000, 0x00000000ac200000|100%| E|CS|TAMS 0x00000000ac100000, 0x00000000ac100000| Complete 
| 194|0x00000000ac200000, 0x00000000ac300000, 0x00000000ac300000|100%| E|CS|TAMS 0x00000000ac200000, 0x00000000ac200000| Complete 
| 195|0x00000000ac300000, 0x00000000ac400000, 0x00000000ac400000|100%| E|CS|TAMS 0x00000000ac300000, 0x00000000ac300000| Complete 
| 196|0x00000000ac400000, 0x00000000ac500000, 0x00000000ac500000|100%| E|CS|TAMS 0x00000000ac400000, 0x00000000ac400000| Complete 
| 197|0x00000000ac500000, 0x00000000ac600000, 0x00000000ac600000|100%| E|CS|TAMS 0x00000000ac500000, 0x00000000ac500000| Complete 
| 198|0x00000000ac600000, 0x00000000ac700000, 0x00000000ac700000|100%| E|CS|TAMS 0x00000000ac600000, 0x00000000ac600000| Complete 
| 199|0x00000000ac700000, 0x00000000ac800000, 0x00000000ac800000|100%| E|CS|TAMS 0x00000000ac700000, 0x00000000ac700000| Complete 
| 200|0x00000000ac800000, 0x00000000ac900000, 0x00000000ac900000|100%| E|CS|TAMS 0x00000000ac800000, 0x00000000ac800000| Complete 
| 201|0x00000000ac900000, 0x00000000aca00000, 0x00000000aca00000|100%| E|CS|TAMS 0x00000000ac900000, 0x00000000ac900000| Complete 
| 202|0x00000000aca00000, 0x00000000acb00000, 0x00000000acb00000|100%| E|CS|TAMS 0x00000000aca00000, 0x00000000aca00000| Complete 
| 203|0x00000000acb00000, 0x00000000acc00000, 0x00000000acc00000|100%| E|CS|TAMS 0x00000000acb00000, 0x00000000acb00000| Complete 
| 204|0x00000000acc00000, 0x00000000acd00000, 0x00000000acd00000|100%| E|CS|TAMS 0x00000000acc00000, 0x00000000acc00000| Complete 
| 205|0x00000000acd00000, 0x00000000ace00000, 0x00000000ace00000|100%| E|CS|TAMS 0x00000000acd00000, 0x00000000acd00000| Complete 
| 206|0x00000000ace00000, 0x00000000acf00000, 0x00000000acf00000|100%| E|CS|TAMS 0x00000000ace00000, 0x00000000ace00000| Complete 
| 207|0x00000000acf00000, 0x00000000ad000000, 0x00000000ad000000|100%| E|CS|TAMS 0x00000000acf00000, 0x00000000acf00000| Complete 
| 208|0x00000000ad000000, 0x00000000ad100000, 0x00000000ad100000|100%| E|CS|TAMS 0x00000000ad000000, 0x00000000ad000000| Complete 
| 209|0x00000000ad100000, 0x00000000ad200000, 0x00000000ad200000|100%| E|CS|TAMS 0x00000000ad100000, 0x00000000ad100000| Complete 
| 210|0x00000000ad200000, 0x00000000ad300000, 0x00000000ad300000|100%| E|CS|TAMS 0x00000000ad200000, 0x00000000ad200000| Complete 
| 211|0x00000000ad300000, 0x00000000ad400000, 0x00000000ad400000|100%| E|CS|TAMS 0x00000000ad300000, 0x00000000ad300000| Complete 
| 212|0x00000000ad400000, 0x00000000ad500000, 0x00000000ad500000|100%| E|CS|TAMS 0x00000000ad400000, 0x00000000ad400000| Complete 
| 213|0x00000000ad500000, 0x00000000ad600000, 0x00000000ad600000|100%| E|CS|TAMS 0x00000000ad500000, 0x00000000ad500000| Complete 
| 214|0x00000000ad600000, 0x00000000ad700000, 0x00000000ad700000|100%| E|CS|TAMS 0x00000000ad600000, 0x00000000ad600000| Complete 
| 215|0x00000000ad700000, 0x00000000ad800000, 0x00000000ad800000|100%| E|CS|TAMS 0x00000000ad700000, 0x00000000ad700000| Complete 
| 216|0x00000000ad800000, 0x00000000ad900000, 0x00000000ad900000|100%| E|CS|TAMS 0x00000000ad800000, 0x00000000ad800000| Complete 
| 217|0x00000000ad900000, 0x00000000ada00000, 0x00000000ada00000|100%| E|CS|TAMS 0x00000000ad900000, 0x00000000ad900000| Complete 
| 218|0x00000000ada00000, 0x00000000adb00000, 0x00000000adb00000|100%| E|CS|TAMS 0x00000000ada00000, 0x00000000ada00000| Complete 
| 219|0x00000000adb00000, 0x00000000adc00000, 0x00000000adc00000|100%| E|CS|TAMS 0x00000000adb00000, 0x00000000adb00000| Complete 
| 220|0x00000000adc00000, 0x00000000add00000, 0x00000000add00000|100%| E|CS|TAMS 0x00000000adc00000, 0x00000000adc00000| Complete 
| 221|0x00000000add00000, 0x00000000ade00000, 0x00000000ade00000|100%| E|CS|TAMS 0x00000000add00000, 0x00000000add00000| Complete 

Card table byte_map: [0x0000020e418c0000,0x0000020e41bc0000] _byte_map_base: 0x0000020e413c0000

Marking Bits (Prev, Next): (CMBitMap*) 0x0000020e287f8c38, (CMBitMap*) 0x0000020e287f8c70
 Prev Bits: [0x0000020e41ec0000, 0x0000020e436c0000)
 Next Bits: [0x0000020e436c0000, 0x0000020e44ec0000)

Polling page: 0x0000020e28750000

Metaspace:

Usage:
  Non-class:     50.23 MB capacity,    49.08 MB ( 98%) used,   961.52 KB (  2%) free+waste,   214.50 KB ( <1%) overhead. 
      Class:      8.09 MB capacity,     7.35 MB ( 91%) used,   648.38 KB (  8%) free+waste,   106.06 KB (  1%) overhead. 
       Both:     58.32 MB capacity,    56.43 MB ( 97%) used,     1.57 MB (  3%) free+waste,   320.56 KB ( <1%) overhead. 

Virtual space:
  Non-class space:       52.00 MB reserved,      50.42 MB ( 97%) committed 
      Class space:        1.00 GB reserved,       8.16 MB ( <1%) committed 
             Both:        1.05 GB reserved,      58.58 MB (  5%) committed 

Chunk freelists:
   Non-Class:  1.00 KB
       Class:  0 bytes
        Both:  1.00 KB

CodeHeap 'non-profiled nmethods': size=119168Kb used=2711Kb max_used=2711Kb free=116456Kb
 bounds [0x0000020e391b0000, 0x0000020e39460000, 0x0000020e40610000]
CodeHeap 'profiled nmethods': size=119168Kb used=14473Kb max_used=14473Kb free=104694Kb
 bounds [0x0000020e31d50000, 0x0000020e32b80000, 0x0000020e391b0000]
CodeHeap 'non-nmethods': size=7424Kb used=3368Kb max_used=3400Kb free=4055Kb
 bounds [0x0000020e31610000, 0x0000020e31970000, 0x0000020e31d50000]
 total_blobs=7624 nmethods=6795 adapters=737
 compilation: enabled
              stopped_count=0, restarted_count=0
 full_count=0

Compilation events (10 events):
Event: 7.831 Thread 0x0000020e48972000 nmethod 6617 0x0000020e32acb110 code [0x0000020e32acb3a0, 0x0000020e32acc0c8]
Event: 7.831 Thread 0x0000020e48972000 6618       3       com.google.common.util.concurrent.AbstractFuture::afterDone (1 bytes)
Event: 7.831 Thread 0x0000020e48972000 nmethod 6618 0x0000020e32acc490 code [0x0000020e32acc620, 0x0000020e32acc718]
Event: 7.831 Thread 0x0000020e48972000 6619       3       com.google.common.util.concurrent.AbstractFuture::clearListeners (36 bytes)
Event: 7.833 Thread 0x0000020e4896e000 nmethod 6634 0x0000020e32acc790 code [0x0000020e32acca80, 0x0000020e32acdad8]
Event: 7.833 Thread 0x0000020e4896e000 6620       3       com.google.common.util.concurrent.AbstractFutureState$VarHandleAtomicHelper::gasListeners (9 bytes)
Event: 7.833 Thread 0x0000020e48972000 nmethod 6619 0x0000020e32ace310 code [0x0000020e32ace5c0, 0x0000020e32acf398]
Event: 7.834 Thread 0x0000020e48972000 6636   !   3       com.google.common.cache.LocalCache$Segment::get (210 bytes)
Event: 7.834 Thread 0x0000020e4896e000 nmethod 6620 0x0000020e32acf810 code [0x0000020e32acfaa0, 0x0000020e32ad07c8]
Event: 7.834 Thread 0x0000020e4896e000 6621   !   3       com.google.common.util.concurrent.Uninterruptibles::getUninterruptibly (40 bytes)

GC Heap History (10 events):
Event: 2.650 GC heap before
{Heap before GC invocations=2 (full 0):
 garbage-first heap   total 227328K, used 68131K [0x00000000a0000000, 0x0000000100000000)
  region size 1024K, 64 young (65536K), 14 survivors (14336K)
 Metaspace       used 20822K, capacity 21186K, committed 21296K, reserved 1069056K
  class space    used 2459K, capacity 2645K, committed 2688K, reserved 1048576K
}
Event: 2.660 GC heap after
{Heap after GC invocations=3 (full 0):
 garbage-first heap   total 227328K, used 19439K [0x00000000a0000000, 0x0000000100000000)
  region size 1024K, 2 young (2048K), 2 survivors (2048K)
 Metaspace       used 20822K, capacity 21186K, committed 21296K, reserved 1069056K
  class space    used 2459K, capacity 2645K, committed 2688K, reserved 1048576K
}
Event: 3.793 GC heap before
{Heap before GC invocations=4 (full 0):
 garbage-first heap   total 227328K, used 145391K [0x00000000a0000000, 0x0000000100000000)
  region size 1024K, 126 young (129024K), 2 survivors (2048K)
 Metaspace       used 28392K, capacity 29033K, committed 29104K, reserved 1075200K
  class space    used 3580K, capacity 3817K, committed 3840K, reserved 1048576K
}
Event: 3.795 GC heap after
{Heap after GC invocations=5 (full 0):
 garbage-first heap   total 227328K, used 21734K [0x00000000a0000000, 0x0000000100000000)
  region size 1024K, 5 young (5120K), 5 survivors (5120K)
 Metaspace       used 28392K, capacity 29033K, committed 29104K, reserved 1075200K
  class space    used 3580K, capacity 3817K, committed 3840K, reserved 1048576K
}
Event: 4.578 GC heap before
{Heap before GC invocations=5 (full 0):
 garbage-first heap   total 227328K, used 135398K [0x00000000a0000000, 0x0000000100000000)
  region size 1024K, 117 young (119808K), 5 survivors (5120K)
 Metaspace       used 35014K, capacity 35859K, committed 35920K, reserved 1081344K
  class space    used 4610K, capacity 4996K, committed 5024K, reserved 1048576K
}
Event: 4.583 GC heap after
{Heap after GC invocations=6 (full 0):
 garbage-first heap   total 227328K, used 24320K [0x00000000a0000000, 0x0000000100000000)
  region size 1024K, 7 young (7168K), 7 survivors (7168K)
 Metaspace       used 35014K, capacity 35859K, committed 35920K, reserved 1081344K
  class space    used 4610K, capacity 4996K, committed 5024K, reserved 1048576K
}
Event: 5.898 GC heap before
{Heap before GC invocations=7 (full 0):
 garbage-first heap   total 227328K, used 157440K [0x00000000a0000000, 0x0000000100000000)
  region size 1024K, 133 young (136192K), 7 survivors (7168K)
 Metaspace       used 45897K, capacity 47081K, committed 47312K, reserved 1089536K
  class space    used 5867K, capacity 6376K, committed 6432K, reserved 1048576K
}
Event: 5.905 GC heap after
{Heap after GC invocations=8 (full 0):
 garbage-first heap   total 227328K, used 32371K [0x00000000a0000000, 0x0000000100000000)
  region size 1024K, 15 young (15360K), 15 survivors (15360K)
 Metaspace       used 45897K, capacity 47081K, committed 47312K, reserved 1089536K
  class space    used 5867K, capacity 6376K, committed 6432K, reserved 1048576K
}
Event: 6.765 GC heap before
{Heap before GC invocations=8 (full 0):
 garbage-first heap   total 227328K, used 154227K [0x00000000a0000000, 0x0000000100000000)
  region size 1024K, 133 young (136192K), 15 survivors (15360K)
 Metaspace       used 52519K, capacity 54090K, committed 54224K, reserved 1095680K
  class space    used 6817K, capacity 7416K, committed 7456K, reserved 1048576K
}
Event: 6.772 GC heap after
{Heap after GC invocations=9 (full 0):
 garbage-first heap   total 227328K, used 36258K [0x00000000a0000000, 0x0000000100000000)
  region size 1024K, 13 young (13312K), 13 survivors (13312K)
 Metaspace       used 52519K, capacity 54090K, committed 54224K, reserved 1095680K
  class space    used 6817K, capacity 7416K, committed 7456K, reserved 1048576K
}

Deoptimization events (10 events):
Event: 6.715 Thread 0x0000020e49b09000 Uncommon trap: reason=unstable_if action=reinterpret pc=0x0000020e3939e4e4 method=org.objectweb.asm.Frame.execute(IILorg/objectweb/asm/Symbol;Lorg/objectweb/asm/SymbolTable;)V @ 1 c2
Event: 7.600 Thread 0x0000020e49b09000 Uncommon trap: reason=class_check action=maybe_recompile pc=0x0000020e392dd5b4 method=java.util.Collections$SetFromMap.remove(Ljava/lang/Object;)Z @ 5 c2
Event: 7.628 Thread 0x0000020e4c5bb000 Uncommon trap: reason=class_check action=maybe_recompile pc=0x0000020e392f5fdc method=java.util.concurrent.ConcurrentHashMap.putVal(Ljava/lang/Object;Ljava/lang/Object;Z)Ljava/lang/Object; @ 159 c2
Event: 7.628 Thread 0x0000020e4c5bb000 Uncommon trap: reason=speculate_null_assert action=make_not_entrant pc=0x0000020e3930ba84 method=java.lang.invoke.MethodType$ConcurrentWeakInternSet.add(Ljava/lang/Object;)Ljava/lang/Object; @ 47 c2
Event: 7.628 Thread 0x0000020e4ee9a800 Uncommon trap: reason=unstable_if action=reinterpret pc=0x0000020e392f5cf0 method=java.util.concurrent.ConcurrentHashMap.addCount(JI)V @ 34 c2
Event: 7.629 Thread 0x0000020e4ee99800 Uncommon trap: reason=unstable_if action=reinterpret pc=0x0000020e392f5cf0 method=java.util.concurrent.ConcurrentHashMap.addCount(JI)V @ 34 c2
Event: 7.631 Thread 0x0000020e4ee9d000 Uncommon trap: reason=unstable_if action=reinterpret pc=0x0000020e392669b0 method=java.util.concurrent.ConcurrentHashMap.addCount(JI)V @ 34 c2
Event: 7.631 Thread 0x0000020e4c5bf000 Uncommon trap: reason=unstable_if action=reinterpret pc=0x0000020e392669b0 method=java.util.concurrent.ConcurrentHashMap.addCount(JI)V @ 34 c2
Event: 7.769 Thread 0x0000020e49b09000 Uncommon trap: reason=unstable_if action=reinterpret pc=0x0000020e392c7c48 method=java.util.concurrent.ConcurrentHashMap.get(Ljava/lang/Object;)Ljava/lang/Object; @ 86 c2
Event: 7.795 Thread 0x0000020e4eea7800 Uncommon trap: reason=unstable_if action=reinterpret pc=0x0000020e3943164c method=java.util.concurrent.ConcurrentHashMap.computeIfAbsent(Ljava/lang/Object;Ljava/util/function/Function;)Ljava/lang/Object; @ 279 c2

Classes redefined (0 events):
No events

Internal exceptions (10 events):
Event: 7.047 Thread 0x0000020e49b09000 Exception <a 'java/lang/NoSuchMethodError'{0x00000000ab65d470}: java.lang.invoke.DirectMethodHandle$Holder.invokeStatic(Ljava/lang/Object;Ljava/lang/Object;Ljava/lang/Object;ILjava/lang/Object;)Ljava/lang/Object;> (0x00000000ab65d470) thrown at [./open/sr
Event: 7.047 Thread 0x0000020e49b09000 Exception <a 'java/lang/NoSuchMethodError'{0x00000000ab661628}: java.lang.invoke.Invokers$Holder.linkToTargetMethod(Ljava/lang/Object;Ljava/lang/Object;ILjava/lang/Object;Ljava/lang/Object;)Ljava/lang/Object;> (0x00000000ab661628) thrown at [./open/src/ho
Event: 7.138 Thread 0x0000020e49b09000 Exception <a 'java/lang/NoSuchMethodError'{0x00000000aa81a118}: java.lang.invoke.DirectMethodHandle$Holder.invokeSpecialIFC(Ljava/lang/Object;Ljava/lang/Object;Ljava/lang/Object;)I> (0x00000000aa81a118) thrown at [./open/src/hotspot/share/interpreter/link
Event: 7.572 Thread 0x0000020e49b09000 Exception <a 'java/lang/NoSuchMethodError'{0x00000000a92bac78}: java.lang.invoke.DirectMethodHandle$Holder.invokeStatic(Ljava/lang/Object;Ljava/lang/Object;JLjava/lang/Object;)Ljava/lang/Object;> (0x00000000a92bac78) thrown at [./open/src/hotspot/share/in
Event: 7.573 Thread 0x0000020e49b09000 Exception <a 'java/lang/NoSuchMethodError'{0x00000000a92bf170}: java.lang.invoke.DirectMethodHandle$Holder.invokeSpecial(Ljava/lang/Object;Ljava/lang/Object;Ljava/lang/Object;JLjava/lang/Object;)Ljava/lang/Object;> (0x00000000a92bf170) thrown at [./open/s
Event: 7.573 Thread 0x0000020e49b09000 Exception <a 'java/lang/NoSuchMethodError'{0x00000000a92c31c8}: java.lang.invoke.Invokers$Holder.linkToTargetMethod(Ljava/lang/Object;JLjava/lang/Object;Ljava/lang/Object;)Ljava/lang/Object;> (0x00000000a92c31c8) thrown at [./open/src/hotspot/share/interp
Event: 7.577 Thread 0x0000020e49b09000 Exception <a 'java/lang/NoSuchMethodError'{0x00000000a912e3c0}: java.lang.invoke.DirectMethodHandle$Holder.invokeStatic(Ljava/lang/Object;Ljava/lang/Object;Ljava/lang/Object;ILjava/lang/Object;)V> (0x00000000a912e3c0) thrown at [./open/src/hotspot/share/i
Event: 7.606 Thread 0x0000020e49b09000 Exception <a 'java/lang/NoSuchMethodError'{0x00000000a8e63130}: java.lang.invoke.DirectMethodHandle$Holder.invokeInterface(Ljava/lang/Object;Ljava/lang/Object;Ljava/lang/Object;Ljava/lang/Object;Ljava/lang/Object;)I> (0x00000000a8e63130) thrown at [./open
Event: 7.721 Thread 0x0000020e49b09000 Exception <a 'java/lang/NoSuchMethodError'{0x00000000a80732a0}: java.lang.invoke.DirectMethodHandle$Holder.invokeStatic(Ljava/lang/Object;Ljava/lang/Object;Ljava/lang/Object;Ljava/lang/Object;ILjava/lang/Object;)Ljava/lang/Object;> (0x00000000a80732a0) th
Event: 7.721 Thread 0x0000020e49b09000 Exception <a 'java/lang/NoSuchMethodError'{0x00000000a807b1a0}: java.lang.invoke.Invokers$Holder.linkToTargetMethod(Ljava/lang/Object;Ljava/lang/Object;Ljava/lang/Object;ILjava/lang/Object;Ljava/lang/Object;)Ljava/lang/Object;> (0x00000000a807b1a0) thrown

Events (10 events):
Event: 7.829 Executing VM operation: RevokeBias done
Event: 7.830 Executing VM operation: RevokeBias
Event: 7.830 Executing VM operation: RevokeBias done
Event: 7.831 Executing VM operation: RevokeBias
Event: 7.832 Executing VM operation: RevokeBias done
Event: 7.833 Executing VM operation: RevokeBias
Event: 7.833 Executing VM operation: RevokeBias done
Event: 7.834 Executing VM operation: RevokeBias
Event: 7.835 Executing VM operation: RevokeBias done
Event: 7.836 Executing VM operation: RevokeBias


Dynamic libraries:
0x00007ff67f5e0000 - 0x00007ff67f5ef000 	C:\Program Files\Java\jdk-11.0.16\bin\java.exe
0x00007ffe53a40000 - 0x00007ffe53ca6000 	C:\WINDOWS\SYSTEM32\ntdll.dll
0x00007ffe52a60000 - 0x00007ffe52b29000 	C:\WINDOWS\System32\KERNEL32.DLL
0x00007ffe51170000 - 0x00007ffe51570000 	C:\WINDOWS\System32\KERNELBASE.dll
0x00007ffe51580000 - 0x00007ffe516cc000 	C:\WINDOWS\System32\ucrtbase.dll
0x00007ffe403c0000 - 0x00007ffe403d8000 	C:\Program Files\Java\jdk-11.0.16\bin\jli.dll
0x00007ffe3d0c0000 - 0x00007ffe3d0d5000 	C:\Program Files\Java\jdk-11.0.16\bin\VCRUNTIME140.dll
0x00007ffe53600000 - 0x00007ffe536b7000 	C:\WINDOWS\System32\ADVAPI32.dll
0x00007ffe52bd0000 - 0x00007ffe52c79000 	C:\WINDOWS\System32\msvcrt.dll
0x00007ffe53950000 - 0x00007ffe539fa000 	C:\WINDOWS\System32\sechost.dll
0x00007ffe52710000 - 0x00007ffe52828000 	C:\WINDOWS\System32\RPCRT4.dll
0x00007ffe536c0000 - 0x00007ffe53887000 	C:\WINDOWS\System32\USER32.dll
0x00007ffe37aa0000 - 0x00007ffe37d32000 	C:\WINDOWS\WinSxS\amd64_microsoft.windows.common-controls_6595b64144ccf1df_6.0.26100.8737_none_3e092eaee333b772\COMCTL32.dll
0x00007ffe51140000 - 0x00007ffe51167000 	C:\WINDOWS\System32\win32u.dll
0x00007ffe52c80000 - 0x00007ffe52cab000 	C:\WINDOWS\System32\GDI32.dll
0x00007ffe50c60000 - 0x00007ffe50d89000 	C:\WINDOWS\System32\gdi32full.dll
0x00007ffe50f10000 - 0x00007ffe50fb3000 	C:\WINDOWS\System32\msvcp_win.dll
0x00007ffe47f50000 - 0x00007ffe47f5b000 	C:\WINDOWS\SYSTEM32\VERSION.dll
0x00007ffe52060000 - 0x00007ffe52092000 	C:\WINDOWS\System32\IMM32.DLL
0x00007ffdf4460000 - 0x00007ffdf44fb000 	C:\Program Files\Java\jdk-11.0.16\bin\msvcp140.dll
0x00007ffd92f30000 - 0x00007ffd93a48000 	C:\Program Files\Java\jdk-11.0.16\bin\server\jvm.dll
0x00007ffe51ff0000 - 0x00007ffe51ff8000 	C:\WINDOWS\System32\PSAPI.DLL
0x00007ffe47ed0000 - 0x00007ffe47f06000 	C:\WINDOWS\SYSTEM32\WINMM.dll
0x00007ffe30670000 - 0x00007ffe3067a000 	C:\WINDOWS\SYSTEM32\WSOCK32.dll
0x00007ffe52b30000 - 0x00007ffe52bb0000 	C:\WINDOWS\System32\WS2_32.dll
0x00007ffe4f910000 - 0x00007ffe4f92b000 	C:\WINDOWS\SYSTEM32\kernel.appcore.dll
0x00007ffe3d7b0000 - 0x00007ffe3d7c0000 	C:\Program Files\Java\jdk-11.0.16\bin\verify.dll
0x00007ffe4e2a0000 - 0x00007ffe4e4e2000 	C:\WINDOWS\SYSTEM32\DBGHELP.DLL
0x00007ffe53140000 - 0x00007ffe534c3000 	C:\WINDOWS\System32\combase.dll
0x00007ffe51f10000 - 0x00007ffe51fe9000 	C:\WINDOWS\System32\OLEAUT32.dll
0x00007ffe37750000 - 0x00007ffe3778b000 	C:\WINDOWS\SYSTEM32\dbgcore.DLL
0x00007ffe50fc0000 - 0x00007ffe5106c000 	C:\WINDOWS\System32\bcryptPrimitives.dll
0x00007ffe29db0000 - 0x00007ffe29dd8000 	C:\Program Files\Java\jdk-11.0.16\bin\java.dll
0x00007ffe3d0b0000 - 0x00007ffe3d0ba000 	C:\Program Files\Java\jdk-11.0.16\bin\jimage.dll
0x00007ffe3d0a0000 - 0x00007ffe3d0ae000 	C:\Program Files\Java\jdk-11.0.16\bin\instrument.dll
0x00007ffe30d40000 - 0x00007ffe30d56000 	C:\Program Files\Java\jdk-11.0.16\bin\zip.dll
0x00007ffe51770000 - 0x00007ffe51f02000 	C:\WINDOWS\System32\SHELL32.dll
0x00007ffe4e6c0000 - 0x00007ffe4ef52000 	C:\WINDOWS\SYSTEM32\windows.storage.dll
0x00007ffe534d0000 - 0x00007ffe535c7000 	C:\WINDOWS\System32\SHCORE.dll
0x00007ffe52210000 - 0x00007ffe52277000 	C:\WINDOWS\System32\shlwapi.dll
0x00007ffe50b80000 - 0x00007ffe50ba9000 	C:\WINDOWS\SYSTEM32\profapi.dll
0x00007ffe29800000 - 0x00007ffe29819000 	C:\Program Files\Java\jdk-11.0.16\bin\net.dll
0x00007ffe49fa0000 - 0x00007ffe4a0c9000 	C:\WINDOWS\SYSTEM32\WINHTTP.dll
0x00007ffe4fed0000 - 0x00007ffe4ff3c000 	C:\WINDOWS\system32\mswsock.dll
0x00007ffe26c20000 - 0x00007ffe26c32000 	C:\Program Files\Java\jdk-11.0.16\bin\nio.dll
0x00007ffda6cf0000 - 0x00007ffda6d17000 	C:\Users\santh\.gradle\native\1def1411415f61bf3af743bc5b6707747c0891f09f0c88961ee8f79bc544acac\windows-amd64\native-platform.dll
0x00007ffdf4050000 - 0x00007ffdf40c8000 	C:\Users\santh\.gradle\native\0.2.7\x86_64-windows-gnu\gradle-fileevents.dll
0x00007ffe3bd40000 - 0x00007ffe3bd49000 	C:\Program Files\Java\jdk-11.0.16\bin\management.dll
0x00007ffe3b9a0000 - 0x00007ffe3b9ab000 	C:\Program Files\Java\jdk-11.0.16\bin\management_ext.dll
0x00007ffe4f2b0000 - 0x00007ffe4f2e3000 	C:\WINDOWS\SYSTEM32\IPHLPAPI.DLL
0x00007ffe52bc0000 - 0x00007ffe52bca000 	C:\WINDOWS\System32\NSI.dll
0x00007ffe4aac0000 - 0x00007ffe4aadd000 	C:\WINDOWS\SYSTEM32\dhcpcsvc6.DLL
0x00007ffe4aa90000 - 0x00007ffe4aab5000 	C:\WINDOWS\SYSTEM32\dhcpcsvc.DLL
0x00007ffe4f340000 - 0x00007ffe4f495000 	C:\WINDOWS\SYSTEM32\DNSAPI.dll
0x00007ffe4fcd0000 - 0x00007ffe4fcdd000 	C:\WINDOWS\SYSTEM32\DSPARSE.dll
0x00007ffe50210000 - 0x00007ffe5022b000 	C:\WINDOWS\SYSTEM32\CRYPTSP.dll
0x00007ffe4f870000 - 0x00007ffe4f8a9000 	C:\WINDOWS\system32\rsaenh.dll
0x00007ffe4ffb0000 - 0x00007ffe4ffe2000 	C:\WINDOWS\SYSTEM32\USERENV.dll
0x00007ffe50b50000 - 0x00007ffe50b7a000 	C:\WINDOWS\SYSTEM32\bcrypt.dll
0x00007ffe501f0000 - 0x00007ffe501fc000 	C:\WINDOWS\SYSTEM32\CRYPTBASE.dll

dbghelp: loaded successfully - version: 4.0.5 - missing functions: none
symbol engine: initialized successfully - sym options: 0x614 - pdb path: .;C:\Program Files\Java\jdk-11.0.16\bin;C:\WINDOWS\SYSTEM32;C:\WINDOWS\WinSxS\amd64_microsoft.windows.common-controls_6595b64144ccf1df_6.0.26100.8737_none_3e092eaee333b772;C:\Program Files\Java\jdk-11.0.16\bin\server;C:\Users\santh\.gradle\native\1def1411415f61bf3af743bc5b6707747c0891f09f0c88961ee8f79bc544acac\windows-amd64;C:\Users\santh\.gradle\native\0.2.7\x86_64-windows-gnu

VM Arguments:
jvm_args: --add-opens=java.base/java.lang=ALL-UNNAMED --add-opens=java.base/java.lang.invoke=ALL-UNNAMED --add-opens=java.base/java.util=ALL-UNNAMED --add-opens=java.prefs/java.util.prefs=ALL-UNNAMED --add-exports=jdk.compiler/com.sun.tools.javac.api=ALL-UNNAMED --add-exports=jdk.compiler/com.sun.tools.javac.util=ALL-UNNAMED --add-opens=java.base/java.util=ALL-UNNAMED --add-opens=java.prefs/java.util.prefs=ALL-UNNAMED --add-opens=java.base/java.nio.charset=ALL-UNNAMED --add-opens=java.base/java.net=ALL-UNNAMED --add-opens=java.base/java.util.concurrent.atomic=ALL-UNNAMED --add-opens=java.xml/javax.xml.namespace=ALL-UNNAMED -Xmx1536m -Dfile.encoding=UTF-8 -Duser.country=US -Duser.language=en -Duser.variant -javaagent:C:\Users\santh\.gradle\wrapper\dists\gradle-8.14.3-all\10utluxaxniiv4wxiphsi49nj\gradle-8.14.3\lib\agents\gradle-instrumentation-agent-8.14.3.jar 
java_command: org.gradle.launcher.daemon.bootstrap.GradleDaemon 8.14.3
java_class_path (initial): C:\Users\santh\.gradle\wrapper\dists\gradle-8.14.3-all\10utluxaxniiv4wxiphsi49nj\gradle-8.14.3\lib\gradle-daemon-main-8.14.3.jar
Launcher Type: SUN_STANDARD

[Global flags]
     intx CICompilerCount                          = 12                                        {product} {ergonomic}
     uint ConcGCThreads                            = 3                                         {product} {ergonomic}
     uint G1ConcRefinementThreads                  = 13                                        {product} {ergonomic}
   size_t G1HeapRegionSize                         = 1048576                                   {product} {ergonomic}
    uintx GCDrainStackTargetSize                   = 64                                        {product} {ergonomic}
   size_t InitialHeapSize                          = 232783872                                 {product} {ergonomic}
   size_t MarkStackSize                            = 4194304                                   {product} {ergonomic}
   size_t MaxHeapSize                              = 1610612736                                {product} {command line}
   size_t MaxNewSize                               = 965738496                                 {product} {ergonomic}
   size_t MinHeapDeltaBytes                        = 1048576                                   {product} {ergonomic}
    uintx NonNMethodCodeHeapSize                   = 7594288                                {pd product} {ergonomic}
    uintx NonProfiledCodeHeapSize                  = 122031976                              {pd product} {ergonomic}
    uintx ProfiledCodeHeapSize                     = 122031976                              {pd product} {ergonomic}
    uintx ReservedCodeCacheSize                    = 251658240                              {pd product} {ergonomic}
     bool SegmentedCodeCache                       = true                                      {product} {ergonomic}
     bool UseCompressedClassPointers               = true                                 {lp64_product} {ergonomic}
     bool UseCompressedOops                        = true                                 {lp64_product} {ergonomic}
     bool UseG1GC                                  = true                                      {product} {ergonomic}
     bool UseLargePagesIndividualAllocation        = false                                  {pd product} {ergonomic}

Logging:
Log output configuration:
 #0: stdout all=warning uptime,level,tags
 #1: stderr all=off uptime,level,tags

Environment Variables:
JAVA_HOME=C:\Program Files\Java
PATH=C:\app\santh\product\21c\dbhomeXE\bin;C:\Program Files\Common Files\Oracle\Java\javapath;C:\Windows\system32;C:\Windows;C:\Windows\System32\Wbem;C:\Windows\System32\WindowsPowerShell\v1.0\;C:\Windows\System32\OpenSSH\;C:\Program Files (x86)\NVIDIA Corporation\PhysX\Common;C:\Program Files\NVIDIA Corporation\NVIDIA NvDLISR;C:\WINDOWS\system32;C:\WINDOWS;C:\WINDOWS\System32\Wbem;C:\WINDOWS\System32\WindowsPowerShell\v1.0\;C:\WINDOWS\System32\OpenSSH\;C:\Program Files\Amazon\AWSCLIV2\;C:\Program Files\PuTTY\;C:\Program Files\nodejs\;C:\Program Files\Git\cmd;C:\Program Files\Java\jdk-21_windows-x64_bin\jdk-21.0.10\bin;;C:\Program Files\Docker\Docker\resources\bin;C:\Users\santh\AppData\Local\Microsoft\WindowsApps;C:\Program Files\Java\jdk-11.0.16\bin;C:\Users\santh\AppData\Roaming\npm;C:\Users\santh\AppData\Local\Programs\Microsoft VS Code\bin;C:\Users\santh\AppData\Local\GitHubDesktop\bin
USERNAME=santh
OS=Windows_NT
PROCESSOR_IDENTIFIER=AMD64 Family 25 Model 80 Stepping 0, AuthenticAMD



---------------  S Y S T E M  ---------------

OS: Windows 11 , 64 bit Build 26100 (10.0.26100.8737)
Hyper-V role detected

CPU:total 16 (initial active 16) (16 cores per cpu, 2 threads per core) family 25 model 80 stepping 0 microcode 0xa50000c, cmov, cx8, fxsr, mmx, sse, sse2, sse3, ssse3, sse4.1, sse4.2, popcnt, avx, avx2, aes, clmul, erms, mmxext, 3dnowpref, lzcnt, sse4a, ht, tsc, tscinvbit, tscinv, bmi1,

Memory: 4k page, system-wide physical 14188M (269M free)
TotalPageFile size 57196M (AvailPageFile size 7M)
current process WorkingSet (physical memory assigned to process): 360M, peak: 360M
current process commit charge ("private bytes"): 455M, peak: 460M

vm_info: Java HotSpot(TM) 64-Bit Server VM (11.0.16+11-LTS-199) for windows-amd64 JRE (11.0.16+11-LTS-199), built on Jun 28 2022 08:23:17 by "mach5one" with MS VC++ 15.9 (VS2017)

END.
